wrote /var/folders/rs/k20kkfj95cq_ph554v_g_g480000gn/T/arlabosse95-replay-blc9o010/extraction/facts.json
1 0.10 candidate_reading 0.364680737376436 [0.3421686746987952, 0.3870192307692308] []
1 0.15 candidate_reading 0.518567993588031 [0.5108433734939759, 0.5264423076923077] []
1 0.20 candidate_reading 0.5979161100721346 [0.5927710843373494, 0.6033653846153846] []
1 0.30 candidate_reading 0.6940956452043815 [0.6912, 0.6971153846153846] []
1 0.40 candidate_reading 0.7638258081752605 [0.7584, 0.7692307692307693] []
1 0.50 candidate_reading 0.8299492385786802 [0.8256, 0.8341346153846154] []
1 0.60 candidate_reading 0.8816457387122629 [0.8784, 0.8846153846153846] []
1 0.70 candidate_reading 0.9333422388458456 [0.9288, 0.9375] []
1 0.80 candidate_reading 0.9754207854662036 [0.972, 0.9783653846153846] []
2 0.10 unknown None None ['curve_pixel_footprint_touches_horizontal_grid_footprint']
2 0.15 candidate_reading 2647301.587301587 [2607619.0476190476, 2687619.0476190476] []
2 0.20 candidate_reading 2536825.396825397 [2515923.566878981, 2558095.238095238] []
2 0.30 candidate_reading 2453015.873015873 [2439490.4458598727, 2466666.6666666665] []
2 0.40 candidate_reading 2422539.6825396824 [2408917.1974522294, 2436190.476190476] []
2 0.50 unknown None None ['no_curve_pixels_visible_off_grid']
2 0.60 unknown None None ['curve_pixel_footprint_touches_horizontal_grid_footprint']
2 0.70 candidate_reading 2365396.8253968256 [2355414.0127388537, 2375238.095238095] []
2 0.80 candidate_reading 2353968.253968254 [2340127.388535032, 2367619.0476190476] []
wrote /var/folders/rs/k20kkfj95cq_ph554v_g_g480000gn/T/arlabosse95-replay-blc9o010/review/facts.reviewer_replay.json
1 0.10 candidate_reading 0.364680737376436 [0.3421686746987952, 0.3870192307692308] []
1 0.15 candidate_reading 0.518567993588031 [0.5108433734939759, 0.5264423076923077] []
1 0.20 candidate_reading 0.5979161100721346 [0.5927710843373494, 0.6033653846153846] []
1 0.30 candidate_reading 0.6940956452043815 [0.6912, 0.6971153846153846] []
1 0.40 candidate_reading 0.7638258081752605 [0.7584, 0.7692307692307693] []
1 0.50 candidate_reading 0.8299492385786802 [0.8256, 0.8341346153846154] []
1 0.60 candidate_reading 0.8816457387122629 [0.8784, 0.8846153846153846] []
1 0.70 candidate_reading 0.9333422388458456 [0.9288, 0.9375] []
1 0.80 candidate_reading 0.9754207854662036 [0.972, 0.9783653846153846] []
2 0.10 unknown None None ['curve_pixel_footprint_touches_horizontal_grid_footprint']
2 0.15 candidate_reading 2647301.587301587 [2607619.0476190476, 2687619.0476190476] []
2 0.20 candidate_reading 2536825.396825397 [2515923.566878981, 2558095.238095238] []
2 0.30 candidate_reading 2453015.873015873 [2439490.4458598727, 2466666.6666666665] []
2 0.40 candidate_reading 2422539.6825396824 [2408917.1974522294, 2436190.476190476] []
2 0.50 unknown None None ['no_curve_pixels_visible_off_grid']
2 0.60 unknown None None ['curve_pixel_footprint_touches_horizontal_grid_footprint']
2 0.70 candidate_reading 2365396.8253968256 [2355414.0127388537, 2375238.095238095] []
2 0.80 candidate_reading 2353968.253968254 [2340127.388535032, 2367619.0476190476] []
{
  "status": "pass_for_discrete_candidate_raster_values_only",
  "independence": "own code, no extraction-module import; exact polygon clipping instead of vertex enumeration; same declared raster-footprint convention",
  "axes": 4,
  "tick_groups": 34,
  "observations": [
    {
      "figure": 1,
      "W": "1/10",
      "status": "candidate_reading",
      "pixel_count": 19
    },
    {
      "figure": 1,
      "W": "3/20",
      "status": "candidate_reading",
      "pixel_count": 6
    },
    {
      "figure": 1,
      "W": "1/5",
      "status": "candidate_reading",
      "pixel_count": 4
    },
    {
      "figure": 1,
      "W": "3/10",
      "status": "candidate_reading",
      "pixel_count": 2
    },
    {
      "figure": 1,
      "W": "2/5",
      "status": "candidate_reading",
      "pixel_count": 6
    },
    {
      "figure": 1,
      "W": "1/2",
      "status": "candidate_reading",
      "pixel_count": 5
    },
    {
      "figure": 1,
      "W": "3/5",
      "status": "candidate_reading",
      "pixel_count": 2
    },
    {
      "figure": 1,
      "W": "7/10",
      "status": "candidate_reading",
      "pixel_count": 3
    },
    {
      "figure": 1,
      "W": "4/5",
      "status": "candidate_reading",
      "pixel_count": 3
    },
    {
      "figure": 2,
      "W": "1/10",
      "status": "unknown",
      "pixel_count": 25
    },
    {
      "figure": 2,
      "W": "3/20",
      "status": "candidate_reading",
      "pixel_count": 12
    },
    {
      "figure": 2,
      "W": "1/5",
      "status": "candidate_reading",
      "pixel_count": 8
    },
    {
      "figure": 2,
      "W": "3/10",
      "status": "candidate_reading",
      "pixel_count": 5
    },
    {
      "figure": 2,
      "W": "2/5",
      "status": "candidate_reading",
      "pixel_count": 6
    },
    {
      "figure": 2,
      "W": "1/2",
      "status": "unknown",
      "pixel_count": 0
    },
    {
      "figure": 2,
      "W": "3/5",
      "status": "unknown",
      "pixel_count": 3
    },
    {
      "figure": 2,
      "W": "7/10",
      "status": "candidate_reading",
      "pixel_count": 3
    },
    {
      "figure": 2,
      "W": "4/5",
      "status": "candidate_reading",
      "pixel_count": 7
    }
  ],
  "raw_rgb_pixels_verified": 119,
  "replay_byte_identical": true,
  "facts_sha256": "62156c7da607c8c6a35244e25fdd3ab3810bcee09c7dd5e22796d63cf22b1902",
  "continuous_domain_admitted": null,
  "material_qualified": false
}
Replayed data and independent raster check passed: /var/folders/rs/k20kkfj95cq_ph554v_g_g480000gn/T/arlabosse95-replay-blc9o010
