{
  "verdict": "saved_evidence_consistent_candidate_stopped_at_joint_boundary",
  "source_binding_count": 9,
  "training_points": 117,
  "selected_t0_excluded": 8,
  "selected_sensitivity_recomputed": [
    {
      "raw_condition": 90.28135360856633,
      "normalized_ratio": 0.013572651194851385,
      "smallest": 0.0025908110937478096
    },
    {
      "raw_condition": 90.33049551369646,
      "normalized_ratio": 0.013564773819757113,
      "smallest": 0.0025894521521954723
    },
    {
      "raw_condition": 90.33042598607548,
      "normalized_ratio": 0.013564793099680065,
      "smallest": 0.0025894538624480824
    }
  ],
  "selected_sensitivity_epsilon": 2.3034265903898838e-05,
  "joint_boundary_coordinate": "Ea_over_100000",
  "joint_boundary_distance": 2.220446049250313e-16,
  "joint_sensitivity_present": false,
  "joint_ea_J_mol": 149999.99999999997,
  "joint_tau_s": 729.1683826313189,
  "residual_calls": 391,
  "internal_seconds": 163.24067183298757,
  "supervisor_seconds": 163.56439058302203,
  "audit_seconds": 0.01674141699913889,
  "limitations": [
    "Saved metrics and cumulative outflows are checked; missing full cell/accepted-step arrays cannot be independently replayed.",
    "No solver, optimizer or application module imported; no independent recomputation of forward predictions.",
    "Runtime versions and process timing are saved records; not independently measured during the original run.",
    "50 C excluded line values were not parsed; opaque whole-file hashing remains necessary.",
    "The passing local sensitivity is at the selected tau=600 s profile, not the joint solution."
  ]
}
