{
  "rows": 12,
  "printed_numeric_yield_values": 84,
  "source_sha256": "3b49eae9d37fb2fab1c9097b2c5b2606e9ecbfe60e52f639f6e9ae637b78d536",
  "row_sum_discrepancies": [
    [
      "TG1",
      960,
      "-0.0028"
    ],
    [
      "TG1",
      "delta",
      "-0.0001"
    ],
    [
      "TG2",
      565,
      "-0.0001"
    ],
    [
      "TG2",
      960,
      "-0.0001"
    ],
    [
      "TG2",
      "delta",
      "-0.0001"
    ]
  ],
  "element_residuals": {
    "C": {
      "feed_kg_per_kg_dry_feed": "0.2947",
      "printed_total_products_960C": "0.2517",
      "products_minus_feed": "-0.0430"
    },
    "H": {
      "feed_kg_per_kg_dry_feed": "0.0391",
      "printed_total_products_960C": "0.0416",
      "products_minus_feed": "0.0025"
    },
    "O": {
      "feed_kg_per_kg_dry_feed": "0.1262",
      "printed_total_products_960C": "0.1410",
      "products_minus_feed": "0.0148"
    },
    "N": {
      "feed_kg_per_kg_dry_feed": "0.0343",
      "printed_total_products_960C": "0.0220",
      "products_minus_feed": "-0.0123"
    },
    "S": {
      "feed_kg_per_kg_dry_feed": "0.0338",
      "printed_total_products_960C": "0.0226",
      "products_minus_feed": "-0.0112"
    }
  }
}
