{
  "passed": false,
  "passed_cases": 28,
  "failed": [
    {
      "t": 293.0,
      "p": 100000000.0,
      "kind": "tp",
      "phase": "liquid",
      "error": "WaterNumericalError('heos_table3_residual:(0.002405807375907898, 2.31401645578444e-06, 2.9103830456733704e-11, 2.1651658244081773e-10, 4.547473508864641e-13, 9.094947017729282e-13, 4.218847493575595e-15)')"
    },
    {
      "t": 300.0,
      "p": 100000000.0,
      "kind": "tp",
      "phase": "liquid",
      "error": "WaterNumericalError('heos_table3_residual:(0.0021741539239883423, 2.0962179405614734e-06, 0.0, 1.7053025658242404e-11, 4.547473508864641e-13, 4.547473508864641e-13, 1.1102230246251565e-15)')"
    }
  ]
}
