data/sandbox/research/areias2025/tg_digitization/tg-observations.csv:1: trailing whitespace.
+panel,sample,target_temperature_c,pixel_x,pixel_y,temperature_c,temperature_lower_c,temperature_upper_c,tg_percent,tg_lower_percent,tg_upper_percent,status,reason
data/sandbox/research/areias2025/tg_digitization/tg-observations.csv:2: trailing whitespace.
+A,MIA1,50,135,,50.36496350364963,44.69,56.01,,,,unknown,curve overlaps baseline/arrow or final vertical axis; no interpolated substitute
data/sandbox/research/areias2025/tg_digitization/tg-observations.csv:3: trailing whitespace.
+A,MIA1,100,169,307,100.0,94.5,105.46,99.83183183183183,99.6,100.07,readable,manually assigned TG branch; pixel envelope includes stroke thickness
data/sandbox/research/areias2025/tg_digitization/tg-observations.csv:4: trailing whitespace.
+A,MIA1,150,203,314,149.63503649635035,144.32,154.92,99.49549549549549,99.26,99.73,readable,manually assigned TG branch; pixel envelope includes stroke thickness
data/sandbox/research/areias2025/tg_digitization/tg-observations.csv:5: trailing whitespace.
+A,MIA1,200,238,320,200.72992700729927,195.6,205.84,99.2072072072072,98.97,99.44,readable,manually assigned TG branch; pixel envelope includes stroke thickness
data/sandbox/research/areias2025/tg_digitization/tg-observations.csv:6: trailing whitespace.
+A,MIA1,250,272,,250.36496350364965,245.25,255.48,,,,unknown,curve overlaps baseline/arrow or final vertical axis; no interpolated substitute
data/sandbox/research/areias2025/tg_digitization/tg-observations.csv:7: trailing whitespace.
+A,MIA1,300,306,338,300.0,294.89,305.11,98.34234234234235,98.11,98.58,readable,manually assigned TG branch; pixel envelope includes stroke thickness
data/sandbox/research/areias2025/tg_digitization/tg-observations.csv:8: trailing whitespace.
+A,MIA1,350,340,348,349.6350364963504,344.52,354.75,97.86186186186187,97.63,98.1,readable,manually assigned TG branch; pixel envelope includes stroke thickness
data/sandbox/research/areias2025/tg_digitization/tg-observations.csv:9: trailing whitespace.
+A,MIA1,400,374,,399.2700729927007,394.16,404.38,,,,unknown,curve overlaps baseline/arrow or final vertical axis; no interpolated substitute
data/sandbox/research/areias2025/tg_digitization/tg-observations.csv:10: trailing whitespace.
+A,MIA1,450,409,365,450.3649635036496,445.25,455.48,97.04504504504504,96.81,97.28,readable,manually assigned TG branch; pixel envelope includes stroke thickness
data/sandbox/research/areias2025/tg_digitization/tg-observations.csv:11: trailing whitespace.
+A,MIA1,500,443,392.5,500.0,494.89,505.11,95.72372372372372,95.49,95.96,readable,manually assigned TG branch; pixel envelope includes stroke thickness
data/sandbox/research/areias2025/tg_digitization/tg-observations.csv:12: trailing whitespace.
+A,MIA1,550,477,436,549.6350364963504,544.52,554.75,93.63363363363364,93.4,93.87,readable,manually assigned TG branch; pixel envelope includes stroke thickness
data/sandbox/research/areias2025/tg_digitization/tg-observations.csv:13: trailing whitespace.
+A,MIA1,600,512,,600.7299270072992,595.62,605.84,,,,unknown,curve overlaps baseline/arrow or final vertical axis; no interpolated substitute
data/sandbox/research/areias2025/tg_digitization/tg-observations.csv:14: trailing whitespace.
+A,MIA1,650,546,465,650.3649635036496,645.25,655.48,92.24024024024024,92.01,92.47,readable,manually assigned TG branch; pixel envelope includes stroke thickness
data/sandbox/research/areias2025/tg_digitization/tg-observations.csv:15: trailing whitespace.
+A,MIA1,700,580,482.5,700.0,694.89,705.11,91.3993993993994,91.17,91.63,readable,manually assigned TG branch; pixel envelope includes stroke thickness
data/sandbox/research/areias2025/tg_digitization/tg-observations.csv:16: trailing whitespace.
+A,MIA1,750,614,529,749.6350364963504,744.52,754.75,89.16516516516516,88.93,89.4,readable,manually assigned TG branch; pixel envelope includes stroke thickness
data/sandbox/research/areias2025/tg_digitization/tg-observations.csv:17: trailing whitespace.
+A,MIA1,800,648,578,799.2700729927008,794.16,804.38,86.8108108108108,86.58,87.04,readable,manually assigned TG branch; pixel envelope includes stroke thickness
data/sandbox/research/areias2025/tg_digitization/tg-observations.csv:18: trailing whitespace.
+A,MIA1,850,683,582.5,850.3649635036496,845.25,855.48,86.5945945945946,86.36,86.83,readable,manually assigned TG branch; pixel envelope includes stroke thickness
data/sandbox/research/areias2025/tg_digitization/tg-observations.csv:19: trailing whitespace.
+A,MIA1,900,717,584,900.0,894.89,905.11,86.52252252252252,86.29,86.76,readable,manually assigned TG branch; pixel envelope includes stroke thickness
data/sandbox/research/areias2025/tg_digitization/tg-observations.csv:20: trailing whitespace.
+A,MIA1,950,751,584.5,949.6350364963504,944.52,954.75,86.49849849849849,86.27,86.73,readable,manually assigned TG branch; pixel envelope includes stroke thickness
data/sandbox/research/areias2025/tg_digitization/tg-observations.csv:21: trailing whitespace.
+A,MIA1,1000,786,585.5,1000.7299270072992,995.62,1005.86,86.45045045045045,86.22,86.68,readable,manually assigned TG branch; pixel envelope includes stroke thickness
data/sandbox/research/areias2025/tg_digitization/tg-observations.csv:22: trailing whitespace.
+A,MIA1,1050,820,587,1050.3649635036497,1045.08,1055.68,86.37837837837837,86.15,86.61,readable,manually assigned TG branch; pixel envelope includes stroke thickness
data/sandbox/research/areias2025/tg_digitization/tg-observations.csv:23: trailing whitespace.
+A,MIA1,1100,854,,1100.0,1094.54,1105.5,,,,unknown,curve overlaps baseline/arrow or final vertical axis; no interpolated substitute
data/sandbox/research/areias2025/tg_digitization/tg-observations.csv:24: trailing whitespace.
+B,MIA3,50,138,796,50.63752276867031,44.97,56.27,99.88817891373802,99.67,100.1,readable,manually assigned TG branch; pixel envelope includes stroke thickness
data/sandbox/research/areias2025/tg_digitization/tg-observations.csv:25: trailing whitespace.
+B,MIA3,100,172,809.5,100.18214936247723,94.7,105.63,99.28434504792332,99.07,99.5,readable,manually assigned TG branch; pixel envelope includes stroke thickness
data/sandbox/research/areias2025/tg_digitization/tg-observations.csv:26: trailing whitespace.
+B,MIA3,150,206,820.5,149.72677595628414,144.42,155.0,98.7923322683706,98.58,99.01,readable,manually assigned TG branch; pixel envelope includes stroke thickness
data/sandbox/research/areias2025/tg_digitization/tg-observations.csv:27: trailing whitespace.
+B,MIA3,200,240,,199.27140255009107,194.15,204.38,,,,unknown,curve overlaps baseline/arrow or final vertical axis; no interpolated substitute
data/sandbox/research/areias2025/tg_digitization/tg-observations.csv:28: trailing whitespace.
+B,MIA3,250,275,833,250.27322404371586,245.17,255.38,98.2332268370607,98.02,98.45,readable,manually assigned TG branch; pixel envelope includes stroke thickness
data/sandbox/research/areias2025/tg_digitization/tg-observations.csv:29: trailing whitespace.
+B,MIA3,300,309,860.5,299.8178506375228,294.71,304.92,97.00319488817891,96.79,97.22,readable,manually assigned TG branch; pixel envelope includes stroke thickness
data/sandbox/research/areias2025/tg_digitization/tg-observations.csv:30: trailing whitespace.
+B,MIA3,350,343,880.5,349.3624772313297,344.26,354.47,96.10862619808307,95.89,96.32,readable,manually assigned TG branch; pixel envelope includes stroke thickness
data/sandbox/research/areias2025/tg_digitization/tg-observations.csv:31: trailing whitespace.
+B,MIA3,400,378,,400.36429872495444,395.26,405.47,,,,unknown,curve overlaps baseline/arrow or final vertical axis; no interpolated substitute
data/sandbox/research/areias2025/tg_digitization/tg-observations.csv:32: trailing whitespace.
+B,MIA3,450,412,905,449.90892531876136,444.8,455.01,95.01277955271566,94.8,95.23,readable,manually assigned TG branch; pixel envelope includes stroke thickness
data/sandbox/research/areias2025/tg_digitization/tg-observations.csv:33: trailing whitespace.
+B,MIA3,500,446,938.5,499.4535519125683,494.35,504.56,93.51437699680511,93.3,93.73,readable,manually assigned TG branch; pixel envelope includes stroke thickness
data/sandbox/research/areias2025/tg_digitization/tg-observations.csv:34: trailing whitespace.
+B,MIA3,550,481,990,550.4553734061931,545.35,555.56,91.21086261980831,91.0,91.43,readable,manually assigned TG branch; pixel envelope includes stroke thickness
data/sandbox/research/areias2025/tg_digitization/tg-observations.csv:35: trailing whitespace.
+B,MIA3,600,515,,600.0,594.89,605.11,,,,unknown,curve overlaps baseline/arrow or final vertical axis; no interpolated substitute
data/sandbox/research/areias2025/tg_digitization/tg-observations.csv:36: trailing whitespace.
+B,MIA3,650,549,1019.5,649.5446265938069,644.44,654.65,89.89137380191693,89.68,90.11,readable,manually assigned TG branch; pixel envelope includes stroke thickness
data/sandbox/research/areias2025/tg_digitization/tg-observations.csv:37: trailing whitespace.
+B,MIA3,700,584,1036.5,700.5464480874317,695.44,705.65,89.13099041533546,88.92,89.35,readable,manually assigned TG branch; pixel envelope includes stroke thickness
data/sandbox/research/areias2025/tg_digitization/tg-observations.csv:38: trailing whitespace.
+B,MIA3,750,618,1065,750.0910746812386,744.99,755.2,87.85623003194888,87.64,88.07,readable,manually assigned TG branch; pixel envelope includes stroke thickness
data/sandbox/research/areias2025/tg_digitization/tg-observations.csv:39: trailing whitespace.
+B,MIA3,800,652,1069.5,799.6357012750456,794.53,804.74,87.65495207667732,87.44,87.87,readable,manually assigned TG branch; pixel envelope includes stroke thickness
data/sandbox/research/areias2025/tg_digitization/tg-observations.csv:40: trailing whitespace.
+B,MIA3,850,687,1069.5,850.6375227686704,845.53,855.74,87.65495207667732,87.44,87.87,readable,manually assigned TG branch; pixel envelope includes stroke thickness
data/sandbox/research/areias2025/tg_digitization/tg-observations.csv:41: trailing whitespace.
+B,MIA3,900,721,1070,900.1821493624773,895.08,905.29,87.63258785942492,87.42,87.85,readable,manually assigned TG branch; pixel envelope includes stroke thickness
data/sandbox/research/areias2025/tg_digitization/tg-observations.csv:42: trailing whitespace.
+B,MIA3,950,755,1070.5,949.7267759562842,944.62,954.83,87.61022364217253,87.39,87.83,readable,manually assigned TG branch; pixel envelope includes stroke thickness
data/sandbox/research/areias2025/tg_digitization/tg-observations.csv:43: trailing whitespace.
+B,MIA3,1000,790,1070.5,1000.7285974499089,995.62,1005.85,87.61022364217253,87.39,87.83,readable,manually assigned TG branch; pixel envelope includes stroke thickness
data/sandbox/research/areias2025/tg_digitization/tg-observations.csv:44: trailing whitespace.
+B,MIA3,1050,824,1071.5,1050.2732240437158,1045.0,1055.58,87.56549520766774,87.35,87.78,readable,manually assigned TG branch; pixel envelope includes stroke thickness
data/sandbox/research/areias2025/tg_digitization/tg-observations.csv:45: trailing whitespace.
+B,MIA3,1100,858,,1099.8178506375227,1094.37,1105.3,,,,unknown,curve overlaps baseline/arrow or final vertical axis; no interpolated substitute
