
==================================== ERRORS ====================================
_______ ERROR collecting tests/sandbox/test_source_managed_lifecycle.py ________
ImportError while importing test module '/Users/wanggaoying/Desktop/brickmodel-github/tests/sandbox/test_source_managed_lifecycle.py'.
Hint: make sure your test modules/packages have valid Python names.
Traceback:
../../.local/share/uv/python/cpython-3.12.13-macos-aarch64-none/lib/python3.12/importlib/__init__.py:90: in import_module
    return _bootstrap._gcd_import(name[level:], package, level)
           ^^^^^^^^^^^^^^^^^^^^^^^^^^^^^^^^^^^^^^^^^^^^^^^^^^^^
tests/sandbox/test_source_managed_lifecycle.py:14: in <module>
    from sludge_sandbox.source_trajectory import open_source_trajectory
src/sludge_sandbox/source_trajectory.py:19: in <module>
    from .source_run_builder import _snapshot, build_source_run
src/sludge_sandbox/source_run_builder.py:26: in <module>
    from .source_run_config import (SourceRunAssets, SourceRunConfig, SourceRunConfigError,
src/sludge_sandbox/source_run_config.py:17: in <module>
    from .heos_runtime_registry import RHS_MANIFEST_ASSET, WORKFLOW_MANIFEST_ASSET
E   ImportError: cannot import name 'WORKFLOW_MANIFEST_ASSET' from 'sludge_sandbox.heos_runtime_registry' (/Users/wanggaoying/Desktop/brickmodel-github/src/sludge_sandbox/heos_runtime_registry.py)
- generated xml file: /private/tmp/brick-source-managed-workflow-v1/lifecycle/final01.xml -
=========================== short test summary info ============================
ERROR tests/sandbox/test_source_managed_lifecycle.py
!!!!!!!!!!!!!!!!!!!! Interrupted: 1 error during collection !!!!!!!!!!!!!!!!!!!!
1 error in 0.32s
