FFFFFFFFF                                                                [100%]
=================================== FAILURES ===================================
________ test_explicit_managed_flag_is_strict_bool_before_io[run-None] _________

tmp_path = PosixPath('/private/var/folders/rs/k20kkfj95cq_ph554v_g_g480000gn/T/pytest-of-wanggaoying/pytest-348/test_explicit_managed_flag_is_0')
entry = 'run', value = None

    @pytest.mark.parametrize('value', [None, 0, 1, 'true'])
    @pytest.mark.parametrize('entry', ['run', 'trajectory'])
    def test_explicit_managed_flag_is_strict_bool_before_io(tmp_path, entry, value):
        output = tmp_path / 'must-not-exist'
        with pytest.raises(IntegrationError, match='managed_execution_must_be_bool'):
            if entry == 'run':
>               run_source_case(tmp_path / 'missing', tmp_path, output, managed_execution=value)
E               TypeError: run_source_case() got an unexpected keyword argument 'managed_execution'

tests/sandbox/test_source_managed_lifecycle.py:17: TypeError
__________ test_explicit_managed_flag_is_strict_bool_before_io[run-0] __________

tmp_path = PosixPath('/private/var/folders/rs/k20kkfj95cq_ph554v_g_g480000gn/T/pytest-of-wanggaoying/pytest-348/test_explicit_managed_flag_is_1')
entry = 'run', value = 0

    @pytest.mark.parametrize('value', [None, 0, 1, 'true'])
    @pytest.mark.parametrize('entry', ['run', 'trajectory'])
    def test_explicit_managed_flag_is_strict_bool_before_io(tmp_path, entry, value):
        output = tmp_path / 'must-not-exist'
        with pytest.raises(IntegrationError, match='managed_execution_must_be_bool'):
            if entry == 'run':
>               run_source_case(tmp_path / 'missing', tmp_path, output, managed_execution=value)
E               TypeError: run_source_case() got an unexpected keyword argument 'managed_execution'

tests/sandbox/test_source_managed_lifecycle.py:17: TypeError
__________ test_explicit_managed_flag_is_strict_bool_before_io[run-1] __________

tmp_path = PosixPath('/private/var/folders/rs/k20kkfj95cq_ph554v_g_g480000gn/T/pytest-of-wanggaoying/pytest-348/test_explicit_managed_flag_is_2')
entry = 'run', value = 1

    @pytest.mark.parametrize('value', [None, 0, 1, 'true'])
    @pytest.mark.parametrize('entry', ['run', 'trajectory'])
    def test_explicit_managed_flag_is_strict_bool_before_io(tmp_path, entry, value):
        output = tmp_path / 'must-not-exist'
        with pytest.raises(IntegrationError, match='managed_execution_must_be_bool'):
            if entry == 'run':
>               run_source_case(tmp_path / 'missing', tmp_path, output, managed_execution=value)
E               TypeError: run_source_case() got an unexpected keyword argument 'managed_execution'

tests/sandbox/test_source_managed_lifecycle.py:17: TypeError
________ test_explicit_managed_flag_is_strict_bool_before_io[run-true] _________

tmp_path = PosixPath('/private/var/folders/rs/k20kkfj95cq_ph554v_g_g480000gn/T/pytest-of-wanggaoying/pytest-348/test_explicit_managed_flag_is_3')
entry = 'run', value = 'true'

    @pytest.mark.parametrize('value', [None, 0, 1, 'true'])
    @pytest.mark.parametrize('entry', ['run', 'trajectory'])
    def test_explicit_managed_flag_is_strict_bool_before_io(tmp_path, entry, value):
        output = tmp_path / 'must-not-exist'
        with pytest.raises(IntegrationError, match='managed_execution_must_be_bool'):
            if entry == 'run':
>               run_source_case(tmp_path / 'missing', tmp_path, output, managed_execution=value)
E               TypeError: run_source_case() got an unexpected keyword argument 'managed_execution'

tests/sandbox/test_source_managed_lifecycle.py:17: TypeError
_____ test_explicit_managed_flag_is_strict_bool_before_io[trajectory-None] _____

tmp_path = PosixPath('/private/var/folders/rs/k20kkfj95cq_ph554v_g_g480000gn/T/pytest-of-wanggaoying/pytest-348/test_explicit_managed_flag_is_4')
entry = 'trajectory', value = None

    @pytest.mark.parametrize('value', [None, 0, 1, 'true'])
    @pytest.mark.parametrize('entry', ['run', 'trajectory'])
    def test_explicit_managed_flag_is_strict_bool_before_io(tmp_path, entry, value):
        output = tmp_path / 'must-not-exist'
        with pytest.raises(IntegrationError, match='managed_execution_must_be_bool'):
            if entry == 'run':
                run_source_case(tmp_path / 'missing', tmp_path, output, managed_execution=value)
            else:
>               open_source_trajectory(tmp_path / 'missing', output, end=None, managed_execution=value)
E               TypeError: open_source_trajectory() got an unexpected keyword argument 'managed_execution'

tests/sandbox/test_source_managed_lifecycle.py:19: TypeError
______ test_explicit_managed_flag_is_strict_bool_before_io[trajectory-0] _______

tmp_path = PosixPath('/private/var/folders/rs/k20kkfj95cq_ph554v_g_g480000gn/T/pytest-of-wanggaoying/pytest-348/test_explicit_managed_flag_is_5')
entry = 'trajectory', value = 0

    @pytest.mark.parametrize('value', [None, 0, 1, 'true'])
    @pytest.mark.parametrize('entry', ['run', 'trajectory'])
    def test_explicit_managed_flag_is_strict_bool_before_io(tmp_path, entry, value):
        output = tmp_path / 'must-not-exist'
        with pytest.raises(IntegrationError, match='managed_execution_must_be_bool'):
            if entry == 'run':
                run_source_case(tmp_path / 'missing', tmp_path, output, managed_execution=value)
            else:
>               open_source_trajectory(tmp_path / 'missing', output, end=None, managed_execution=value)
E               TypeError: open_source_trajectory() got an unexpected keyword argument 'managed_execution'

tests/sandbox/test_source_managed_lifecycle.py:19: TypeError
______ test_explicit_managed_flag_is_strict_bool_before_io[trajectory-1] _______

tmp_path = PosixPath('/private/var/folders/rs/k20kkfj95cq_ph554v_g_g480000gn/T/pytest-of-wanggaoying/pytest-348/test_explicit_managed_flag_is_6')
entry = 'trajectory', value = 1

    @pytest.mark.parametrize('value', [None, 0, 1, 'true'])
    @pytest.mark.parametrize('entry', ['run', 'trajectory'])
    def test_explicit_managed_flag_is_strict_bool_before_io(tmp_path, entry, value):
        output = tmp_path / 'must-not-exist'
        with pytest.raises(IntegrationError, match='managed_execution_must_be_bool'):
            if entry == 'run':
                run_source_case(tmp_path / 'missing', tmp_path, output, managed_execution=value)
            else:
>               open_source_trajectory(tmp_path / 'missing', output, end=None, managed_execution=value)
E               TypeError: open_source_trajectory() got an unexpected keyword argument 'managed_execution'

tests/sandbox/test_source_managed_lifecycle.py:19: TypeError
_____ test_explicit_managed_flag_is_strict_bool_before_io[trajectory-true] _____

tmp_path = PosixPath('/private/var/folders/rs/k20kkfj95cq_ph554v_g_g480000gn/T/pytest-of-wanggaoying/pytest-348/test_explicit_managed_flag_is_7')
entry = 'trajectory', value = 'true'

    @pytest.mark.parametrize('value', [None, 0, 1, 'true'])
    @pytest.mark.parametrize('entry', ['run', 'trajectory'])
    def test_explicit_managed_flag_is_strict_bool_before_io(tmp_path, entry, value):
        output = tmp_path / 'must-not-exist'
        with pytest.raises(IntegrationError, match='managed_execution_must_be_bool'):
            if entry == 'run':
                run_source_case(tmp_path / 'missing', tmp_path, output, managed_execution=value)
            else:
>               open_source_trajectory(tmp_path / 'missing', output, end=None, managed_execution=value)
E               TypeError: open_source_trajectory() got an unexpected keyword argument 'managed_execution'

tests/sandbox/test_source_managed_lifecycle.py:19: TypeError
__________ test_managed_entry_rejected_before_case_io_or_construction __________

tmp_path = PosixPath('/private/var/folders/rs/k20kkfj95cq_ph554v_g_g480000gn/T/pytest-of-wanggaoying/pytest-348/test_managed_entry_rejected_be0')

    def test_managed_entry_rejected_before_case_io_or_construction(tmp_path):
        with pytest.raises(Exception, match='dedicated_isolated_workflow_worker_required'):
>           run_source_case(tmp_path / 'missing', tmp_path, tmp_path / 'out', managed_execution=True)
E           TypeError: run_source_case() got an unexpected keyword argument 'managed_execution'

tests/sandbox/test_source_managed_lifecycle.py:25: TypeError

During handling of the above exception, another exception occurred:

tmp_path = PosixPath('/private/var/folders/rs/k20kkfj95cq_ph554v_g_g480000gn/T/pytest-of-wanggaoying/pytest-348/test_managed_entry_rejected_be0')

    def test_managed_entry_rejected_before_case_io_or_construction(tmp_path):
>       with pytest.raises(Exception, match='dedicated_isolated_workflow_worker_required'):
             ^^^^^^^^^^^^^^^^^^^^^^^^^^^^^^^^^^^^^^^^^^^^^^^^^^^^^^^^^^^^^^^^^^^^^^^^^^^^^
E       AssertionError: Regex pattern did not match.
E        Regex: 'dedicated_isolated_workflow_worker_required'
E        Input: "run_source_case() got an unexpected keyword argument 'managed_execution'"

tests/sandbox/test_source_managed_lifecycle.py:24: AssertionError
- generated xml file: /private/tmp/brick-source-managed-workflow-v1/lifecycle/red01.xml -
=========================== short test summary info ============================
FAILED tests/sandbox/test_source_managed_lifecycle.py::test_explicit_managed_flag_is_strict_bool_before_io[run-None]
FAILED tests/sandbox/test_source_managed_lifecycle.py::test_explicit_managed_flag_is_strict_bool_before_io[run-0]
FAILED tests/sandbox/test_source_managed_lifecycle.py::test_explicit_managed_flag_is_strict_bool_before_io[run-1]
FAILED tests/sandbox/test_source_managed_lifecycle.py::test_explicit_managed_flag_is_strict_bool_before_io[run-true]
FAILED tests/sandbox/test_source_managed_lifecycle.py::test_explicit_managed_flag_is_strict_bool_before_io[trajectory-None]
FAILED tests/sandbox/test_source_managed_lifecycle.py::test_explicit_managed_flag_is_strict_bool_before_io[trajectory-0]
FAILED tests/sandbox/test_source_managed_lifecycle.py::test_explicit_managed_flag_is_strict_bool_before_io[trajectory-1]
FAILED tests/sandbox/test_source_managed_lifecycle.py::test_explicit_managed_flag_is_strict_bool_before_io[trajectory-true]
FAILED tests/sandbox/test_source_managed_lifecycle.py::test_managed_entry_rejected_before_case_io_or_construction
9 failed in 0.28s
