FFFFF                                                                    [100%]
=================================== FAILURES ===================================
_ test_malformed_builder_events_remain_unknown_without_server_exception[event0] _

source_bundle = PosixPath('/private/var/folders/rs/k20kkfj95cq_ph554v_g_g480000gn/T/pytest-of-wanggaoying/pytest-406/test_malformed_builder_events_0/source-run')
event = []

    @pytest.mark.parametrize('event', [[], {}, {'event': 'builder_returned'},
        {'event': 'builder_returned', 'payload': None},
        {'event': 'builder_returned', 'payload': {'schema': 'source_run_raw_projection_v1', 'root': {'ref': '0'}, 'nodes': []}}])
    def test_malformed_builder_events_remain_unknown_without_server_exception(source_bundle, event):
        from sludge_sandbox.source_run_view import inspect_source_run
        from sludge_sandbox.run_service import _seal
        (source_bundle/'events/000001.json').write_text(json.dumps(event)); _seal(source_bundle)
>       result = inspect_source_run(source_bundle, capture_index=0, cell_index=0)
                 ^^^^^^^^^^^^^^^^^^^^^^^^^^^^^^^^^^^^^^^^^^^^^^^^^^^^^^^^^^^^^^^^

tests/sandbox/test_source_run_view.py:252: 
_ _ _ _ _ _ _ _ _ _ _ _ _ _ _ _ _ _ _ _ _ _ _ _ _ _ _ _ _ _ _ _ _ _ _ _ _ _ _ _ 
src/sludge_sandbox/source_run_view.py:358: in inspect_source_run
    response['source_trace'] = _source_trace(directory, manifest, observation['cells']) if observation else {
                               ^^^^^^^^^^^^^^^^^^^^^^^^^^^^^^^^^^^^^^^^^^^^^^^^^^^^^^^^
src/sludge_sandbox/source_run_view.py:266: in _source_trace
    graph, binding = _builder(directory, manifest)
                     ^^^^^^^^^^^^^^^^^^^^^^^^^^^^^
_ _ _ _ _ _ _ _ _ _ _ _ _ _ _ _ _ _ _ _ _ _ _ _ _ _ _ _ _ _ _ _ _ _ _ _ _ _ _ _ 

directory = PosixPath('/private/var/folders/rs/k20kkfj95cq_ph554v_g_g480000gn/T/pytest-of-wanggaoying/pytest-406/test_malformed_builder_events_0/source-run')
manifest = {'files': {'assets/fixture-source.txt': 'a408ad856dda88713d73cfb4c6849fc570940dab828372fcace6c2ea7d24b0c7', 'case.json...t.json': 'ddf3ee6692eacfbb50ad7ca871388b7d07fd2aa790c25e6428eda7ab0431e890', ...}, 'schema': 'sandbox_run_manifest_v1'}

    def _builder(directory, manifest):
        used = 0
        names = sorted(name for name in manifest['files'] if name.startswith('events/') and name.endswith('.json'))
        for name in names[:256]:
            size = (directory/name).stat().st_size
            used += size
            if size > MAX_RESPONSE_BYTES or used > MAX_BUILDER_SCAN_BYTES:
                return None, {'status': 'unknown', 'reason': 'builder_event_not_found_within_passive_scan_budget'}
            event = json.loads(_read_file(directory, name, manifest['files'][name], MAX_RESPONSE_BYTES))
>           if event.get('event') == 'builder_returned':
               ^^^^^^^^^
E           AttributeError: 'list' object has no attribute 'get'

src/sludge_sandbox/source_run_view.py:258: AttributeError
_ test_malformed_builder_events_remain_unknown_without_server_exception[event1] _

source_bundle = PosixPath('/private/var/folders/rs/k20kkfj95cq_ph554v_g_g480000gn/T/pytest-of-wanggaoying/pytest-406/test_malformed_builder_events_1/source-run')
event = {}

    @pytest.mark.parametrize('event', [[], {}, {'event': 'builder_returned'},
        {'event': 'builder_returned', 'payload': None},
        {'event': 'builder_returned', 'payload': {'schema': 'source_run_raw_projection_v1', 'root': {'ref': '0'}, 'nodes': []}}])
    def test_malformed_builder_events_remain_unknown_without_server_exception(source_bundle, event):
        from sludge_sandbox.source_run_view import inspect_source_run
        from sludge_sandbox.run_service import _seal
        (source_bundle/'events/000001.json').write_text(json.dumps(event)); _seal(source_bundle)
        result = inspect_source_run(source_bundle, capture_index=0, cell_index=0)
        binding = result['source_trace']['builder_event']
        assert binding['status'] == 'unknown'
>       assert binding['reason'].startswith('source_view_builder_')
E       AssertionError: assert False
E        +  where False = <built-in method startswith of str object at 0x10a208530>('source_view_builder_')
E        +    where <built-in method startswith of str object at 0x10a208530> = 'builder_returned_event_unavailable'.startswith

tests/sandbox/test_source_run_view.py:255: AssertionError
_ test_malformed_builder_events_remain_unknown_without_server_exception[event2] _

source_bundle = PosixPath('/private/var/folders/rs/k20kkfj95cq_ph554v_g_g480000gn/T/pytest-of-wanggaoying/pytest-406/test_malformed_builder_events_2/source-run')
event = {'event': 'builder_returned'}

    @pytest.mark.parametrize('event', [[], {}, {'event': 'builder_returned'},
        {'event': 'builder_returned', 'payload': None},
        {'event': 'builder_returned', 'payload': {'schema': 'source_run_raw_projection_v1', 'root': {'ref': '0'}, 'nodes': []}}])
    def test_malformed_builder_events_remain_unknown_without_server_exception(source_bundle, event):
        from sludge_sandbox.source_run_view import inspect_source_run
        from sludge_sandbox.run_service import _seal
        (source_bundle/'events/000001.json').write_text(json.dumps(event)); _seal(source_bundle)
>       result = inspect_source_run(source_bundle, capture_index=0, cell_index=0)
                 ^^^^^^^^^^^^^^^^^^^^^^^^^^^^^^^^^^^^^^^^^^^^^^^^^^^^^^^^^^^^^^^^

tests/sandbox/test_source_run_view.py:252: 
_ _ _ _ _ _ _ _ _ _ _ _ _ _ _ _ _ _ _ _ _ _ _ _ _ _ _ _ _ _ _ _ _ _ _ _ _ _ _ _ 
src/sludge_sandbox/source_run_view.py:358: in inspect_source_run
    response['source_trace'] = _source_trace(directory, manifest, observation['cells']) if observation else {
                               ^^^^^^^^^^^^^^^^^^^^^^^^^^^^^^^^^^^^^^^^^^^^^^^^^^^^^^^^
src/sludge_sandbox/source_run_view.py:266: in _source_trace
    graph, binding = _builder(directory, manifest)
                     ^^^^^^^^^^^^^^^^^^^^^^^^^^^^^
_ _ _ _ _ _ _ _ _ _ _ _ _ _ _ _ _ _ _ _ _ _ _ _ _ _ _ _ _ _ _ _ _ _ _ _ _ _ _ _ 

directory = PosixPath('/private/var/folders/rs/k20kkfj95cq_ph554v_g_g480000gn/T/pytest-of-wanggaoying/pytest-406/test_malformed_builder_events_2/source-run')
manifest = {'files': {'assets/fixture-source.txt': 'a408ad856dda88713d73cfb4c6849fc570940dab828372fcace6c2ea7d24b0c7', 'case.json...t.json': 'ddf3ee6692eacfbb50ad7ca871388b7d07fd2aa790c25e6428eda7ab0431e890', ...}, 'schema': 'sandbox_run_manifest_v1'}

    def _builder(directory, manifest):
        used = 0
        names = sorted(name for name in manifest['files'] if name.startswith('events/') and name.endswith('.json'))
        for name in names[:256]:
            size = (directory/name).stat().st_size
            used += size
            if size > MAX_RESPONSE_BYTES or used > MAX_BUILDER_SCAN_BYTES:
                return None, {'status': 'unknown', 'reason': 'builder_event_not_found_within_passive_scan_budget'}
            event = json.loads(_read_file(directory, name, manifest['files'][name], MAX_RESPONSE_BYTES))
            if event.get('event') == 'builder_returned':
>               return event['payload'], {'status': 'recorded_hash_bound', 'artifact': name,
                       ^^^^^^^^^^^^^^^^
                    'sha256': manifest['files'][name], 'ordinal': event.get('ordinal'),
                    'meaning': 'saved_builder_returned_provenance_not_new_provider_evaluation'}
E               KeyError: 'payload'

src/sludge_sandbox/source_run_view.py:259: KeyError
_ test_malformed_builder_events_remain_unknown_without_server_exception[event3] _

source_bundle = PosixPath('/private/var/folders/rs/k20kkfj95cq_ph554v_g_g480000gn/T/pytest-of-wanggaoying/pytest-406/test_malformed_builder_events_3/source-run')
event = {'event': 'builder_returned', 'payload': None}

    @pytest.mark.parametrize('event', [[], {}, {'event': 'builder_returned'},
        {'event': 'builder_returned', 'payload': None},
        {'event': 'builder_returned', 'payload': {'schema': 'source_run_raw_projection_v1', 'root': {'ref': '0'}, 'nodes': []}}])
    def test_malformed_builder_events_remain_unknown_without_server_exception(source_bundle, event):
        from sludge_sandbox.source_run_view import inspect_source_run
        from sludge_sandbox.run_service import _seal
        (source_bundle/'events/000001.json').write_text(json.dumps(event)); _seal(source_bundle)
        result = inspect_source_run(source_bundle, capture_index=0, cell_index=0)
        binding = result['source_trace']['builder_event']
>       assert binding['status'] == 'unknown'
E       AssertionError: assert 'recorded_hash_bound' == 'unknown'
E         
E         - unknown
E         + recorded_hash_bound

tests/sandbox/test_source_run_view.py:254: AssertionError
_ test_malformed_builder_events_remain_unknown_without_server_exception[event4] _

source_bundle = PosixPath('/private/var/folders/rs/k20kkfj95cq_ph554v_g_g480000gn/T/pytest-of-wanggaoying/pytest-406/test_malformed_builder_events_4/source-run')
event = {'event': 'builder_returned', 'payload': {'nodes': [], 'root': {'ref': '0'}, 'schema': 'source_run_raw_projection_v1'}}

    @pytest.mark.parametrize('event', [[], {}, {'event': 'builder_returned'},
        {'event': 'builder_returned', 'payload': None},
        {'event': 'builder_returned', 'payload': {'schema': 'source_run_raw_projection_v1', 'root': {'ref': '0'}, 'nodes': []}}])
    def test_malformed_builder_events_remain_unknown_without_server_exception(source_bundle, event):
        from sludge_sandbox.source_run_view import inspect_source_run
        from sludge_sandbox.run_service import _seal
        (source_bundle/'events/000001.json').write_text(json.dumps(event)); _seal(source_bundle)
        result = inspect_source_run(source_bundle, capture_index=0, cell_index=0)
        binding = result['source_trace']['builder_event']
>       assert binding['status'] == 'unknown'
E       AssertionError: assert 'recorded_hash_bound' == 'unknown'
E         
E         - unknown
E         + recorded_hash_bound

tests/sandbox/test_source_run_view.py:254: AssertionError
=========================== short test summary info ============================
FAILED tests/sandbox/test_source_run_view.py::test_malformed_builder_events_remain_unknown_without_server_exception[event0]
FAILED tests/sandbox/test_source_run_view.py::test_malformed_builder_events_remain_unknown_without_server_exception[event1]
FAILED tests/sandbox/test_source_run_view.py::test_malformed_builder_events_remain_unknown_without_server_exception[event2]
FAILED tests/sandbox/test_source_run_view.py::test_malformed_builder_events_remain_unknown_without_server_exception[event3]
FAILED tests/sandbox/test_source_run_view.py::test_malformed_builder_events_remain_unknown_without_server_exception[event4]
5 failed, 29 deselected in 1.36s
