E                                                                        [100%]
==================================== ERRORS ====================================
_______________ ERROR at setup of test_page_and_same_case_schema _______________

tmp_path = PosixPath('/private/var/folders/rs/k20kkfj95cq_ph554v_g_g480000gn/T/pytest-of-wanggaoying/pytest-385/test_page_and_same_case_schema0')

    @pytest.fixture
    def server(tmp_path):
>       srv = app.make_server(case_path=CASE, water_directory=tmp_path/'water',
                              storage_directory=tmp_path/'storage', maximum_jobs=2)

tests/sandbox/test_local_app.py:18: 
_ _ _ _ _ _ _ _ _ _ _ _ _ _ _ _ _ _ _ _ _ _ _ _ _ _ _ _ _ _ _ _ _ _ _ _ _ _ _ _ 
src/sludge_sandbox/local_app.py:512: in make_server
    server = LocalServer(('127.0.0.1', port), _Handler)
             ^^^^^^^^^^^^^^^^^^^^^^^^^^^^^^^^^^^^^^^^^^
../../.local/share/uv/python/cpython-3.12.13-macos-aarch64-none/lib/python3.12/socketserver.py:457: in __init__
    self.server_bind()
../../.local/share/uv/python/cpython-3.12.13-macos-aarch64-none/lib/python3.12/http/server.py:140: in server_bind
    socketserver.TCPServer.server_bind(self)
_ _ _ _ _ _ _ _ _ _ _ _ _ _ _ _ _ _ _ _ _ _ _ _ _ _ _ _ _ _ _ _ _ _ _ _ _ _ _ _ 

self = <sludge_sandbox.local_app.LocalServer object at 0x1075dbfb0>

    def server_bind(self):
        """Called by constructor to bind the socket.
    
        May be overridden.
    
        """
        if self.allow_reuse_address and hasattr(socket, "SO_REUSEADDR"):
            self.socket.setsockopt(socket.SOL_SOCKET, socket.SO_REUSEADDR, 1)
        # Since Linux 6.12.9, SO_REUSEPORT is not allowed
        # on other address families than AF_INET/AF_INET6.
        if (
            self.allow_reuse_port and hasattr(socket, "SO_REUSEPORT")
            and self.address_family in (socket.AF_INET, socket.AF_INET6)
        ):
            self.socket.setsockopt(socket.SOL_SOCKET, socket.SO_REUSEPORT, 1)
>       self.socket.bind(self.server_address)
E       PermissionError: [Errno 1] Operation not permitted

../../.local/share/uv/python/cpython-3.12.13-macos-aarch64-none/lib/python3.12/socketserver.py:478: PermissionError
=========================== short test summary info ============================
ERROR tests/sandbox/test_local_app.py::test_page_and_same_case_schema - Permi...
1 error in 0.07s
