{
  "checks": 745,
  "elapsed_seconds": 0.22712620900711045,
  "stationary_new_segment": true,
  "accepted_steps": 4,
  "new_rhs": 29,
  "total_rhs": 61,
  "event_counts": {
    "parent": {
      "heos_started": 4,
      "heos_kernel_returned": 4,
      "heos_returned": 4,
      "builder_returned": 1,
      "initial_energy_started": 3,
      "initial_energy_returned": 3,
      "rhs_started": 32,
      "rhs_returned": 32,
      "derived_controls": 1,
      "stage_started": 4,
      "stage_returned": 4,
      "candidate_returned": 2,
      "wet_started": 8,
      "wet_returned": 8,
      "transition_returned": 1
    },
    "continuation": {
      "heos_started": 4,
      "heos_kernel_returned": 4,
      "heos_returned": 4,
      "source_trajectory_reconstructed": 1,
      "rhs_started": 29,
      "rhs_returned": 29,
      "ordinary_segment_returned": 2
    }
  },
  "acceptance_sha256": "1a275938369bc8354f6b2642b9012645b0c5438f5b53a186871746922d6578c0",
  "qualification": "saved numerical/software evidence only; no new material dynamics; no EOS or source-study decoding",
  "balance_scope": "new segment state-minus-ledger independently exact; old whole-chain saved cell residual sums and gates, not old source study reconstruction"
}
