{
  "status": "completed",
  "admission_seconds": 6.03486829099711,
  "rhs_profiled_seconds": 6.382242000021506,
  "elapsed_seconds": 12.427664874994662,
  "parent_counts": {
    "heos_kernel_returned": 4,
    "heos_returned": 4,
    "heos_started": 4,
    "initial_energy_returned": 3,
    "initial_energy_started": 3,
    "rhs_returned": 32,
    "rhs_started": 32,
    "wet_returned": 8,
    "wet_started": 8
  },
  "counts": {
    "heos_started": 8,
    "heos_kernel_returned": 8,
    "heos_returned": 8,
    "initial_energy_started": 3,
    "initial_energy_returned": 3,
    "rhs_started": 33,
    "rhs_returned": 33,
    "wet_started": 8,
    "wet_returned": 8
  },
  "full_original_rhs_payload_equal": true,
  "accepted_steps": 0,
  "new_rhs": 1,
  "new_constructors": 4,
  "material_qualified": false,
  "source_resume_authorized": false,
  "scope": "one profiled diagnostic RHS; no integration"
}
