{
  "schema": "sandbox_job_v1",
  "job_id": "74f69026-d0f8-42c0-9164-3b74781f65e2",
  "operation": "source-run",
  "source": "/Users/wanggaoying/Desktop/brickmodel-github/data/sandbox/cases/source-multicell-heos-v1.json",
  "status": "completed",
  "reason": null,
  "started_at": "2026-09-10T15:44:55.171206+00:00",
  "policy": {
    "maximum_wall_seconds": 570.0,
    "cancel_grace_seconds": 10.0,
    "poll_interval_seconds": 0.05
  },
  "lock_scope": "/private/tmp/brick-source-run-service-v1",
  "lock_scope_meaning": "one active child per resolved job parent directory",
  "run_directory": "run",
  "pid": 4958,
  "pid_meaning": "informational only; never used by saved-job cancellation",
  "returncode": 0,
  "child_reaped": true,
  "termination_cause": null,
  "metrics": {
    "schema": "sandbox_job_child_metrics_v1",
    "job_id": "74f69026-d0f8-42c0-9164-3b74781f65e2",
    "availability": "observed_at_wrapper_exit",
    "pid": 4958,
    "returncode": 0,
    "run_status": "completed",
    "error": null,
    "wrapper_elapsed_wall_seconds": 64.51004862500122,
    "cpu_user_seconds": 60.15229,
    "cpu_system_seconds": 4.095166,
    "peak_rss_native": 199966720,
    "peak_rss_unit": "platform_native_ru_maxrss_unit_not_normalized",
    "platform": "darwin",
    "scope": "RUSAGE_SELF reports this child process including imports before wrapper timer; peak RSS native units are deliberately not interpreted as bytes or KiB. No descendant-process aggregate is claimed."
  },
  "wall_bound_scope": "maximum_wall_seconds + cancel_grace_seconds + polling/reaping scheduling; whole child, not only integrate()",
  "elapsed_wall_seconds": 69.38390112499474,
  "updated_at": "2026-09-10T15:46:04.555555+00:00",
  "argv": [
    "/private/tmp/brick-water-backend-probe/venv/bin/python",
    "-m",
    "sludge_sandbox.job_child",
    "source-run",
    "/Users/wanggaoying/Desktop/brickmodel-github/data/sandbox/cases/source-multicell-heos-v1.json",
    "--job-directory",
    "/private/tmp/brick-source-run-service-v1/native-job01",
    "--job-id",
    "74f69026-d0f8-42c0-9164-3b74781f65e2",
    "--lock-fd",
    "3",
    "--assets-root",
    "/Users/wanggaoying/Desktop/brickmodel-github"
  ],
  "result_verification": {
    "run_status": "completed",
    "run_reason": null,
    "result_sha256": "00223b5737f8b935350e99587346dba4bd012beea9d0957b0be14a9672e03516",
    "case_sha256": "323cdc6ebbd866c81e87ac1227155357253f0b05f2384c55fadead85218c2dc5",
    "manifest_verified": true,
    "status": "completed"
  },
  "hard_killed": false
}
