data/sandbox/research/gnest2021/table4-table5-audit-v1/table4.csv:1: trailing whitespace.
+trial,heating_rate_K_min,temperature_C_or_increment,solid,liquid_inferred,CO,CO2,CH4,H2,printed_total,sum_six_printed_components,sum_minus_printed_total
data/sandbox/research/gnest2021/table4-table5-audit-v1/table4.csv:2: trailing whitespace.
+TG1,3,560,0.6878,0.2984,0.0056,0.0057,0.0010,0.0015,1.0000,1.0000,0.0000
data/sandbox/research/gnest2021/table4-table5-audit-v1/table4.csv:3: trailing whitespace.
+TG1,3,960,0.5685,0.2984,0.0637,0.0092,0.0010,0.0094,0.9530,0.9502,-0.0028
data/sandbox/research/gnest2021/table4-table5-audit-v1/table4.csv:4: trailing whitespace.
+TG1,3,delta,-0.1194,0.0000,0.0582,0.0034,0.0000,0.0079,-0.0498,-0.0499,-0.0001
data/sandbox/research/gnest2021/table4-table5-audit-v1/table4.csv:5: trailing whitespace.
+TG2,7,565,0.6822,0.2941,0.0076,0.0117,0.0027,0.0016,1.0000,0.9999,-0.0001
data/sandbox/research/gnest2021/table4-table5-audit-v1/table4.csv:6: trailing whitespace.
+TG2,7,960,0.5610,0.2941,0.0692,0.0152,0.0030,0.0085,0.9511,0.9510,-0.0001
data/sandbox/research/gnest2021/table4-table5-audit-v1/table4.csv:7: trailing whitespace.
+TG2,7,delta,-0.1212,0.0000,0.0616,0.0035,0.0003,0.0068,-0.0489,-0.0490,-0.0001
data/sandbox/research/gnest2021/table4-table5-audit-v1/table4.csv:8: trailing whitespace.
+TG3,10,570,0.6919,0.2917,0.0041,0.0100,0.0016,0.0007,1.0000,1.0000,0.0000
data/sandbox/research/gnest2021/table4-table5-audit-v1/table4.csv:9: trailing whitespace.
+TG3,10,960,0.5687,0.2917,0.0588,0.0183,0.0026,0.0106,0.9507,0.9507,0.0000
data/sandbox/research/gnest2021/table4-table5-audit-v1/table4.csv:10: trailing whitespace.
+TG3,10,delta,-0.1232,0.0000,0.0547,0.0083,0.0010,0.0099,-0.0493,-0.0493,0.0000
data/sandbox/research/gnest2021/table4-table5-audit-v1/table4.csv:11: trailing whitespace.
+TG4,12,585,0.6865,0.2939,0.0051,0.0117,0.0022,0.0006,1.0000,1.0000,0.0000
data/sandbox/research/gnest2021/table4-table5-audit-v1/table4.csv:12: trailing whitespace.
+TG4,12,960,0.5706,0.2939,0.0522,0.0179,0.0027,0.0099,0.9472,0.9472,0.0000
data/sandbox/research/gnest2021/table4-table5-audit-v1/table4.csv:13: trailing whitespace.
+TG4,12,delta,-0.1159,0.0000,0.0471,0.0062,0.0005,0.0093,-0.0528,-0.0528,0.0000
