Using Python 3.12.13 environment at: /private/tmp/brick-water-backend-probe/venv
Resolved 1 package in 0.70ms
   Building sludge-vme @ file:///Users/wanggaoying/Desktop/brickmodel-github
WARN Retry attempt #0. Sleeping 1.948181503s before the next attempt
WARN Retry attempt #0. Sleeping 1.787986897s before the next attempt
WARN Retry attempt #1. Sleeping 2.504440152s before the next attempt
WARN Retry attempt #1. Sleeping 2.047829808s before the next attempt
WARN Retry attempt #2. Sleeping 3.563474175s before the next attempt
WARN Retry attempt #2. Sleeping 1.052270085s before the next attempt
  × Failed to build `sludge-vme @
  │ file:///Users/wanggaoying/Desktop/brickmodel-github`
  ├─▶ Failed to resolve requirements from `build-system.requires`
  ├─▶ No solution found when resolving: `setuptools>=69`, `wheel`
  ├─▶ Request failed after 3 retries in 5.4s
  ├─▶ Failed to fetch: `https://pypi.org/simple/wheel/`
  ├─▶ error sending request for url (https://pypi.org/simple/wheel/)
  ├─▶ client error (Connect)
  ├─▶ dns error
  ╰─▶ failed to lookup address information: nodename nor servname provided, or
      not known
