docs/sandbox/research/source-resume-v1/execution/verify_native.py:210: new blank line at EOF.
docs/sandbox/research/source-resume-v1/lifecycle/adverse01.log:24: trailing whitespace.
+tests/sandbox/test_source_trajectory_record.py:163: 
docs/sandbox/research/source-resume-v1/lifecycle/adverse01.log:25: trailing whitespace.
+_ _ _ _ _ _ _ _ _ _ _ _ _ _ _ _ _ _ _ _ _ _ _ _ _ _ _ _ _ _ _ _ _ _ _ _ _ _ _ _ 
docs/sandbox/research/source-resume-v1/lifecycle/adverse01.log:28: trailing whitespace.
+_ _ _ _ _ _ _ _ _ _ _ _ _ _ _ _ _ _ _ _ _ _ _ _ _ _ _ _ _ _ _ _ _ _ _ _ _ _ _ _ 
docs/sandbox/research/source-resume-v1/lifecycle/adverse01.log:61: trailing whitespace.
+tests/sandbox/test_source_trajectory_record.py:163: 
docs/sandbox/research/source-resume-v1/lifecycle/adverse01.log:62: trailing whitespace.
+_ _ _ _ _ _ _ _ _ _ _ _ _ _ _ _ _ _ _ _ _ _ _ _ _ _ _ _ _ _ _ _ _ _ _ _ _ _ _ _ 
docs/sandbox/research/source-resume-v1/lifecycle/adverse01.log:65: trailing whitespace.
+_ _ _ _ _ _ _ _ _ _ _ _ _ _ _ _ _ _ _ _ _ _ _ _ _ _ _ _ _ _ _ _ _ _ _ _ _ _ _ _ 
docs/sandbox/research/source-resume-v1/lifecycle/adverse01.log:102: trailing whitespace.
+tests/sandbox/test_source_trajectory_record.py:163: 
docs/sandbox/research/source-resume-v1/lifecycle/adverse01.log:103: trailing whitespace.
+_ _ _ _ _ _ _ _ _ _ _ _ _ _ _ _ _ _ _ _ _ _ _ _ _ _ _ _ _ _ _ _ _ _ _ _ _ _ _ _ 
docs/sandbox/research/source-resume-v1/lifecycle/adverse01.log:106: trailing whitespace.
+_ _ _ _ _ _ _ _ _ _ _ _ _ _ _ _ _ _ _ _ _ _ _ _ _ _ _ _ _ _ _ _ _ _ _ _ _ _ _ _ 
docs/sandbox/research/source-resume-v1/lifecycle/adverse01.xml:20: trailing whitespace.
+tests/sandbox/test_source_trajectory_record.py:163: 
docs/sandbox/research/source-resume-v1/lifecycle/adverse01.xml:21: trailing whitespace.
+_ _ _ _ _ _ _ _ _ _ _ _ _ _ _ _ _ _ _ _ _ _ _ _ _ _ _ _ _ _ _ _ _ _ _ _ _ _ _ _ 
docs/sandbox/research/source-resume-v1/lifecycle/adverse01.xml:24: trailing whitespace.
+_ _ _ _ _ _ _ _ _ _ _ _ _ _ _ _ _ _ _ _ _ _ _ _ _ _ _ _ _ _ _ _ _ _ _ _ _ _ _ _ 
docs/sandbox/research/source-resume-v1/lifecycle/adverse01.xml:54: trailing whitespace.
+tests/sandbox/test_source_trajectory_record.py:163: 
docs/sandbox/research/source-resume-v1/lifecycle/adverse01.xml:55: trailing whitespace.
+_ _ _ _ _ _ _ _ _ _ _ _ _ _ _ _ _ _ _ _ _ _ _ _ _ _ _ _ _ _ _ _ _ _ _ _ _ _ _ _ 
docs/sandbox/research/source-resume-v1/lifecycle/adverse01.xml:58: trailing whitespace.
+_ _ _ _ _ _ _ _ _ _ _ _ _ _ _ _ _ _ _ _ _ _ _ _ _ _ _ _ _ _ _ _ _ _ _ _ _ _ _ _ 
docs/sandbox/research/source-resume-v1/lifecycle/adverse01.xml:92: trailing whitespace.
+tests/sandbox/test_source_trajectory_record.py:163: 
docs/sandbox/research/source-resume-v1/lifecycle/adverse01.xml:93: trailing whitespace.
+_ _ _ _ _ _ _ _ _ _ _ _ _ _ _ _ _ _ _ _ _ _ _ _ _ _ _ _ _ _ _ _ _ _ _ _ _ _ _ _ 
docs/sandbox/research/source-resume-v1/lifecycle/adverse01.xml:96: trailing whitespace.
+_ _ _ _ _ _ _ _ _ _ _ _ _ _ _ _ _ _ _ _ _ _ _ _ _ _ _ _ _ _ _ _ _ _ _ _ _ _ _ _ 
docs/sandbox/research/source-resume-v1/lifecycle/adverse02.log:27: trailing whitespace.
+tests/sandbox/test_source_trajectory_record.py:167: 
docs/sandbox/research/source-resume-v1/lifecycle/adverse02.log:28: trailing whitespace.
+_ _ _ _ _ _ _ _ _ _ _ _ _ _ _ _ _ _ _ _ _ _ _ _ _ _ _ _ _ _ _ _ _ _ _ _ _ _ _ _ 
docs/sandbox/research/source-resume-v1/lifecycle/adverse02.log:34: trailing whitespace.
+_ _ _ _ _ _ _ _ _ _ _ _ _ _ _ _ _ _ _ _ _ _ _ _ _ _ _ _ _ _ _ _ _ _ _ _ _ _ _ _ 
docs/sandbox/research/source-resume-v1/lifecycle/adverse02.xml:23: trailing whitespace.
+tests/sandbox/test_source_trajectory_record.py:167: 
docs/sandbox/research/source-resume-v1/lifecycle/adverse02.xml:24: trailing whitespace.
+_ _ _ _ _ _ _ _ _ _ _ _ _ _ _ _ _ _ _ _ _ _ _ _ _ _ _ _ _ _ _ _ _ _ _ _ _ _ _ _ 
docs/sandbox/research/source-resume-v1/lifecycle/adverse02.xml:30: trailing whitespace.
+_ _ _ _ _ _ _ _ _ _ _ _ _ _ _ _ _ _ _ _ _ _ _ _ _ _ _ _ _ _ _ _ _ _ _ _ _ _ _ _ 
docs/sandbox/research/source-resume-v1/lifecycle/source_trajectory.diff:7: trailing whitespace.
+ 
docs/sandbox/research/source-resume-v1/lifecycle/source_trajectory.diff:8: trailing whitespace.
+ 
docs/sandbox/research/source-resume-v1/lifecycle/source_trajectory.diff:32: trailing whitespace.
+ 
docs/sandbox/research/source-resume-v1/lifecycle/source_trajectory.diff:50: trailing whitespace.
+ 
docs/sandbox/research/source-resume-v1/lifecycle/source_trajectory.diff:100: trailing whitespace.
+ 
docs/sandbox/research/source-resume-v1/review/prior/execution-worker/late-save-red.log:28: trailing whitespace.
+    
docs/sandbox/research/source-resume-v1/review/prior/execution-worker/late-save-red.log:38: trailing whitespace.
+    
docs/sandbox/research/source-resume-v1/review/prior/execution-worker/late-save-red.log:47: trailing whitespace.
+    
docs/sandbox/research/source-resume-v1/review/prior/execution-worker/late-save-red.log:94: trailing whitespace.
+    
docs/sandbox/research/source-resume-v1/review/prior/execution-worker/late-save-red.log:104: trailing whitespace.
+    
docs/sandbox/research/source-resume-v1/review/prior/execution-worker/late-save-red.log:113: trailing whitespace.
+    
docs/sandbox/research/source-resume-v1/review/prior/execution-worker/late-save-red.xml:24: trailing whitespace.
+    
docs/sandbox/research/source-resume-v1/review/prior/execution-worker/late-save-red.xml:34: trailing whitespace.
+    
docs/sandbox/research/source-resume-v1/review/prior/execution-worker/late-save-red.xml:43: trailing whitespace.
+    
docs/sandbox/research/source-resume-v1/review/prior/execution-worker/late-save-red.xml:87: trailing whitespace.
+    
docs/sandbox/research/source-resume-v1/review/prior/execution-worker/late-save-red.xml:97: trailing whitespace.
+    
docs/sandbox/research/source-resume-v1/review/prior/execution-worker/late-save-red.xml:106: trailing whitespace.
+    
docs/sandbox/research/source-resume-v1/review/prior/execution-worker/returned-status-red.log:35: trailing whitespace.
+    
docs/sandbox/research/source-resume-v1/review/prior/execution-worker/returned-status-red.log:45: trailing whitespace.
+    
docs/sandbox/research/source-resume-v1/review/prior/execution-worker/returned-status-red.log:66: trailing whitespace.
+E         
docs/sandbox/research/source-resume-v1/review/prior/execution-worker/returned-status-red.xml:31: trailing whitespace.
+    
docs/sandbox/research/source-resume-v1/review/prior/execution-worker/returned-status-red.xml:41: trailing whitespace.
+    
docs/sandbox/research/source-resume-v1/review/prior/execution-worker/returned-status-red.xml:62: trailing whitespace.
+E         
