{
  "status": "passed",
  "checks": 320,
  "elapsed_seconds": 0.01078900002175942,
  "scope": "12 printed Table4 rows, 84 literal yields, CSV parity, exact six-component sums and residuals; Table5 only 10 feed/printed-total values and five differences. No uncertainty, fitting or physical closure qualification.",
  "visual_review": "Both supplied page images actually viewed; Table4 all 84 yield values and Table5 selected feed/960C printed totals matched.",
  "table4_nonzero_sum_residuals": [
    {
      "trial": "TG1",
      "temperature": 960,
      "exact_sum_minus_printed_total": "-7/2500"
    },
    {
      "trial": "TG1",
      "temperature": "delta",
      "exact_sum_minus_printed_total": "-1/10000"
    },
    {
      "trial": "TG2",
      "temperature": 565,
      "exact_sum_minus_printed_total": "-1/10000"
    },
    {
      "trial": "TG2",
      "temperature": 960,
      "exact_sum_minus_printed_total": "-1/10000"
    },
    {
      "trial": "TG2",
      "temperature": "delta",
      "exact_sum_minus_printed_total": "-1/10000"
    }
  ],
  "additional_printed_delta_vs_endpoint_discrepancies": [
    {
      "trial": "TG1",
      "column": "solid",
      "printed_delta": "-597/5000",
      "endpoint_difference": "-1193/10000",
      "printed_minus_endpoint_difference": "-1/10000"
    },
    {
      "trial": "TG1",
      "column": "CO",
      "printed_delta": "291/5000",
      "endpoint_difference": "581/10000",
      "printed_minus_endpoint_difference": "1/10000"
    },
    {
      "trial": "TG1",
      "column": "CO2",
      "printed_delta": "17/5000",
      "endpoint_difference": "7/2000",
      "printed_minus_endpoint_difference": "-1/10000"
    },
    {
      "trial": "TG1",
      "column": "printed_total",
      "printed_delta": "-249/5000",
      "endpoint_difference": "-47/1000",
      "printed_minus_endpoint_difference": "-7/2500"
    },
    {
      "trial": "TG2",
      "column": "H2",
      "printed_delta": "17/2500",
      "endpoint_difference": "69/10000",
      "printed_minus_endpoint_difference": "-1/10000"
    }
  ],
  "additional_delta_check_scope": "Reviewer-only arithmetic; does not change the source transcription or assert the printed delta is recomputed.",
  "sha256": {
    "quantitative-record.json": "741053f768dd8d4a213998b5cdde9ddc8b8e8f7ad396060ef6d529fc6e06d545",
    "extract_tables.py": "633e5801444641e70206b9a389a616bd06e7387e15302de004ee6e188ee59f57",
    "table4.csv": "6c8cd53398c36d3bc03ca658dc601ffc02f78c17b9d2061dd4a2fbb3f2308036",
    "source.pdf": "3b49eae9d37fb2fab1c9097b2c5b2606e9ecbfe60e52f639f6e9ae637b78d536",
    "source.txt": "e5153267e44f511b1850d661a7e066e85f35290cf85c0f47aae175c3d47b912d",
    "table4.png": "bd3866b03e36b745769094fde6c290b0628bd7bf839789cbf4a6390d00b7802f",
    "table5.png": "d101809a9b7dbde1991cb01c0480163d11a3b83a7815c13a8b03c738825775ef"
  },
  "source_pdf_publication_allowed": false,
  "license_scope": "undetermined: private cache only per parent instruction",
  "EOS_calls": 0,
  "extractor_executed": false
}
