{
  "status": "completed",
  "python": "/private/tmp/brick-water-backend-probe/venv/bin/python",
  "installed_module": "/private/tmp/brick-water-backend-probe/venv/lib/python3.12/site-packages/sludge_sandbox/source_trajectory.py",
  "elapsed_seconds": 112.12329070799751,
  "parent_elapsed_seconds": 64.27724629204022,
  "parent_counts": {
    "heos_started": 4,
    "heos_kernel_returned": 4,
    "heos_returned": 4,
    "initial_energy_started": 3,
    "initial_energy_returned": 3,
    "rhs_started": 32,
    "rhs_returned": 32,
    "wet_started": 8,
    "wet_returned": 8
  },
  "final_counts": {
    "heos_kernel_returned": 8,
    "heos_returned": 8,
    "heos_started": 8,
    "initial_energy_returned": 3,
    "initial_energy_started": 3,
    "rhs_returned": 61,
    "rhs_started": 61,
    "wet_returned": 8,
    "wet_started": 8
  },
  "exact_start": {
    "schema": "exact_event_time_v1",
    "numerator": 18569100589280703,
    "denominator": 16977313971366282133504
  },
  "exact_end": {
    "schema": "exact_event_time_v1",
    "numerator": 18569100589280703,
    "denominator": 4244328492841570533376
  },
  "physical_end_seconds": 4.375038506232283e-06,
  "accepted_steps": 4,
  "evaluations": 29,
  "rejected_trials": 0,
  "attempted_trials": 4,
  "segment_elapsed_seconds": 43.217507749039214,
  "original_policy": {
    "maximum_steps": 4,
    "maximum_rejections": 4,
    "maximum_wall_seconds": 180.0,
    "amount_absolute_tolerance_mol": 1e-07,
    "energy_absolute_tolerance_j": 0.001
  },
  "balance_rows": 8,
  "journal_events": 73,
  "journal_bytes": 2499636,
  "maximum_inventory_residual_mol": 3.2199394037687634e-17,
  "maximum_energy_residual_j": 1.1220304576825878e-11,
  "parent_study_sha256": "49b42983df00fa40b05ce96d1360f32b9509000c6423c4c62945b3c163d1923a",
  "material_qualified": false,
  "full_firing_cycle": false,
  "archived_resume_authorized": false
}
