EEEEEEE                                                                  [100%]
==================================== ERRORS ====================================
_ ERROR at setup of test_reconstruction_uses_original_endpoint_and_new_actual_storage _

tmp_path_factory = TempPathFactory(_given_basetemp=None, _trace=<pluggy._tracing.TagTracerSub object at 0x10afc85c0>, _basetemp=PosixPath...rs/rs/k20kkfj95cq_ph554v_g_g480000gn/T/pytest-of-wanggaoying/pytest-339'), _retention_count=3, _retention_policy='all')

    @pytest.fixture(scope='module')
    def source_run(tmp_path_factory):
        output = tmp_path_factory.mktemp('source-trajectory-parent') / 'run'
        with pytest.MonkeyPatch.context() as patch:
            liquid_seam(patch)
            result = run_source_case(CASE, REPOSITORY, output)
        assert result['status'] == 'completed', result
        record = decode_source_study((output / RECORD).read_bytes())
>       assert record.roots['transition'].numerical_event_accepted
E       AssertionError: assert False
E        +  where False = SourceStudyNode(kind='sludge_sandbox.source_dry_transition.SourceDryTransition', values=mappingproxy({'balance_paths':...760157141521099596496896))})), 'source_certified': False, 'status': 'conditional_shared_wet_pressure_enclosure'}))))})).numerical_event_accepted

tests/sandbox/test_source_trajectory.py:30: AssertionError
_ ERROR at setup of test_pause_resume_preserves_callbacks_and_original_full_chain _

tmp_path_factory = TempPathFactory(_given_basetemp=None, _trace=<pluggy._tracing.TagTracerSub object at 0x10afc85c0>, _basetemp=PosixPath...rs/rs/k20kkfj95cq_ph554v_g_g480000gn/T/pytest-of-wanggaoying/pytest-339'), _retention_count=3, _retention_policy='all')

    @pytest.fixture(scope='module')
    def source_run(tmp_path_factory):
        output = tmp_path_factory.mktemp('source-trajectory-parent') / 'run'
        with pytest.MonkeyPatch.context() as patch:
            liquid_seam(patch)
            result = run_source_case(CASE, REPOSITORY, output)
        assert result['status'] == 'completed', result
        record = decode_source_study((output / RECORD).read_bytes())
>       assert record.roots['transition'].numerical_event_accepted
E       AssertionError: assert False
E        +  where False = SourceStudyNode(kind='sludge_sandbox.source_dry_transition.SourceDryTransition', values=mappingproxy({'balance_paths':...760157141521099596496896))})), 'source_certified': False, 'status': 'conditional_shared_wet_pressure_enclosure'}))))})).numerical_event_accepted

tests/sandbox/test_source_trajectory.py:30: AssertionError
____ ERROR at setup of test_old_runtime_is_rejected_before_new_construction ____

tmp_path_factory = TempPathFactory(_given_basetemp=None, _trace=<pluggy._tracing.TagTracerSub object at 0x10afc85c0>, _basetemp=PosixPath...rs/rs/k20kkfj95cq_ph554v_g_g480000gn/T/pytest-of-wanggaoying/pytest-339'), _retention_count=3, _retention_policy='all')

    @pytest.fixture(scope='module')
    def source_run(tmp_path_factory):
        output = tmp_path_factory.mktemp('source-trajectory-parent') / 'run'
        with pytest.MonkeyPatch.context() as patch:
            liquid_seam(patch)
            result = run_source_case(CASE, REPOSITORY, output)
        assert result['status'] == 'completed', result
        record = decode_source_study((output / RECORD).read_bytes())
>       assert record.roots['transition'].numerical_event_accepted
E       AssertionError: assert False
E        +  where False = SourceStudyNode(kind='sludge_sandbox.source_dry_transition.SourceDryTransition', values=mappingproxy({'balance_paths':...760157141521099596496896))})), 'source_certified': False, 'status': 'conditional_shared_wet_pressure_enclosure'}))))})).numerical_event_accepted

tests/sandbox/test_source_trajectory.py:30: AssertionError
__________ ERROR at setup of test_original_outer_wall_cannot_be_reset __________

tmp_path_factory = TempPathFactory(_given_basetemp=None, _trace=<pluggy._tracing.TagTracerSub object at 0x10afc85c0>, _basetemp=PosixPath...rs/rs/k20kkfj95cq_ph554v_g_g480000gn/T/pytest-of-wanggaoying/pytest-339'), _retention_count=3, _retention_policy='all')

    @pytest.fixture(scope='module')
    def source_run(tmp_path_factory):
        output = tmp_path_factory.mktemp('source-trajectory-parent') / 'run'
        with pytest.MonkeyPatch.context() as patch:
            liquid_seam(patch)
            result = run_source_case(CASE, REPOSITORY, output)
        assert result['status'] == 'completed', result
        record = decode_source_study((output / RECORD).read_bytes())
>       assert record.roots['transition'].numerical_event_accepted
E       AssertionError: assert False
E        +  where False = SourceStudyNode(kind='sludge_sandbox.source_dry_transition.SourceDryTransition', values=mappingproxy({'balance_paths':...760157141521099596496896))})), 'source_certified': False, 'status': 'conditional_shared_wet_pressure_enclosure'}))))})).numerical_event_accepted

tests/sandbox/test_source_trajectory.py:30: AssertionError
___ ERROR at setup of test_cancellation_does_not_restart_or_grant_checkpoint ___

tmp_path_factory = TempPathFactory(_given_basetemp=None, _trace=<pluggy._tracing.TagTracerSub object at 0x10afc85c0>, _basetemp=PosixPath...rs/rs/k20kkfj95cq_ph554v_g_g480000gn/T/pytest-of-wanggaoying/pytest-339'), _retention_count=3, _retention_policy='all')

    @pytest.fixture(scope='module')
    def source_run(tmp_path_factory):
        output = tmp_path_factory.mktemp('source-trajectory-parent') / 'run'
        with pytest.MonkeyPatch.context() as patch:
            liquid_seam(patch)
            result = run_source_case(CASE, REPOSITORY, output)
        assert result['status'] == 'completed', result
        record = decode_source_study((output / RECORD).read_bytes())
>       assert record.roots['transition'].numerical_event_accepted
E       AssertionError: assert False
E        +  where False = SourceStudyNode(kind='sludge_sandbox.source_dry_transition.SourceDryTransition', values=mappingproxy({'balance_paths':...760157141521099596496896))})), 'source_certified': False, 'status': 'conditional_shared_wet_pressure_enclosure'}))))})).numerical_event_accepted

tests/sandbox/test_source_trajectory.py:30: AssertionError
_ ERROR at setup of test_original_transition_budget_includes_new_segment_residual _

tmp_path_factory = TempPathFactory(_given_basetemp=None, _trace=<pluggy._tracing.TagTracerSub object at 0x10afc85c0>, _basetemp=PosixPath...rs/rs/k20kkfj95cq_ph554v_g_g480000gn/T/pytest-of-wanggaoying/pytest-339'), _retention_count=3, _retention_policy='all')

    @pytest.fixture(scope='module')
    def source_run(tmp_path_factory):
        output = tmp_path_factory.mktemp('source-trajectory-parent') / 'run'
        with pytest.MonkeyPatch.context() as patch:
            liquid_seam(patch)
            result = run_source_case(CASE, REPOSITORY, output)
        assert result['status'] == 'completed', result
        record = decode_source_study((output / RECORD).read_bytes())
>       assert record.roots['transition'].numerical_event_accepted
E       AssertionError: assert False
E        +  where False = SourceStudyNode(kind='sludge_sandbox.source_dry_transition.SourceDryTransition', values=mappingproxy({'balance_paths':...760157141521099596496896))})), 'source_certified': False, 'status': 'conditional_shared_wet_pressure_enclosure'}))))})).numerical_event_accepted

tests/sandbox/test_source_trajectory.py:30: AssertionError
______ ERROR at setup of test_policy_mutation_is_rejected_before_new_rhs _______

tmp_path_factory = TempPathFactory(_given_basetemp=None, _trace=<pluggy._tracing.TagTracerSub object at 0x10afc85c0>, _basetemp=PosixPath...rs/rs/k20kkfj95cq_ph554v_g_g480000gn/T/pytest-of-wanggaoying/pytest-339'), _retention_count=3, _retention_policy='all')

    @pytest.fixture(scope='module')
    def source_run(tmp_path_factory):
        output = tmp_path_factory.mktemp('source-trajectory-parent') / 'run'
        with pytest.MonkeyPatch.context() as patch:
            liquid_seam(patch)
            result = run_source_case(CASE, REPOSITORY, output)
        assert result['status'] == 'completed', result
        record = decode_source_study((output / RECORD).read_bytes())
>       assert record.roots['transition'].numerical_event_accepted
E       AssertionError: assert False
E        +  where False = SourceStudyNode(kind='sludge_sandbox.source_dry_transition.SourceDryTransition', values=mappingproxy({'balance_paths':...760157141521099596496896))})), 'source_certified': False, 'status': 'conditional_shared_wet_pressure_enclosure'}))))})).numerical_event_accepted

tests/sandbox/test_source_trajectory.py:30: AssertionError
- generated xml file: /private/tmp/brick-source-continuation-v1/trajectory-first.xml -
=========================== short test summary info ============================
ERROR tests/sandbox/test_source_trajectory.py::test_reconstruction_uses_original_endpoint_and_new_actual_storage
ERROR tests/sandbox/test_source_trajectory.py::test_pause_resume_preserves_callbacks_and_original_full_chain
ERROR tests/sandbox/test_source_trajectory.py::test_old_runtime_is_rejected_before_new_construction
ERROR tests/sandbox/test_source_trajectory.py::test_original_outer_wall_cannot_be_reset
ERROR tests/sandbox/test_source_trajectory.py::test_cancellation_does_not_restart_or_grant_checkpoint
ERROR tests/sandbox/test_source_trajectory.py::test_original_transition_budget_includes_new_segment_residual
ERROR tests/sandbox/test_source_trajectory.py::test_policy_mutation_is_rejected_before_new_rhs
7 errors in 25.41s
