EEEEEEEEEEEEEEE                                                          [100%]
==================================== ERRORS ====================================
_ ERROR at setup of test_reconstruction_uses_original_endpoint_and_new_actual_storage _

tmp_path_factory = TempPathFactory(_given_basetemp=None, _trace=<pluggy._tracing.TagTracerSub object at 0x106bd5520>, _basetemp=PosixPath...rs/rs/k20kkfj95cq_ph554v_g_g480000gn/T/pytest-of-wanggaoying/pytest-340'), _retention_count=3, _retention_policy='all')

    @pytest.fixture(scope='module')
    def source_run(tmp_path_factory):
        output = tmp_path_factory.mktemp('source-trajectory-parent') / 'run'
        # This liquid seam has different inverse error propagation from HEOS. Use
        # a tighter solve tolerance for this manufactured fixture, leaving the
        # original pressure acceptance gate and the real HEOS case unchanged.
        values = json.loads(CASE.read_bytes())
        values['inverse_policy']['temperature_tolerance_k'] = 1e-8
        case = output.parent / 'manufactured-seam-case.json'
        case.write_text(json.dumps(values))
        with pytest.MonkeyPatch.context() as patch:
            liquid_seam(patch)
            result = run_source_case(case, REPOSITORY, output)
        assert result['status'] == 'completed', result
        record = decode_source_study((output / RECORD).read_bytes())
>       assert record.roots['transition'].numerical_event_accepted
E       AssertionError: assert False
E        +  where False = SourceStudyNode(kind='sludge_sandbox.source_dry_transition.SourceDryTransition', values=mappingproxy({'balance_paths':...760157141521099596496896))})), 'source_certified': False, 'status': 'conditional_shared_wet_pressure_enclosure'}))))})).numerical_event_accepted

tests/sandbox/test_source_trajectory.py:38: AssertionError
_ ERROR at setup of test_pause_resume_preserves_callbacks_and_original_full_chain _

tmp_path_factory = TempPathFactory(_given_basetemp=None, _trace=<pluggy._tracing.TagTracerSub object at 0x106bd5520>, _basetemp=PosixPath...rs/rs/k20kkfj95cq_ph554v_g_g480000gn/T/pytest-of-wanggaoying/pytest-340'), _retention_count=3, _retention_policy='all')

    @pytest.fixture(scope='module')
    def source_run(tmp_path_factory):
        output = tmp_path_factory.mktemp('source-trajectory-parent') / 'run'
        # This liquid seam has different inverse error propagation from HEOS. Use
        # a tighter solve tolerance for this manufactured fixture, leaving the
        # original pressure acceptance gate and the real HEOS case unchanged.
        values = json.loads(CASE.read_bytes())
        values['inverse_policy']['temperature_tolerance_k'] = 1e-8
        case = output.parent / 'manufactured-seam-case.json'
        case.write_text(json.dumps(values))
        with pytest.MonkeyPatch.context() as patch:
            liquid_seam(patch)
            result = run_source_case(case, REPOSITORY, output)
        assert result['status'] == 'completed', result
        record = decode_source_study((output / RECORD).read_bytes())
>       assert record.roots['transition'].numerical_event_accepted
E       AssertionError: assert False
E        +  where False = SourceStudyNode(kind='sludge_sandbox.source_dry_transition.SourceDryTransition', values=mappingproxy({'balance_paths':...760157141521099596496896))})), 'source_certified': False, 'status': 'conditional_shared_wet_pressure_enclosure'}))))})).numerical_event_accepted

tests/sandbox/test_source_trajectory.py:38: AssertionError
____ ERROR at setup of test_old_runtime_is_rejected_before_new_construction ____

tmp_path_factory = TempPathFactory(_given_basetemp=None, _trace=<pluggy._tracing.TagTracerSub object at 0x106bd5520>, _basetemp=PosixPath...rs/rs/k20kkfj95cq_ph554v_g_g480000gn/T/pytest-of-wanggaoying/pytest-340'), _retention_count=3, _retention_policy='all')

    @pytest.fixture(scope='module')
    def source_run(tmp_path_factory):
        output = tmp_path_factory.mktemp('source-trajectory-parent') / 'run'
        # This liquid seam has different inverse error propagation from HEOS. Use
        # a tighter solve tolerance for this manufactured fixture, leaving the
        # original pressure acceptance gate and the real HEOS case unchanged.
        values = json.loads(CASE.read_bytes())
        values['inverse_policy']['temperature_tolerance_k'] = 1e-8
        case = output.parent / 'manufactured-seam-case.json'
        case.write_text(json.dumps(values))
        with pytest.MonkeyPatch.context() as patch:
            liquid_seam(patch)
            result = run_source_case(case, REPOSITORY, output)
        assert result['status'] == 'completed', result
        record = decode_source_study((output / RECORD).read_bytes())
>       assert record.roots['transition'].numerical_event_accepted
E       AssertionError: assert False
E        +  where False = SourceStudyNode(kind='sludge_sandbox.source_dry_transition.SourceDryTransition', values=mappingproxy({'balance_paths':...760157141521099596496896))})), 'source_certified': False, 'status': 'conditional_shared_wet_pressure_enclosure'}))))})).numerical_event_accepted

tests/sandbox/test_source_trajectory.py:38: AssertionError
__________ ERROR at setup of test_original_outer_wall_cannot_be_reset __________

tmp_path_factory = TempPathFactory(_given_basetemp=None, _trace=<pluggy._tracing.TagTracerSub object at 0x106bd5520>, _basetemp=PosixPath...rs/rs/k20kkfj95cq_ph554v_g_g480000gn/T/pytest-of-wanggaoying/pytest-340'), _retention_count=3, _retention_policy='all')

    @pytest.fixture(scope='module')
    def source_run(tmp_path_factory):
        output = tmp_path_factory.mktemp('source-trajectory-parent') / 'run'
        # This liquid seam has different inverse error propagation from HEOS. Use
        # a tighter solve tolerance for this manufactured fixture, leaving the
        # original pressure acceptance gate and the real HEOS case unchanged.
        values = json.loads(CASE.read_bytes())
        values['inverse_policy']['temperature_tolerance_k'] = 1e-8
        case = output.parent / 'manufactured-seam-case.json'
        case.write_text(json.dumps(values))
        with pytest.MonkeyPatch.context() as patch:
            liquid_seam(patch)
            result = run_source_case(case, REPOSITORY, output)
        assert result['status'] == 'completed', result
        record = decode_source_study((output / RECORD).read_bytes())
>       assert record.roots['transition'].numerical_event_accepted
E       AssertionError: assert False
E        +  where False = SourceStudyNode(kind='sludge_sandbox.source_dry_transition.SourceDryTransition', values=mappingproxy({'balance_paths':...760157141521099596496896))})), 'source_certified': False, 'status': 'conditional_shared_wet_pressure_enclosure'}))))})).numerical_event_accepted

tests/sandbox/test_source_trajectory.py:38: AssertionError
___ ERROR at setup of test_cancellation_does_not_restart_or_grant_checkpoint ___

tmp_path_factory = TempPathFactory(_given_basetemp=None, _trace=<pluggy._tracing.TagTracerSub object at 0x106bd5520>, _basetemp=PosixPath...rs/rs/k20kkfj95cq_ph554v_g_g480000gn/T/pytest-of-wanggaoying/pytest-340'), _retention_count=3, _retention_policy='all')

    @pytest.fixture(scope='module')
    def source_run(tmp_path_factory):
        output = tmp_path_factory.mktemp('source-trajectory-parent') / 'run'
        # This liquid seam has different inverse error propagation from HEOS. Use
        # a tighter solve tolerance for this manufactured fixture, leaving the
        # original pressure acceptance gate and the real HEOS case unchanged.
        values = json.loads(CASE.read_bytes())
        values['inverse_policy']['temperature_tolerance_k'] = 1e-8
        case = output.parent / 'manufactured-seam-case.json'
        case.write_text(json.dumps(values))
        with pytest.MonkeyPatch.context() as patch:
            liquid_seam(patch)
            result = run_source_case(case, REPOSITORY, output)
        assert result['status'] == 'completed', result
        record = decode_source_study((output / RECORD).read_bytes())
>       assert record.roots['transition'].numerical_event_accepted
E       AssertionError: assert False
E        +  where False = SourceStudyNode(kind='sludge_sandbox.source_dry_transition.SourceDryTransition', values=mappingproxy({'balance_paths':...760157141521099596496896))})), 'source_certified': False, 'status': 'conditional_shared_wet_pressure_enclosure'}))))})).numerical_event_accepted

tests/sandbox/test_source_trajectory.py:38: AssertionError
_ ERROR at setup of test_original_transition_budget_includes_new_segment_residual _

tmp_path_factory = TempPathFactory(_given_basetemp=None, _trace=<pluggy._tracing.TagTracerSub object at 0x106bd5520>, _basetemp=PosixPath...rs/rs/k20kkfj95cq_ph554v_g_g480000gn/T/pytest-of-wanggaoying/pytest-340'), _retention_count=3, _retention_policy='all')

    @pytest.fixture(scope='module')
    def source_run(tmp_path_factory):
        output = tmp_path_factory.mktemp('source-trajectory-parent') / 'run'
        # This liquid seam has different inverse error propagation from HEOS. Use
        # a tighter solve tolerance for this manufactured fixture, leaving the
        # original pressure acceptance gate and the real HEOS case unchanged.
        values = json.loads(CASE.read_bytes())
        values['inverse_policy']['temperature_tolerance_k'] = 1e-8
        case = output.parent / 'manufactured-seam-case.json'
        case.write_text(json.dumps(values))
        with pytest.MonkeyPatch.context() as patch:
            liquid_seam(patch)
            result = run_source_case(case, REPOSITORY, output)
        assert result['status'] == 'completed', result
        record = decode_source_study((output / RECORD).read_bytes())
>       assert record.roots['transition'].numerical_event_accepted
E       AssertionError: assert False
E        +  where False = SourceStudyNode(kind='sludge_sandbox.source_dry_transition.SourceDryTransition', values=mappingproxy({'balance_paths':...760157141521099596496896))})), 'source_certified': False, 'status': 'conditional_shared_wet_pressure_enclosure'}))))})).numerical_event_accepted

tests/sandbox/test_source_trajectory.py:38: AssertionError
______ ERROR at setup of test_policy_mutation_is_rejected_before_new_rhs _______

tmp_path_factory = TempPathFactory(_given_basetemp=None, _trace=<pluggy._tracing.TagTracerSub object at 0x106bd5520>, _basetemp=PosixPath...rs/rs/k20kkfj95cq_ph554v_g_g480000gn/T/pytest-of-wanggaoying/pytest-340'), _retention_count=3, _retention_policy='all')

    @pytest.fixture(scope='module')
    def source_run(tmp_path_factory):
        output = tmp_path_factory.mktemp('source-trajectory-parent') / 'run'
        # This liquid seam has different inverse error propagation from HEOS. Use
        # a tighter solve tolerance for this manufactured fixture, leaving the
        # original pressure acceptance gate and the real HEOS case unchanged.
        values = json.loads(CASE.read_bytes())
        values['inverse_policy']['temperature_tolerance_k'] = 1e-8
        case = output.parent / 'manufactured-seam-case.json'
        case.write_text(json.dumps(values))
        with pytest.MonkeyPatch.context() as patch:
            liquid_seam(patch)
            result = run_source_case(case, REPOSITORY, output)
        assert result['status'] == 'completed', result
        record = decode_source_study((output / RECORD).read_bytes())
>       assert record.roots['transition'].numerical_event_accepted
E       AssertionError: assert False
E        +  where False = SourceStudyNode(kind='sludge_sandbox.source_dry_transition.SourceDryTransition', values=mappingproxy({'balance_paths':...760157141521099596496896))})), 'source_certified': False, 'status': 'conditional_shared_wet_pressure_enclosure'}))))})).numerical_event_accepted

tests/sandbox/test_source_trajectory.py:38: AssertionError
___ ERROR at setup of test_single_validation_pass_returns_same_source_record ___

tmp_path_factory = TempPathFactory(_given_basetemp=None, _trace=<pluggy._tracing.TagTracerSub object at 0x106bd5520>, _basetemp=PosixPath...rs/rs/k20kkfj95cq_ph554v_g_g480000gn/T/pytest-of-wanggaoying/pytest-340'), _retention_count=3, _retention_policy='all')

    @pytest.fixture(scope='module')
    def source_run(tmp_path_factory):
        output = tmp_path_factory.mktemp('source-trajectory-parent') / 'run'
        # This liquid seam has different inverse error propagation from HEOS. Use
        # a tighter solve tolerance for this manufactured fixture, leaving the
        # original pressure acceptance gate and the real HEOS case unchanged.
        values = json.loads(CASE.read_bytes())
        values['inverse_policy']['temperature_tolerance_k'] = 1e-8
        case = output.parent / 'manufactured-seam-case.json'
        case.write_text(json.dumps(values))
        with pytest.MonkeyPatch.context() as patch:
            liquid_seam(patch)
            result = run_source_case(case, REPOSITORY, output)
        assert result['status'] == 'completed', result
        record = decode_source_study((output / RECORD).read_bytes())
>       assert record.roots['transition'].numerical_event_accepted
E       AssertionError: assert False
E        +  where False = SourceStudyNode(kind='sludge_sandbox.source_dry_transition.SourceDryTransition', values=mappingproxy({'balance_paths':...760157141521099596496896))})), 'source_certified': False, 'status': 'conditional_shared_wet_pressure_enclosure'}))))})).numerical_event_accepted

tests/sandbox/test_source_trajectory.py:38: AssertionError
_ ERROR at setup of test_source_record_change_after_manifest_check_is_rejected _

tmp_path_factory = TempPathFactory(_given_basetemp=None, _trace=<pluggy._tracing.TagTracerSub object at 0x106bd5520>, _basetemp=PosixPath...rs/rs/k20kkfj95cq_ph554v_g_g480000gn/T/pytest-of-wanggaoying/pytest-340'), _retention_count=3, _retention_policy='all')

    @pytest.fixture(scope='module')
    def source_run(tmp_path_factory):
        output = tmp_path_factory.mktemp('source-trajectory-parent') / 'run'
        # This liquid seam has different inverse error propagation from HEOS. Use
        # a tighter solve tolerance for this manufactured fixture, leaving the
        # original pressure acceptance gate and the real HEOS case unchanged.
        values = json.loads(CASE.read_bytes())
        values['inverse_policy']['temperature_tolerance_k'] = 1e-8
        case = output.parent / 'manufactured-seam-case.json'
        case.write_text(json.dumps(values))
        with pytest.MonkeyPatch.context() as patch:
            liquid_seam(patch)
            result = run_source_case(case, REPOSITORY, output)
        assert result['status'] == 'completed', result
        record = decode_source_study((output / RECORD).read_bytes())
>       assert record.roots['transition'].numerical_event_accepted
E       AssertionError: assert False
E        +  where False = SourceStudyNode(kind='sludge_sandbox.source_dry_transition.SourceDryTransition', values=mappingproxy({'balance_paths':...760157141521099596496896))})), 'source_certified': False, 'status': 'conditional_shared_wet_pressure_enclosure'}))))})).numerical_event_accepted

tests/sandbox/test_source_trajectory.py:38: AssertionError
____ ERROR at setup of test_summary_change_after_manifest_check_is_rejected ____

tmp_path_factory = TempPathFactory(_given_basetemp=None, _trace=<pluggy._tracing.TagTracerSub object at 0x106bd5520>, _basetemp=PosixPath...rs/rs/k20kkfj95cq_ph554v_g_g480000gn/T/pytest-of-wanggaoying/pytest-340'), _retention_count=3, _retention_policy='all')

    @pytest.fixture(scope='module')
    def source_run(tmp_path_factory):
        output = tmp_path_factory.mktemp('source-trajectory-parent') / 'run'
        # This liquid seam has different inverse error propagation from HEOS. Use
        # a tighter solve tolerance for this manufactured fixture, leaving the
        # original pressure acceptance gate and the real HEOS case unchanged.
        values = json.loads(CASE.read_bytes())
        values['inverse_policy']['temperature_tolerance_k'] = 1e-8
        case = output.parent / 'manufactured-seam-case.json'
        case.write_text(json.dumps(values))
        with pytest.MonkeyPatch.context() as patch:
            liquid_seam(patch)
            result = run_source_case(case, REPOSITORY, output)
        assert result['status'] == 'completed', result
        record = decode_source_study((output / RECORD).read_bytes())
>       assert record.roots['transition'].numerical_event_accepted
E       AssertionError: assert False
E        +  where False = SourceStudyNode(kind='sludge_sandbox.source_dry_transition.SourceDryTransition', values=mappingproxy({'balance_paths':...760157141521099596496896))})), 'source_certified': False, 'status': 'conditional_shared_wet_pressure_enclosure'}))))})).numerical_event_accepted

tests/sandbox/test_source_trajectory.py:38: AssertionError
_ ERROR at setup of test_publication_failure_retains_actual_result_but_closes_session _

tmp_path_factory = TempPathFactory(_given_basetemp=None, _trace=<pluggy._tracing.TagTracerSub object at 0x106bd5520>, _basetemp=PosixPath...rs/rs/k20kkfj95cq_ph554v_g_g480000gn/T/pytest-of-wanggaoying/pytest-340'), _retention_count=3, _retention_policy='all')

    @pytest.fixture(scope='module')
    def source_run(tmp_path_factory):
        output = tmp_path_factory.mktemp('source-trajectory-parent') / 'run'
        # This liquid seam has different inverse error propagation from HEOS. Use
        # a tighter solve tolerance for this manufactured fixture, leaving the
        # original pressure acceptance gate and the real HEOS case unchanged.
        values = json.loads(CASE.read_bytes())
        values['inverse_policy']['temperature_tolerance_k'] = 1e-8
        case = output.parent / 'manufactured-seam-case.json'
        case.write_text(json.dumps(values))
        with pytest.MonkeyPatch.context() as patch:
            liquid_seam(patch)
            result = run_source_case(case, REPOSITORY, output)
        assert result['status'] == 'completed', result
        record = decode_source_study((output / RECORD).read_bytes())
>       assert record.roots['transition'].numerical_event_accepted
E       AssertionError: assert False
E        +  where False = SourceStudyNode(kind='sludge_sandbox.source_dry_transition.SourceDryTransition', values=mappingproxy({'balance_paths':...760157141521099596496896))})), 'source_certified': False, 'status': 'conditional_shared_wet_pressure_enclosure'}))))})).numerical_event_accepted

tests/sandbox/test_source_trajectory.py:38: AssertionError
___ ERROR at setup of test_admission_journal_failure_preserves_primary_error ___

tmp_path_factory = TempPathFactory(_given_basetemp=None, _trace=<pluggy._tracing.TagTracerSub object at 0x106bd5520>, _basetemp=PosixPath...rs/rs/k20kkfj95cq_ph554v_g_g480000gn/T/pytest-of-wanggaoying/pytest-340'), _retention_count=3, _retention_policy='all')

    @pytest.fixture(scope='module')
    def source_run(tmp_path_factory):
        output = tmp_path_factory.mktemp('source-trajectory-parent') / 'run'
        # This liquid seam has different inverse error propagation from HEOS. Use
        # a tighter solve tolerance for this manufactured fixture, leaving the
        # original pressure acceptance gate and the real HEOS case unchanged.
        values = json.loads(CASE.read_bytes())
        values['inverse_policy']['temperature_tolerance_k'] = 1e-8
        case = output.parent / 'manufactured-seam-case.json'
        case.write_text(json.dumps(values))
        with pytest.MonkeyPatch.context() as patch:
            liquid_seam(patch)
            result = run_source_case(case, REPOSITORY, output)
        assert result['status'] == 'completed', result
        record = decode_source_study((output / RECORD).read_bytes())
>       assert record.roots['transition'].numerical_event_accepted
E       AssertionError: assert False
E        +  where False = SourceStudyNode(kind='sludge_sandbox.source_dry_transition.SourceDryTransition', values=mappingproxy({'balance_paths':...760157141521099596496896))})), 'source_certified': False, 'status': 'conditional_shared_wet_pressure_enclosure'}))))})).numerical_event_accepted

tests/sandbox/test_source_trajectory.py:38: AssertionError
_ ERROR at setup of test_pause_cannot_reset_source_callback_costs[rhs_started] _

tmp_path_factory = TempPathFactory(_given_basetemp=None, _trace=<pluggy._tracing.TagTracerSub object at 0x106bd5520>, _basetemp=PosixPath...rs/rs/k20kkfj95cq_ph554v_g_g480000gn/T/pytest-of-wanggaoying/pytest-340'), _retention_count=3, _retention_policy='all')

    @pytest.fixture(scope='module')
    def source_run(tmp_path_factory):
        output = tmp_path_factory.mktemp('source-trajectory-parent') / 'run'
        # This liquid seam has different inverse error propagation from HEOS. Use
        # a tighter solve tolerance for this manufactured fixture, leaving the
        # original pressure acceptance gate and the real HEOS case unchanged.
        values = json.loads(CASE.read_bytes())
        values['inverse_policy']['temperature_tolerance_k'] = 1e-8
        case = output.parent / 'manufactured-seam-case.json'
        case.write_text(json.dumps(values))
        with pytest.MonkeyPatch.context() as patch:
            liquid_seam(patch)
            result = run_source_case(case, REPOSITORY, output)
        assert result['status'] == 'completed', result
        record = decode_source_study((output / RECORD).read_bytes())
>       assert record.roots['transition'].numerical_event_accepted
E       AssertionError: assert False
E        +  where False = SourceStudyNode(kind='sludge_sandbox.source_dry_transition.SourceDryTransition', values=mappingproxy({'balance_paths':...760157141521099596496896))})), 'source_certified': False, 'status': 'conditional_shared_wet_pressure_enclosure'}))))})).numerical_event_accepted

tests/sandbox/test_source_trajectory.py:38: AssertionError
_ ERROR at setup of test_pause_cannot_reset_source_callback_costs[rhs_returned] _

tmp_path_factory = TempPathFactory(_given_basetemp=None, _trace=<pluggy._tracing.TagTracerSub object at 0x106bd5520>, _basetemp=PosixPath...rs/rs/k20kkfj95cq_ph554v_g_g480000gn/T/pytest-of-wanggaoying/pytest-340'), _retention_count=3, _retention_policy='all')

    @pytest.fixture(scope='module')
    def source_run(tmp_path_factory):
        output = tmp_path_factory.mktemp('source-trajectory-parent') / 'run'
        # This liquid seam has different inverse error propagation from HEOS. Use
        # a tighter solve tolerance for this manufactured fixture, leaving the
        # original pressure acceptance gate and the real HEOS case unchanged.
        values = json.loads(CASE.read_bytes())
        values['inverse_policy']['temperature_tolerance_k'] = 1e-8
        case = output.parent / 'manufactured-seam-case.json'
        case.write_text(json.dumps(values))
        with pytest.MonkeyPatch.context() as patch:
            liquid_seam(patch)
            result = run_source_case(case, REPOSITORY, output)
        assert result['status'] == 'completed', result
        record = decode_source_study((output / RECORD).read_bytes())
>       assert record.roots['transition'].numerical_event_accepted
E       AssertionError: assert False
E        +  where False = SourceStudyNode(kind='sludge_sandbox.source_dry_transition.SourceDryTransition', values=mappingproxy({'balance_paths':...760157141521099596496896))})), 'source_certified': False, 'status': 'conditional_shared_wet_pressure_enclosure'}))))})).numerical_event_accepted

tests/sandbox/test_source_trajectory.py:38: AssertionError
_____ ERROR at setup of test_pause_checkpoint_cannot_be_cleared_to_restart _____

tmp_path_factory = TempPathFactory(_given_basetemp=None, _trace=<pluggy._tracing.TagTracerSub object at 0x106bd5520>, _basetemp=PosixPath...rs/rs/k20kkfj95cq_ph554v_g_g480000gn/T/pytest-of-wanggaoying/pytest-340'), _retention_count=3, _retention_policy='all')

    @pytest.fixture(scope='module')
    def source_run(tmp_path_factory):
        output = tmp_path_factory.mktemp('source-trajectory-parent') / 'run'
        # This liquid seam has different inverse error propagation from HEOS. Use
        # a tighter solve tolerance for this manufactured fixture, leaving the
        # original pressure acceptance gate and the real HEOS case unchanged.
        values = json.loads(CASE.read_bytes())
        values['inverse_policy']['temperature_tolerance_k'] = 1e-8
        case = output.parent / 'manufactured-seam-case.json'
        case.write_text(json.dumps(values))
        with pytest.MonkeyPatch.context() as patch:
            liquid_seam(patch)
            result = run_source_case(case, REPOSITORY, output)
        assert result['status'] == 'completed', result
        record = decode_source_study((output / RECORD).read_bytes())
>       assert record.roots['transition'].numerical_event_accepted
E       AssertionError: assert False
E        +  where False = SourceStudyNode(kind='sludge_sandbox.source_dry_transition.SourceDryTransition', values=mappingproxy({'balance_paths':...760157141521099596496896))})), 'source_certified': False, 'status': 'conditional_shared_wet_pressure_enclosure'}))))})).numerical_event_accepted

tests/sandbox/test_source_trajectory.py:38: AssertionError
- generated xml file: /private/tmp/brick-source-continuation-v1/trajectory-second.xml -
=========================== short test summary info ============================
ERROR tests/sandbox/test_source_trajectory.py::test_reconstruction_uses_original_endpoint_and_new_actual_storage
ERROR tests/sandbox/test_source_trajectory.py::test_pause_resume_preserves_callbacks_and_original_full_chain
ERROR tests/sandbox/test_source_trajectory.py::test_old_runtime_is_rejected_before_new_construction
ERROR tests/sandbox/test_source_trajectory.py::test_original_outer_wall_cannot_be_reset
ERROR tests/sandbox/test_source_trajectory.py::test_cancellation_does_not_restart_or_grant_checkpoint
ERROR tests/sandbox/test_source_trajectory.py::test_original_transition_budget_includes_new_segment_residual
ERROR tests/sandbox/test_source_trajectory.py::test_policy_mutation_is_rejected_before_new_rhs
ERROR tests/sandbox/test_source_trajectory.py::test_single_validation_pass_returns_same_source_record
ERROR tests/sandbox/test_source_trajectory.py::test_source_record_change_after_manifest_check_is_rejected
ERROR tests/sandbox/test_source_trajectory.py::test_summary_change_after_manifest_check_is_rejected
ERROR tests/sandbox/test_source_trajectory.py::test_publication_failure_retains_actual_result_but_closes_session
ERROR tests/sandbox/test_source_trajectory.py::test_admission_journal_failure_preserves_primary_error
ERROR tests/sandbox/test_source_trajectory.py::test_pause_cannot_reset_source_callback_costs[rhs_started]
ERROR tests/sandbox/test_source_trajectory.py::test_pause_cannot_reset_source_callback_costs[rhs_returned]
ERROR tests/sandbox/test_source_trajectory.py::test_pause_checkpoint_cannot_be_cleared_to_restart
15 errors in 25.44s
