{
  "basis": "printed decimals, not independent instrument data",
  "feed_CHONS_sum": "0.5281",
  "implied_unassigned_ash_fraction": "0.4719",
  "liquid_CHONS_sum": "1.0001",
  "solid570_CHONS_sum": "0.3180",
  "solid960_CHONS_sum": "0.1702",
  "rows": [
    {
      "T_C": 570,
      "element": "C",
      "independent_multiplication_of_printed_y_and_composition": [
        "0.14315411",
        "0.14585000",
        "0.00175808",
        "0.00272900",
        "0.00119792",
        "0.0000"
      ],
      "sum": "0.29468911",
      "sum_minus_printed_feed": "-0.00001089",
      "composition_liquid_required_for_exact_printed_feed_balance": "0.5000373328762427151182721975",
      "printed_liquid_composition": "0.5000"
    },
    {
      "T_C": 570,
      "element": "H",
      "independent_multiplication_of_printed_y_and_composition": [
        "0.00927146",
        "0.02879079",
        "0.0000",
        "0.0000",
        "0.00040208",
        "0.0007"
      ],
      "sum": "0.03916433",
      "sum_minus_printed_feed": "0.00006433",
      "composition_liquid_required_for_exact_printed_feed_balance": "0.09847946520397668837847103188",
      "printed_liquid_composition": "0.0987"
    },
    {
      "T_C": 570,
      "element": "O",
      "independent_multiplication_of_printed_y_and_composition": [
        "0.02905980",
        "0.08753917",
        "0.00234192",
        "0.00727100",
        "0.0000",
        "0.0000"
      ],
      "sum": "0.12621189",
      "sum_minus_printed_feed": "0.00001189",
      "composition_liquid_required_for_exact_printed_feed_balance": "0.3000592389441206719232087761",
      "printed_liquid_composition": "0.3001"
    },
    {
      "T_C": 570,
      "element": "N",
      "independent_multiplication_of_printed_y_and_composition": [
        "0.01473747",
        "0.01954390",
        "0.0000",
        "0.0000",
        "0.0000",
        "0.0000"
      ],
      "sum": "0.03428137",
      "sum_minus_printed_feed": "-0.00001863",
      "composition_liquid_required_for_exact_printed_feed_balance": "0.06706386698663009941720946178",
      "printed_liquid_composition": "0.0670"
    },
    {
      "T_C": 570,
      "element": "S",
      "independent_multiplication_of_printed_y_and_composition": [
        "0.02380136",
        "0.01000531",
        "0.0000",
        "0.0000",
        "0.0000",
        "0.0000"
      ],
      "sum": "0.03380667",
      "sum_minus_printed_feed": "0.00000667",
      "composition_liquid_required_for_exact_printed_feed_balance": "0.03427713404182379156667809393",
      "printed_liquid_composition": "0.0343"
    },
    {
      "T_C": 960,
      "element": "C",
      "independent_multiplication_of_printed_y_and_composition": [
        "0.07370352",
        "0.14585000",
        "0.02521344",
        "0.00499407",
        "0.00194662",
        "0.0000"
      ],
      "sum": "0.25170765",
      "sum_minus_printed_feed": "-0.04299235",
      "composition_liquid_required_for_exact_printed_feed_balance": "0.6473854988001371271854645183",
      "printed_liquid_composition": "0.5000"
    },
    {
      "T_C": 960,
      "element": "H",
      "independent_multiplication_of_printed_y_and_composition": [
        "0.00159236",
        "0.02879079",
        "0.0000",
        "0.0000",
        "0.00065338",
        "0.0106"
      ],
      "sum": "0.04163653",
      "sum_minus_printed_feed": "0.00253653",
      "composition_liquid_required_for_exact_printed_feed_balance": "0.09000431950634213232773397326",
      "printed_liquid_composition": "0.0987"
    },
    {
      "T_C": 960,
      "element": "O",
      "independent_multiplication_of_printed_y_and_composition": [
        "0.00654005",
        "0.08753917",
        "0.03358656",
        "0.01330593",
        "0.0000",
        "0.0000"
      ],
      "sum": "0.14097171",
      "sum_minus_printed_feed": "0.01477171",
      "composition_liquid_required_for_exact_printed_feed_balance": "0.2494599245800479945149125814",
      "printed_liquid_composition": "0.3001"
    },
    {
      "T_C": 960,
      "element": "N",
      "independent_multiplication_of_printed_y_and_composition": [
        "0.00238854",
        "0.01954390",
        "0.0000",
        "0.0000",
        "0.0000",
        "0.0000"
      ],
      "sum": "0.02193244",
      "sum_minus_printed_feed": "-0.01236756",
      "composition_liquid_required_for_exact_printed_feed_balance": "0.1093982173465889612615701063",
      "printed_liquid_composition": "0.0670"
    },
    {
      "T_C": 960,
      "element": "S",
      "independent_multiplication_of_printed_y_and_composition": [
        "0.01256827",
        "0.01000531",
        "0.0000",
        "0.0000",
        "0.0000",
        "0.0000"
      ],
      "sum": "0.02257358",
      "sum_minus_printed_feed": "-0.01122642",
      "composition_liquid_required_for_exact_printed_feed_balance": "0.07278618443606444977716832362",
      "printed_liquid_composition": "0.0343"
    }
  ],
  "illustrative_LHV_25C_balance_MJ_kg_feed": {
    "water_assumption": "18.2 percent of total liquid; explicit interpretation",
    "solid": "5.376063",
    "gas": "0.199424",
    "organic_liquid": "7.974366252",
    "sum_minus_printed_feed_LHV11_3": "2.249853252",
    "printed_inferred_requirement": "2.18",
    "not_reproduction_or_correction": true
  },
  "source_sha256": "3b49eae9d37fb2fab1c9097b2c5b2606e9ecbfe60e52f639f6e9ae637b78d536"
}
