{
  "status": "audit_passed_of_failed_native_attempt",
  "checks": 255,
  "audit_seconds": 0.1762861249735579,
  "supervisor_elapsed_s": 208.27959304198157,
  "parent_elapsed_s": 206.9586390409968,
  "parent_completed": true,
  "numerical_event_accepted": false,
  "new_segments_executed": 0,
  "checkpoint_exists": false,
  "counts": {
    "heos_started": 4,
    "heos_kernel_returned": 4,
    "heos_returned": 4,
    "builder_returned": 1,
    "initial_energy_started": 3,
    "initial_energy_returned": 3,
    "rhs_started": 32,
    "rhs_returned": 32,
    "derived_controls": 1,
    "stage_started": 4,
    "stage_returned": 4,
    "candidate_returned": 2,
    "wet_started": 8,
    "wet_returned": 8,
    "transition_returned": 1
  },
  "case_sha256": "86df9489bfe6de7c2306cf480aecd88f5ff741623093adc1177a26b78d3a68b1",
  "parent_record_sha256": "bd137a827789ae701eaeb5accb5986da61ad26dc51551c4ad49f961e49cda7ca",
  "scope": "No EOS or source-study decode; raw parent event projection pairing and failure scope only; gate diagnosis delegated separately."
}
