{
  "checks": 515,
  "audit_seconds": 0.21640508400741965,
  "status": "partial_native_prefix_verified_not_complete",
  "counts": {
    "heos_started": 8,
    "heos_kernel_returned": 8,
    "heos_returned": 8,
    "builder_returned": 1,
    "initial_energy_started": 3,
    "initial_energy_returned": 3,
    "rhs_started": 53,
    "rhs_returned": 53,
    "derived_controls": 1,
    "stage_started": 4,
    "stage_returned": 4,
    "candidate_returned": 2,
    "wet_started": 8,
    "wet_returned": 8,
    "transition_returned": 1,
    "source_trajectory_reconstructed": 1,
    "ordinary_segment_returned": 1
  },
  "accepted_steps": 2,
  "attempted_trials": 3,
  "accepted_end_seconds": "583920099070365826495/18684848959032849465344",
  "accepted_end_float": 0.03125099380522851,
  "segment_elapsed_seconds": 185.5462036250392,
  "temperature_changes_k": [
    3.7997961044311523e-06,
    -7.35744833946228e-07,
    -3.073364496231079e-06
  ],
  "temperature_bound_sums_k": [
    5.583332036683153e-10,
    3.5643992764577123e-09,
    2.012470958870715e-09
  ],
  "energy_changes_j": [
    0.0013207532174419612,
    -0.00024383077061429503,
    -0.0010769224463729188
  ],
  "max_step_U_residual_j": "24572169/4611686018427387904",
  "global_step_U_changes_j": [
    "19/2199023255552",
    "-9/1099511627776"
  ],
  "unaccepted_tail_callbacks": 6,
  "balance_rows": 6
}
