{
  "source_sha256": "ec22d05e04becfb1f80ff911f356773fd4f899bfdc6d702fbd2bcde6dba516b7",
  "elapsed_seconds": 0.16204191697761416,
  "cases": [
    {
      "case": "control",
      "exit_code": 0,
      "actual_dry_mass": "104247/3125",
      "initial_water": "3003/3125",
      "output_material_qualified": false
    },
    {
      "case": "changed_charge",
      "exit_code": 0,
      "actual_dry_mass": "214569/6250",
      "initial_water": "6181/6250",
      "output_material_qualified": false
    },
    {
      "case": "changed_actual_moisture",
      "exit_code": 0,
      "actual_dry_mass": "386529/12500",
      "initial_water": "42471/12500",
      "output_material_qualified": false
    },
    {
      "case": "changed_product",
      "exit_code": 1
    },
    {
      "case": "invalid_actual_moisture",
      "exit_code": 0,
      "actual_dry_mass": "-858/125",
      "initial_water": "5148/125",
      "output_material_qualified": false
    },
    {
      "case": "material_label_upgrade",
      "exit_code": 0,
      "actual_dry_mass": "104247/3125",
      "initial_water": "3003/3125",
      "output_material_qualified": false
    }
  ],
  "eos_calls": 0
}
