{
  "status": "approved_saved_run_boundaries",
  "check_count": 36,
  "event_count": 15,
  "actual_work": {
    "provider_constructor_chains": 4,
    "new_rhs": 1,
    "native_state_calls": 2045,
    "initial_U": 0,
    "wet_collector_requests": 0,
    "accepted_steps": 0
  },
  "scope_checks": {
    "entry": 4,
    "exit": 4,
    "closed": true
  },
  "timings": {
    "worker_total_seconds": 3.2332417909638025,
    "reconstruction_seconds": 1.4614610829739831,
    "rhs_profiled_seconds": 1.7192298330483027,
    "scope_seconds": 1.6616475409828126,
    "supervisor_seconds": 4.342557290976401
  }
}
