{
  "status": "passed",
  "checks": [
    "0:baseline_bytes",
    "0:all_sample_fields",
    "0:context_binding",
    "0:metadata_scope",
    "0:owned_snapshot",
    "0:readonly_buffers",
    "0:same_context_error",
    "0:same_provenance_error",
    "0:single_decode_and_external_context",
    "0:study_baseline_bytes",
    "0:caller_mutation_isolation",
    "0:passive_check_after_input_mutation",
    "1:baseline_bytes",
    "1:all_sample_fields",
    "1:context_binding",
    "1:metadata_scope",
    "1:owned_snapshot",
    "1:readonly_buffers",
    "1:same_context_error",
    "1:same_provenance_error",
    "1:single_decode_and_external_context",
    "1:study_baseline_bytes",
    "1:caller_mutation_isolation",
    "1:passive_check_after_input_mutation",
    "zero_physics"
  ],
  "check_count": 25,
  "elapsed_seconds": 0.5762297500041313,
  "baseline": "86d9733 original encode AST, same unchanged decoder and schema",
  "native_observations": 2,
  "fixture_sha256": "22402009534a13111e0989a6f4d93bb22f313ee306a99f6bc328033f43e0e5d3",
  "live_physics_calls": 0
}
