{
  "scope": "pure worker control-flow seams; no isolation or numerical performance proof",
  "source_sha256": "186dbbb28c9d64c0207b6e8d5e28f49edb90adee924b4f5a9b7259cd7c5bb278",
  "cases": {
    "noncanonical_time": {
      "status": "rejected",
      "error": "source_rhs_request_exact_time"
    },
    "profile_publication_failure": {
      "exception": {
        "type": "OSError",
        "message": "control-seam profile publication failed",
        "notes": [],
        "original_exception_identity": false
      },
      "artifact_names": [
        "FAILURE.json",
        "case.json",
        "profile.pstats",
        "request.json"
      ],
      "terminal_json": {
        "FAILURE.json": {
          "accepted_steps": 0,
          "counts": {
            "heos_kernel_returned": 4,
            "heos_returned": 4,
            "heos_started": 4,
            "initial_energy_returned": 0,
            "initial_energy_started": 0,
            "rhs_returned": 1,
            "rhs_started": 1,
            "wet_returned": 0,
            "wet_started": 0
          },
          "elapsed_seconds": 0.001552457979414612,
          "exception": "OSError",
          "managed_audit": {
            "control_seam": true
          },
          "material_qualified": false,
          "notes": [],
          "reason": "control-seam profile publication failed",
          "secondary_errors": [],
          "source_resume_authorized": false,
          "status": "failed"
        }
      },
      "preserved_U": true,
      "physics_calls": 0
    },
    "primary_evaluation_and_secondary_audit": {
      "exception": {
        "type": "ValueError",
        "message": "actual control-seam evaluation failed",
        "notes": [],
        "original_exception_identity": true
      },
      "artifact_names": [
        "FAILURE.json",
        "PROFILE.txt",
        "case.json",
        "profile.pstats",
        "request.json"
      ],
      "terminal_json": {
        "FAILURE.json": {
          "accepted_steps": 0,
          "counts": {
            "heos_kernel_returned": 4,
            "heos_returned": 4,
            "heos_started": 4,
            "initial_energy_returned": 0,
            "initial_energy_started": 0,
            "rhs_returned": 0,
            "rhs_started": 1,
            "wet_returned": 0,
            "wet_started": 0
          },
          "elapsed_seconds": 0.002086082997266203,
          "exception": "ValueError",
          "managed_audit": null,
          "material_qualified": false,
          "notes": [],
          "reason": "actual control-seam evaluation failed",
          "secondary_errors": [
            {
              "exception": "RuntimeError",
              "reason": "control-seam audit serialization failed",
              "stage": "audit"
            }
          ],
          "source_resume_authorized": false,
          "status": "failed"
        }
      },
      "preserved_U": true,
      "physics_calls": 0
    },
    "normal_control": {
      "exception": null,
      "artifact_names": [
        "PROFILE.txt",
        "RESULT.json",
        "case.json",
        "profile.pstats",
        "request.json"
      ],
      "terminal_json": {
        "RESULT.json": {
          "accepted_steps": 0,
          "asset_manifest_sha256": "dddddddddddddddddddddddddddddddddddddddddddddddddddddddddddddddd",
          "config_sha256": "cccccccccccccccccccccccccccccccccccccccccccccccccccccccccccccccc",
          "counts": {
            "heos_kernel_returned": 4,
            "heos_returned": 4,
            "heos_started": 4,
            "initial_energy_returned": 0,
            "initial_energy_started": 0,
            "rhs_returned": 1,
            "rhs_started": 1,
            "wet_returned": 0,
            "wet_started": 0
          },
          "elapsed_seconds": 0.0019279580446891487,
          "execution_mode": "managed_single_rhs_v1",
          "managed_audit": {
            "control_seam": true
          },
          "material_qualified": false,
          "reconstruction_seconds": 0.0012952920515090227,
          "request_sha256": "f78264a81727bf9ec303c2daa425996a159c9f64a11c96cf30679ce11a33be09",
          "rhs_profiled_seconds": 3.6792014725506306e-05,
          "runtime": {
            "control_seam": true
          },
          "scope": "single_new_implementation_numerical_query_not_resume",
          "source_resume_authorized": false,
          "status": "completed"
        }
      },
      "preserved_U": true,
      "physics_calls": 0
    }
  }
}
