.F                                                                       [100%]
=================================== FAILURES ===================================
________ test_missing_input_after_child_exit_preserves_terminal_record _________

monkeypatch = <_pytest.monkeypatch.MonkeyPatch object at 0x10b04f3e0>
tmp_path = PosixPath('/Users/wanggaoying/Desktop/brickmodel-github/docs/sandbox/research/wang2021-startup-v1/review/code/driver-red-probes/test_missing_input_after_child0')

    def test_missing_input_after_child_exit_preserves_terminal_record(monkeypatch, tmp_path):
        target = Path(os.environ.get('SUPERVISE_REVIEW_TARGET', str(REPRODUCE/'supervise.py')))
        module = load('review_supervise', target)
        # Keep production path resolution but replace child execution completely.
        module.__file__ = str(REPRODUCE/'supervise.py')
        csv = tmp_path/'manufactured.csv'
        csv.write_text('not read by any data loader\n')
        output = tmp_path/'supervised'
    
        def fake_child(*args, **kwargs):
            csv.unlink()
            return SimpleNamespace(returncode=7)
    
        monkeypatch.setattr(module.subprocess, 'run', fake_child)
        monkeypatch.setattr(sys, 'argv', ['supervise', '--csv', str(csv), '--output', str(output)])
        try:
            result = module.main()
        except FileNotFoundError:
            result = None
        path = output/'supervisor-end.json'
>       assert path.exists(), 'actual child terminal status must survive a post-run input binding failure'
E       AssertionError: actual child terminal status must survive a post-run input binding failure
E       assert False
E        +  where False = exists()
E        +    where exists = PosixPath('/Users/wanggaoying/Desktop/brickmodel-github/docs/sandbox/research/wang2021-startup-v1/review/code/driver-red-probes/test_missing_input_after_child0/supervised/supervisor-end.json').exists

docs/sandbox/research/wang2021-startup-v1/review/code/test_driver_review.py:77: AssertionError
- generated xml file: /Users/wanggaoying/Desktop/brickmodel-github/docs/sandbox/research/wang2021-startup-v1/review/code/driver-red.xml -
=========================== short test summary info ============================
FAILED docs/sandbox/research/wang2021-startup-v1/review/code/test_driver_review.py::test_missing_input_after_child_exit_preserves_terminal_record
1 failed, 1 passed in 0.39s
