..F                                                                      [100%]
=================================== FAILURES ===================================
_____ test_column_normalization_does_not_pass_unresolvable_weak_direction ______

monkeypatch = <_pytest.monkeypatch.MonkeyPatch object at 0x10ca886e0>
tmp_path = PosixPath('/Users/wanggaoying/Desktop/brickmodel-github/docs/sandbox/research/wang2021-startup-v1/review/code/red02-probes/test_column_normalization_does0')

    def test_column_normalization_does_not_pass_unresolvable_weak_direction(monkeypatch, tmp_path):
        # This is a manufactured local response map, not a drying model or data fit.
        curves = {(40, 30): [dict(observed=0.) for _ in range(4)]}
        scales = np.array([1., 1., 1., 1e-12])
    
        def predict(curves, x, tau, cells, guard, **kwargs):
            return scales*np.r_[x, math.log(tau)], []
    
        monkeypatch.setattr(support, 'predictions', predict)
        result = support.sensitivities(curves, np.array([-20., -14., .8]), 300., 32, lambda: None)
        singular = result['comparisons'][0]['scaled_singular_values']
        observed = dict(accepted=result['accepted'], raw_condition=singular[0]/singular[-1],
                        result=result)
        (tmp_path/'WEAK_DIRECTION.json').write_text(json.dumps(observed, indent=2)+'\n')
>       assert not result['accepted'], 'normalized columns hide a raw condition number of approximately 1e12'
E       AssertionError: normalized columns hide a raw condition number of approximately 1e12
E       assert not True

docs/sandbox/research/wang2021-startup-v1/review/code/test_support_review.py:58: AssertionError
- generated xml file: /Users/wanggaoying/Desktop/brickmodel-github/docs/sandbox/research/wang2021-startup-v1/review/code/red02.xml -
=========================== short test summary info ============================
FAILED docs/sandbox/research/wang2021-startup-v1/review/code/test_support_review.py::test_column_normalization_does_not_pass_unresolvable_weak_direction
1 failed, 2 passed in 0.31s
