F                                                                        [100%]
=================================== FAILURES ===================================
________ test_actual_spherical_film_surface_and_single_host_evaluation _________

water = WaterProperties(reference=WaterReference(molar_mass_kg_mol=0.018015267999999997, native_specific_gas_constant_j_kg_k=4...ric_absolute_j_kg=0.002, heat_capacity_absolute_j_kg_k=1e-05, gibbs_absolute_j_kg=0.001, temperature_absolute_k=1e-09))
monkeypatch = <_pytest.monkeypatch.MonkeyPatch object at 0x10d25fce0>

    def test_actual_spherical_film_surface_and_single_host_evaluation(water,monkeypatch):
>       op=programmed_sphere(water)
           ^^^^^^^^^^^^^^^^^^^^^^^^

tests/sandbox/test_spherical_programmed_heat.py:62: 
_ _ _ _ _ _ _ _ _ _ _ _ _ _ _ _ _ _ _ _ _ _ _ _ _ _ _ _ _ _ _ _ _ _ _ _ _ _ _ _ 
tests/sandbox/test_spherical_programmed_heat.py:43: in programmed_sphere
    return ProgrammedSolidFluidHeat(base_model=host,program=program,convection_w_m2_k=h,emissivity=emissivity,
<string>:14: in __init__
    ???
_ _ _ _ _ _ _ _ _ _ _ _ _ _ _ _ _ _ _ _ _ _ _ _ _ _ _ _ _ _ _ _ _ _ _ _ _ _ _ _ 

self = ProgrammedSolidFluidHeat(base_model=SolidFluidHeat(storages=(SolidFluidStorage(fluid_template=RigidStorage(mechanical=...icy=SurfacePolicy(absolute_residual_w=1e-10, relative_residual=1e-12, maximum_iterations=100), allow_manufactured=True)

    def __post_init__(self):
        if type(self.base_model) not in (SolidFluidHeat,DeformingSolidHeat,FreeSolidSlab) or type(self.program) is not BoundaryProgram:
            raise ProgrammedSolidFluidHeatError('explicit_solid_fluid_and_program_required')
        if type(self.surface_policy) is not SurfacePolicy:raise ProgrammedSolidFluidHeatError('explicit_surface_policy_required')
        base=self._configuration_host;transport=base.transport
        if transport.spherical_geometry is not None:
>           raise ProgrammedSolidFluidHeatError('spherical_programmed_boundary_not_supported')
E           sludge_sandbox.programmed_solid_fluid_heat.ProgrammedSolidFluidHeatError: spherical_programmed_boundary_not_supported

src/sludge_sandbox/programmed_solid_fluid_heat.py:72: ProgrammedSolidFluidHeatError
=========================== short test summary info ============================
FAILED tests/sandbox/test_spherical_programmed_heat.py::test_actual_spherical_film_surface_and_single_host_evaluation
1 failed in 0.37s
