{
  "status": "PASS",
  "graph_counts": {
    "primitive_values": 1397,
    "binary64": 456,
    "fraction": 24,
    "qualification_fields": 41,
    "nodes": 200,
    "references": 229,
    "arrays": 6
  },
  "adverse_controls": [
    {
      "case": "pressure_one_ulp",
      "rejected": true
    },
    {
      "case": "event_qualification_upgrade",
      "rejected": true
    },
    {
      "case": "energy_identity_forged",
      "rejected": true
    }
  ],
  "old_rhs_seconds": 6.382242000021506,
  "new_rhs_seconds": 1.7192298330483027,
  "elapsed_seconds": 0.012843083997722715
}
