{
  "scope": "read-only metadata; no AbstractState/provider construction, EOS or setters",
  "get_config_calls": 32,
  "get_fluid_json_calls": 32,
  "constructor_calls": 0,
  "eos_calls": 0,
  "setter_calls": 0,
  "import_seconds": 0.5858457499998622,
  "elapsed_seconds": 0.6904898749780841,
  "coolprop_version": "8.0.0",
  "loaded_extension": "/private/tmp/brick-water-backend-probe/venv/lib/python3.12/site-packages/CoolProp/CoolProp.abi3.so",
  "manifest_sha256": "5f9e39bf1d3376b931caaf8fbda478b482cafe4c8b57a490860ac6ed080bf6db",
  "summary": {
    "config_getter_seconds": {
      "total": 0.0006204589153639972,
      "mean": 1.9389341105124913e-05,
      "median": 1.5332974726334214e-05,
      "minimum": 1.4125020243227482e-05,
      "maximum": 0.00011433399049565196
    },
    "config_parse_sort_seconds": {
      "total": 0.0007556230993941426,
      "mean": 2.3613221856066957e-05,
      "median": 1.766698551364243e-05,
      "minimum": 1.554196933284402e-05,
      "maximum": 0.00011058402014896274
    },
    "fluid_getter_seconds": {
      "total": 0.035044665972236544,
      "mean": 0.001095145811632392,
      "median": 0.001060874987160787,
      "minimum": 0.0010443329811096191,
      "maximum": 0.0012362090055830777
    },
    "fluid_encode_hash_seconds": {
      "total": 0.0011312530259601772,
      "mean": 3.535165706125554e-05,
      "median": 3.356303204782307e-05,
      "minimum": 3.333296626806259e-05,
      "maximum": 5.366600817069411e-05
    },
    "fluid_parse_canonical_hash_seconds": {
      "total": 0.06668237195117399,
      "mean": 0.0020838241234741872,
      "median": 0.002057437493931502,
      "minimum": 0.002018583007156849,
      "maximum": 0.0022764999885112047
    },
    "actual_transaction_one_check_seconds": {
      "total": 0.03755200101295486,
      "mean": 0.0011735000316548394,
      "median": 0.0011319164768792689,
      "minimum": 0.0011079999967478216,
      "maximum": 0.0014085000148043036
    }
  }
}
