{
  "verdict": "saved_locked_prediction_and_comparison_verified_no_material_pass",
  "decimal_rate_s_inv": "0.0002402786349834343237968056883374737071943078454184135949067367390528878",
  "saved_rate_s_inv": 0.00024027863498343442,
  "max_independent_time_difference_s": 6.067291125627191e-13,
  "overall": {
    "n": 8,
    "mae_s": 133.65160875873747,
    "rmse_s": 141.55899247376556,
    "max_abs_s": 235.0209294261565,
    "bias_s": -133.65160875873747,
    "inside_reading_intervals": 3
  },
  "secondary_relative_difference": 0.08184887430632336,
  "all_center_residuals_negative": true,
  "observed_local_mtime_ns": {
    "prediction.json": 1789205884529666617,
    "PREDICTION_LOCK.json": 1789205884544744374,
    "comparison.json": 1789206062243698629,
    "COMPARISON_EXECUTION.json": 1789206062265206794
  },
  "audit_seconds": 0.004055999976117164,
  "limitations": [
    "No CLI, comparator, optimizer, solver, or PDF extractor was run or imported.",
    "Geometry-to-number mapping and saved source identities were checked; curve selection and full reading-envelope construction rely on the separate source audit.",
    "Local modification times and execution records are consistent with locking before comparison; they are not external timestamp attestation or independent wall-clock measurement.",
    "Three of eight within a declared reading envelope is a descriptive result, not an acceptance percentage or experiment uncertainty model."
  ]
}
