{
  "status": "candidate_comparison_not_certified",
  "numerical_event_accepted": false,
  "clock_distance_upper_s": {
    "fraction": "2230074518655242959881049126542249/240945027973106313796453547728495357019876753408",
    "approx": 9.255532423371518e-15
  },
  "clock_gate": true,
  "endpoint_gates": [
    [
      true,
      true,
      true,
      false
    ],
    [
      true,
      true,
      true,
      false
    ]
  ],
  "conditional_pressure_bounds_pa": [
    {
      "fraction": "379722159332902482550581060121806696735814679443510095047472546802646657060864275661222888186823746928029961562781771052541078521385200880736609323605723816615153536609663775679486962611407701176097358681603749949951809203814416365274320879417235064739/149991183716619112160450204599192567326827160806110939959920457167878915975473108179682382264138463708748412736296470580405468233205705245350747841231819285350435920270890623129719055741730372928799945396323278941904117883090994208037942884827158145925120",
      "approx": 0.002531629859327719
    },
    {
      "fraction": "1687500720221344384510384037619627977256656901879421831865565781017325866416804519432199996966434591252542676308576506988280366095989927045222461829126175793958109377984077201111964638375845267913354093898476646537078614677431170458210633510317402677645/666627483185264106800525653659790848959488117350175107048002470446905929515162839395793324139001338162298192062761681070094321551525708954630237698292568976603002784631445986754276696196960243539917363976284247179841734222767027229823755148869662693916672",
      "approx": 0.0025313998639212524
    }
  ],
  "conditional_pressure_gates": [
    false,
    false
  ],
  "pressure_strategy": "explicit_shared_source_wet_and_dry_volume",
  "cell_endpoint_gates": [
    [
      [
        true,
        true,
        true,
        false
      ],
      [
        true,
        true,
        true,
        false
      ],
      [
        true,
        true,
        true,
        false
      ]
    ],
    [
      [
        true,
        true,
        true,
        false
      ],
      [
        true,
        true,
        true,
        false
      ],
      [
        true,
        true,
        true,
        false
      ]
    ]
  ],
  "cell_conditional_pressure_gates": [
    [
      false,
      false,
      false
    ],
    [
      false,
      false,
      false
    ]
  ],
  "cell_selected_pressure_bounds_pa": [
    [
      {
        "fraction": "21281713630679198523490687630865994519461136463456154075724193886687784168269723136472900390659145428573439955242384599014423583641076701367234261552344781508944047022246316669351850794447269721082067613935940411874156265115109328932736158124944464992645195067879795958845577/500270296288732863359401272343384614920719197959888804342264061302816022498213196325892697976905135042302851471848301840714064751367784833311459187061873492000699880206106635487612509405716034758787875718567386618154162251001573133723447930159262023601443223323965139817227878400",
        "approx": 4.254043022053897e-05
      },
      {
        "fraction": "73577374340748211741798726242014986972012245391/1532495539333393349393930098453565926189923037085696",
        "approx": 4.8011477000939905e-05
      },
      {
        "fraction": "14155684458704185984774040135932946534708251727625530214054155894771428796774446670939320286913647455365798338257378117720340003891246744266400083001873412351963204946751026371457801989979197314774724194917630158851830907883669625260969217975867983703109506183139350052328087108294682589408599/30443328492142602324036766330135439392174742101251286802322837219114730670149903692270169910133082729397910952046579255135285470487965461707476501297036672533873578667706527509630796236104099076763623763772455628617622321177313455299083133871473734516191850847821637389708293159431773071658188800",
        "approx": 0.0004649847818827615
      }
    ],
    [
      {
        "fraction": "134378111283432562800078084453106439084837928099026131326733207082186629097492299033576790760056875025240519176991305512912140545139851757626822212162242650139478396463361822919459144256586679964412073838255453291679629673198605245637359973269700363305868858130014760080218037063/3138015471310860029910903267465557812398770079463425249421764597578823438345691659625520006451854804124817029408437722290376910607164866550946828708283086611111697811018568097223056678240153623105275587689222857457098717254158823126293173878864224793802614677401265506543633799577600",
        "approx": 4.282264141524391e-05
      },
      {
        "fraction": "36743630311032222722389419655059199536957080399/766247769666696674696965049226782963094961518542848",
        "approx": 4.795267505576559e-05
      },
      {
        "fraction": "314415169622213266833702736522041077358946467747946651521562799503019214548207107430929263259222703755507671054463499588427396456601254342709414085100296757156435180926446877431100550533597550287588936449096731833837144864539227949008888930325402466189085517704994066147542282327257852242167677/676518410936796855730152450274793497479166388575716567164067251600913548245212515591360475389102253615288767615391424875966447498093143903329273753127311535321962949312362142179312822368560410040140714725386842720810874700946885495435980141344876947763613894368371306195815511862557877580752486400",
        "approx": 0.0004647547864762948
      }
    ]
  ],
  "cell_selected_pressure_gates": [
    [
      true,
      true,
      false
    ],
    [
      true,
      true,
      false
    ]
  ],
  "dry_pairs": [
    {
      "bound_pa": {
        "fraction": "73577374340748211741798726242014986972012245391/1532495539333393349393930098453565926189923037085696",
        "approx": 4.8011477000939905e-05
      },
      "status": "conditional_shared_dry_pressure_enclosure"
    },
    {
      "bound_pa": {
        "fraction": "36743630311032222722389419655059199536957080399/766247769666696674696965049226782963094961518542848",
        "approx": 4.795267505576559e-05
      },
      "status": "conditional_shared_dry_pressure_enclosure"
    }
  ],
  "input": {
    "path": "/private/tmp/brick-source-dynamic-continuation-v1/native01/parent/events/000111.json",
    "sha256": "4ef5251422a63f92371e1d4e62d990db6c3dba9a27c10685c02a029d78129f4b",
    "bytes": 2201509,
    "study_sha256": "bd137a827789ae701eaeb5accb5986da61ad26dc51551c4ad49f961e49cda7ca"
  },
  "elapsed_seconds": 0.017361665959469974,
  "eos_calls": 0,
  "full_study_decodes": 0
}
PAIR 0 0 status conditional_shared_wet_pressure_enclosure reason None joint {'fraction': '21281713630679198523490687630865994519461136463456154075724193886687784168269723136472900390659145428573439955242384599014423583641076701367234261552344781508944047022246316669351850794447269721082067613935940411874156265115109328932736158124944464992645195067879795958845577/500270296288732863359401272343384614920719197959888804342264061302816022498213196325892697976905135042302851471848301840714064751367784833311459187061873492000699880206106635487612509405716034758787875718567386618154162251001573133723447930159262023601443223323965139817227878400', 'approx': 4.254043022053897e-05}
PART 0 {'actual_fluid_error_pa': {'fraction': '741031874692195/36893488147419103232', 'approx': 2.0085709210557098e-05}, 'saved_volume_residual_m3': {'fraction': '-209533/1180591620717411303424', 'approx': -1.7748135453703531e-16}, 'report_to_root_bound_pa': {'fraction': '1380767547022010124426977380977963565581443961917451089995128731/6630432364454123408526378276253929105677270586448417945495546940620800', 'approx': 2.082469846799632e-07}, 'retained_report_error_pa': {'fraction': '288960468965912751093155949927035806369355251585017917836681235973322896313/14238745081835206465984421124917739450193202549669347933421442311799594968678400', 'approx': 2.0293956195237197e-05}, 'original_temperature_error_pa': {'fraction': '147259040352930538920023625819067245774005845809861919528475524565635364882296478222886839698391712679787597837841940405436117463162625015563711633881099938944401854362249438733419632390692007864124213715/155227782192042136303881158832992449403029752228121462071827481635743648075291543494666981833898876155845467666101993602304533555887653121195200472378749246182172017629004168264095724617315164578097619840008192', 'approx': 9.486642034912735e-07}, 'added_temperature_error_pa': {'fraction': '235910212147780338422922583338269157703734240140043369707842707733434810552245503501898869695256190184961742332476135689104146802688575069/2552194699099125837200910429055843890659989060719300080498343454987392873339384253247871338140375213031048472771284764006787825428897994036032098117766510280704', 'approx': 9.243425363709593e-23}, 'machine_residual_bound_m3': {'fraction': '37112675391756998983207532913939/1418839610299346995954968681060100208783047786496', 'approx': 2.6157061814708543e-17}}
PART 1 {'actual_fluid_error_pa': {'fraction': '741031874692195/36893488147419103232', 'approx': 2.0085709210557098e-05}, 'saved_volume_residual_m3': {'fraction': '-209533/1180591620717411303424', 'approx': -1.7748135453703531e-16}, 'report_to_root_bound_pa': {'fraction': '1380767547022010124426977380977963565581443961917451089995128731/6630432364454123408526378276253929105677270586448417945495546940620800', 'approx': 2.082469846799632e-07}, 'retained_report_error_pa': {'fraction': '288960468965912751093155949927035806369355251585017917836681235973322896313/14238745081835206465984421124917739450193202549669347933421442311799594968678400', 'approx': 2.0293956195237197e-05}, 'original_temperature_error_pa': {'fraction': '147236271632627171927372456253051335154043323296552807115488010126081252364188908981308297089740747529789111207182104128461920687799577326028353601247383187781688950418510076742366615047464382700760514531/155227782192042179941627651680394393024356783321021810307197561279512949788113506914893257178147490812065829851409806681153553572967073879240779344770908136475616226541495385391931188310989072214518926669774848', 'approx': 9.485175240761464e-07}, 'added_temperature_error_pa': {'fraction': '26208192940861449973438065655194090767037425455181320733385686486416267370716096655768288683923417423254959010290862485319004642397420373/283577188788791839408414629866119653802886502676068594126284043624994364407467808629350896791270255417026284426237104607015000000882497534042524868554065444864', 'approx': 9.241996174939621e-23}, 'machine_residual_bound_m3': {'fraction': '37112675391756998983207532913939/1418839610299346995954968681060100208783047786496', 'approx': 2.6157061814708543e-17}}
PAIR 0 2 status conditional_shared_wet_pressure_enclosure reason None joint {'fraction': '14155684458704185984774040135932946534708251727625530214054155894771428796774446670939320286913647455365798338257378117720340003891246744266400083001873412351963204946751026371457801989979197314774724194917630158851830907883669625260969217975867983703109506183139350052328087108294682589408599/30443328492142602324036766330135439392174742101251286802322837219114730670149903692270169910133082729397910952046579255135285470487965461707476501297036672533873578667706527509630796236104099076763623763772455628617622321177313455299083133871473734516191850847821637389708293159431773071658188800', 'approx': 0.0004649847818827615}
PART 0 {'actual_fluid_error_pa': {'fraction': '1637095956020095/9223372036854775808', 'approx': 0.00017749429920842208}, 'saved_volume_residual_m3': {'fraction': '-1059327/590295810358705651712', 'approx': -1.7945697418321124e-15}, 'report_to_root_bound_pa': {'fraction': '299508245464793146236989150129325146680532806897539799689168946584768738815873931206583554220649/158895285956670296769665818079530535175714192472331630400793584770807332313678807466669219914553753600', 'approx': 1.8849410393865749e-06}, 'retained_report_error_pa': {'fraction': '57005031347731670790084179111863386273223442392856220576623550065689317973446354283460322755403323/317790571913340593539331636159061070351428384944663260801587169541614664627357614933338439829107507200', 'approx': 0.00017937924024780875}, 'original_temperature_error_pa': {'fraction': '100663945941075443265042132149450615055518702721409853985871101847406800034656580965714501301723046325170538893028852594300165460255210374409779294142712915106881050772359151545499640338781787031497/1896289438221580039715968338783749843944501004004246541859325728530016033840139202205310769457838547100650962250635091861627888923052585532930642308131659059153435781441135330354656973034602682604584960', 'approx': 5.3084694726498255e-05}, 'added_temperature_error_pa': {'fraction': '7654331946962918314781428601455967742451114248737914228000475716314497263450847701291958814777435154904465123047485069713305448040613/5321054193881413545810735275532960500924562264350046613759489130641902530460763339873577218148999897919112422257344387428174849654847760449683545212846080', 'approx': 1.438499152247782e-21}, 'machine_residual_bound_m3': {'fraction': '55032024064332507194067598061976544932572994503603350370023921/2099277970479659114321647340686538497402562945917724813914677769760839900856320', 'approx': 2.6214738990357892e-17}}
PART 1 {'actual_fluid_error_pa': {'fraction': '1637095956020095/9223372036854775808', 'approx': 0.00017749429920842208}, 'saved_volume_residual_m3': {'fraction': '-1059327/590295810358705651712', 'approx': -1.7945697418321124e-15}, 'report_to_root_bound_pa': {'fraction': '299508245464793146236989150129325146680532806897539799689168946584768738815873931206583554220649/158895285956670296769665818079530535175714192472331630400793584770807332313678807466669219914553753600', 'approx': 1.8849410393865749e-06}, 'retained_report_error_pa': {'fraction': '57005031347731670790084179111863386273223442392856220576623550065689317973446354283460322755403323/317790571913340593539331636159061070351428384944663260801587169541614664627357614933338439829107507200', 'approx': 0.00017937924024780875}, 'original_temperature_error_pa': {'fraction': '257700413670965483577265397189094080560193645132763703346528183627706543538161840751311690586184135155627472567611263625031275837042517505769594976441910249874548421893344952370183870713004120539930303/4854500961847243553564161787184868990061667391978320073801761233477293678939566794348585671788722806537408599476727628756071974089133564319278595770105561022309420073871876225632280998738643301603733405696', 'approx': 5.308484140724217e-05}, 'added_temperature_error_pa': {'fraction': '7348178973117131694036768901576768880114332066897574874266086993298064675673369693253679689656435956556556164069827142329756622793893251/5108212026126155585413304921077984349186810697449741199959311150136003037127895793453386253124677375919366588450972346305088602795334053841960418257118691328', 'approx': 1.4385031270304708e-21}, 'machine_residual_bound_m3': {'fraction': '55032024064332507194067598061976544932572994503603350370023921/2099277970479659114321647340686538497402562945917724813914677769760839900856320', 'approx': 2.6214738990357892e-17}}
PAIR 1 0 status conditional_shared_wet_pressure_enclosure reason None joint {'fraction': '134378111283432562800078084453106439084837928099026131326733207082186629097492299033576790760056875025240519176991305512912140545139851757626822212162242650139478396463361822919459144256586679964412073838255453291679629673198605245637359973269700363305868858130014760080218037063/3138015471310860029910903267465557812398770079463425249421764597578823438345691659625520006451854804124817029408437722290376910607164866550946828708283086611111697811018568097223056678240153623105275587689222857457098717254158823126293173878864224793802614677401265506543633799577600', 'approx': 4.282264141524391e-05}
PART 0 {'actual_fluid_error_pa': {'fraction': '741031874692195/36893488147419103232', 'approx': 2.0085709210557098e-05}, 'saved_volume_residual_m3': {'fraction': '-209533/1180591620717411303424', 'approx': -1.7748135453703531e-16}, 'report_to_root_bound_pa': {'fraction': '1380767547022010124426977380977963565581443961917451089995128731/6630432364454123408526378276253929105677270586448417945495546940620800', 'approx': 2.082469846799632e-07}, 'retained_report_error_pa': {'fraction': '288960468965912751093155949927035806369355251585017917836681235973322896313/14238745081835206465984421124917739450193202549669347933421442311799594968678400', 'approx': 2.0293956195237197e-05}, 'original_temperature_error_pa': {'fraction': '270660078855666249136464321255778320614120588412579336008736976587466002681042809261606289298782961109698356066016695432202104622682188989713416121259436059916493952830219165602829172943361019106241677123/248364451507200250866808112917829480194159740404311166883819620989216723889723333801273531135810797986793278082808478174405948445604077728033389818537279652983010531487443916722968182517020854837978841869189120', 'approx': 1.0897698008437395e-06}, 'added_temperature_error_pa': {'fraction': '216799853067205572101793697305840096534898355695821117143810139969800731233906547566721784803265362777659142818240448567578633357862252769/2041755759278748501138302646911072928351941752847043969709104847966600604078404935894589672038842220205986990952338208174095165718814259128165825846279111966720', 'approx': 1.061830496042241e-22}, 'machine_residual_bound_m3': {'fraction': '37112675391756998983207532913939/1418839610299346995954968681060100208783047786496', 'approx': 2.6157061814708543e-17}}
PART 1 {'actual_fluid_error_pa': {'fraction': '741031874692195/36893488147419103232', 'approx': 2.0085709210557098e-05}, 'saved_volume_residual_m3': {'fraction': '-209533/1180591620717411303424', 'approx': -1.7748135453703531e-16}, 'report_to_root_bound_pa': {'fraction': '1380767547022010124426977380977963565581443961917451089995128731/6630432364454123408526378276253929105677270586448417945495546940620800', 'approx': 2.082469846799632e-07}, 'retained_report_error_pa': {'fraction': '288960468965912751093155949927035806369355251585017917836681235973322896313/14238745081835206465984421124917739450193202549669347933421442311799594968678400', 'approx': 2.0293956195237197e-05}, 'original_temperature_error_pa': {'fraction': '169139780564487988718638923605545469172967708831255620351131059761235456093552788474421692109759454445454413390960338783068832863737966588033372401312695116825265451837680300747908661387228290370824193351/155227782192000200429501563365759554878856434698166650983456377509842831934148915614417777726857727136991704198076506373311148162555252783512727043045283504912026912379787531226086696119068942515931661507493888', 'approx': 1.089623121428612e-06}, 'added_temperature_error_pa': {'fraction': '270963340653979721022143446932281954781008808610515478687985839527993689367310029962686177966501293569101190988224203551813712697463243157/2552194699098436343897699547469086348562304038275541198500086718622173577333019907112364749878829516537392241712294965343743465276714531906519242985570362720256', 'approx': 1.0616875771652439e-22}, 'machine_residual_bound_m3': {'fraction': '37112675391756998983207532913939/1418839610299346995954968681060100208783047786496', 'approx': 2.6157061814708543e-17}}
PAIR 1 2 status conditional_shared_wet_pressure_enclosure reason None joint {'fraction': '314415169622213266833702736522041077358946467747946651521562799503019214548207107430929263259222703755507671054463499588427396456601254342709414085100296757156435180926446877431100550533597550287588936449096731833837144864539227949008888930325402466189085517704994066147542282327257852242167677/676518410936796855730152450274793497479166388575716567164067251600913548245212515591360475389102253615288767615391424875966447498093143903329273753127311535321962949312362142179312822368560410040140714725386842720810874700946885495435980141344876947763613894368371306195815511862557877580752486400', 'approx': 0.0004647547864762948}
PART 0 {'actual_fluid_error_pa': {'fraction': '1637095956020095/9223372036854775808', 'approx': 0.00017749429920842208}, 'saved_volume_residual_m3': {'fraction': '-1059327/590295810358705651712', 'approx': -1.7945697418321124e-15}, 'report_to_root_bound_pa': {'fraction': '299508245464793146236989150129325146680532806897539799689168946584768738815873931206583554220649/158895285956670296769665818079530535175714192472331630400793584770807332313678807466669219914553753600', 'approx': 1.8849410393865749e-06}, 'retained_report_error_pa': {'fraction': '57005031347731670790084179111863386273223442392856220576623550065689317973446354283460322755403323/317790571913340593539331636159061070351428384944663260801587169541614664627357614933338439829107507200', 'approx': 0.00017937924024780875}, 'original_temperature_error_pa': {'fraction': '257141445148252553539237210813428804805915533448885756068169158629800153539265126276263550384702834925805907182427457519623011532340244164924417999168021486422318731494717246495486865704225791324948553/4854500961848301818907170116861886454261310119001973967487422417056352991416585306919112788944149069192554750381202923947271989975785879104152417552304165360712769555962994901886641066349526695065405095936', 'approx': 5.296969702326489e-05}, 'added_temperature_error_pa': {'fraction': '2444080102474475711542306813763288956163677158729287654051106174252125132017007462939587352471737158223322430513492188427085877876778737/1702737342042423052979695044725878831880285337046200373989837963269019129308702505136051917416996626797716804877559833875417714023607597868412047145845129216', 'approx': 1.4353829226196546e-21}, 'machine_residual_bound_m3': {'fraction': '55032024064332507194067598061976544932572994503603350370023921/2099277970479659114321647340686538497402562945917724813914677769760839900856320', 'approx': 2.6214738990357892e-17}}
PART 1 {'actual_fluid_error_pa': {'fraction': '1637095956020095/9223372036854775808', 'approx': 0.00017749429920842208}, 'saved_volume_residual_m3': {'fraction': '-1059327/590295810358705651712', 'approx': -1.7945697418321124e-15}, 'report_to_root_bound_pa': {'fraction': '299508245464793146236989150129325146680532806897539799689168946584768738815873931206583554220649/158895285956670296769665818079530535175714192472331630400793584770807332313678807466669219914553753600', 'approx': 1.8849410393865749e-06}, 'retained_report_error_pa': {'fraction': '57005031347731670790084179111863386273223442392856220576623550065689317973446354283460322755403323/317790571913340593539331636159061070351428384944663260801587169541614664627357614933338439829107507200', 'approx': 0.00017937924024780875}, 'original_temperature_error_pa': {'fraction': '257142157210064952024540588620583666219551672959346839266755808293452307063230640925710548474652114029900709929921966399469394219174645501083820663472016139605052398866829077134334614483067816210025711/4854500961848300470798452858971070571560332303909251887304684887966010776531053407161181366042131406853636394458229387791174460641726025743630844161312863124682559552869575013985975606904083723583420891136', 'approx': 5.296984370400882e-05}, 'added_temperature_error_pa': {'fraction': '2444086870485386239516122039850436394146881455624176456860043461505247564942423828446155668095402055413348275064077486354971335960883041/1702737342042422580124694695947975474962395777177860605911336886136170120381040364946823023274030045137813354670991576033991523612189018507180740919391420416', 'approx': 1.4353868974023437e-21}, 'machine_residual_bound_m3': {'fraction': '55032024064332507194067598061976544932572994503603350370023921/2099277970479659114321647340686538497402562945917724813914677769760839900856320', 'approx': 2.6214738990357892e-17}}
