{
  "status": "conditional_numerical_event_accepted",
  "numerical_event_accepted": true,
  "clock_distance_upper_s": {
    "fraction": "3345111779673997350207753034861361/361417541474789412527913909135691293598316232704",
    "approx": 9.25553244046771e-15
  },
  "clock_gate": true,
  "endpoint_gates": [
    [
      true,
      true,
      true,
      false
    ],
    [
      true,
      true,
      true,
      false
    ]
  ],
  "conditional_pressure_bounds_pa": [
    {
      "fraction": "503788163668840306909887692074897931112902974069746253979731/210624583126489794443226598200580026482101418529281903020736512",
      "approx": 0.0023918773212065767
    },
    {
      "fraction": "251887889266825470087226471192976651572343127458960669259953/105312291563244897221613299100290013241050709264640951510368256",
      "approx": 0.002391818519261402
    }
  ],
  "conditional_pressure_gates": [
    false,
    false
  ],
  "pressure_strategy": "explicit_shared_source_wet_and_dry_volume",
  "cell_endpoint_gates": [
    [
      [
        true,
        true,
        true,
        false
      ],
      [
        true,
        true,
        true,
        false
      ],
      [
        true,
        true,
        true,
        false
      ]
    ],
    [
      [
        true,
        true,
        true,
        false
      ],
      [
        true,
        true,
        true,
        false
      ],
      [
        true,
        true,
        true,
        false
      ]
    ]
  ],
  "cell_conditional_pressure_gates": [
    [
      false,
      false,
      false
    ],
    [
      false,
      false,
      false
    ]
  ],
  "cell_selected_pressure_bounds_pa": [
    [
      {
        "fraction": "14595017468142641296985297089042208332722632551533317118106881878114419270752489977724786316142635145568075491310431098585524043747514135613135212965173104191048407993456485874052853000420793895541706426793842925561158783007543631127052925321106732554144578652587840234712737/1761692896204525732380973851715775844446101990873356385320867391227842268621989774808881472156153583473873072516988839538561279745045401021205018254960979824521856468701293241452153090341262550093969966519646252202815019320692435222857818757321453797943998225516661621992823193600",
        "approx": 8.284654776997078e-06
      },
      {
        "fraction": "79091818376378022979375008391534328127077715553/6129982157333573397575720393814263704759692148342784",
        "approx": 1.2902454908740137e-05
      },
      {
        "fraction": "518506409203961518513142803960203892972081354092617814826205852970268464358139947009822674913343313899499532078100959994973863966020752266035630013686777015672039117854550451495597750667548994295576687620985881470534973207503283514479242513054723856328724448751456128169229804461158050978121437/28724529061257848152398678019015860506813753227094637162532916634174493852425544817092575225721362675161635432143303638692846521235177091963389893430368262163000686435717041207871396830383849270854736609983963817121749815069926239359927354076113258981284238104401832997132101215469382006266763673600",
        "approx": 1.805099774127528e-05
      }
    ],
    [
      {
        "fraction": "589538551760426662954563100011913178770951104656276468532841428616025776282177043391020017964042934143945358898331358650574177310309878102154831200509444400655693599819670703784334621392347255191514262861564139737523112650924085537195830766479276701005224023239347761100992787/68816128757952065409907240334072066575222351774150360312692256710106412499925706625814395546819709310304259474194182155615992907617726128707903918414655500883809079734603597755933299597524607973088458388337494027815195330854287115830275945352141202263744805279170058793583745433600",
        "approx": 8.566865971697114e-06
      },
      {
        "fraction": "39365681750821483506824899155772306238385403019/3064991078666786698787860196907131852379846074171392",
        "approx": 1.2843652963565823e-05
      },
      {
        "fraction": "2080492237849405226977721568769640531654932573658607298621856945733819700103046306602497775568387817281823575268859268415723196968358804234253190104605855222868641166093936545832180175393826202331757563848259373780600774457790794425075676124492498904100148106799930515905430007493365693812129778521/116743839584442411611195381640657110456216698462374533485378648600090482629755867798830770746098796984928538074118129451845471835308592568964893825909442887765806160269209100156999766070422341898852444592106830143624452956341249106291302690800055123003063604197718214247904985478505220715971205922816000",
        "approx": 1.7821002335155826e-05
      }
    ]
  ],
  "cell_selected_pressure_gates": [
    [
      true,
      true,
      true
    ],
    [
      true,
      true,
      true
    ]
  ],
  "dry_pairs": [
    {
      "bound_pa": {
        "fraction": "79091818376378022979375008391534328127077715553/6129982157333573397575720393814263704759692148342784",
        "approx": 1.2902454908740137e-05
      },
      "status": "conditional_shared_dry_pressure_enclosure"
    },
    {
      "bound_pa": {
        "fraction": "39365681750821483506824899155772306238385403019/3064991078666786698787860196907131852379846074171392",
        "approx": 1.2843652963565823e-05
      },
      "status": "conditional_shared_dry_pressure_enclosure"
    }
  ],
  "input": {
    "path": "/private/tmp/brick-source-dynamic-continuation-v1/native02/parent/events/000111.json",
    "sha256": "4b3203fe7c9285fcea431b9587275f6536554831dbd389efaead396393169103",
    "bytes": 2201693,
    "study_sha256": "78aec3da52f175487dd9fa2a9a6d9cda943f9bb961afeb4ef4ed1b35428ba77d"
  },
  "elapsed_seconds": 0.017578208004124463,
  "eos_calls": 0,
  "full_study_decodes": 0
}
PAIR 0 0 status conditional_shared_wet_pressure_enclosure reason None joint {'fraction': '14595017468142641296985297089042208332722632551533317118106881878114419270752489977724786316142635145568075491310431098585524043747514135613135212965173104191048407993456485874052853000420793895541706426793842925561158783007543631127052925321106732554144578652587840234712737/1761692896204525732380973851715775844446101990873356385320867391227842268621989774808881472156153583473873072516988839538561279745045401021205018254960979824521856468701293241452153090341262550093969966519646252202815019320692435222857818757321453797943998225516661621992823193600', 'approx': 8.284654776997078e-06}
PART 0 {'actual_fluid_error_pa': {'fraction': '7408676613058959/2361183241434822606848', 'approx': 3.137696593406669e-06}, 'saved_volume_residual_m3': {'fraction': '-1695/295147905179352825856', 'approx': -5.742883382384156e-18}, 'report_to_root_bound_pa': {'fraction': '27686035194828745004704873755861950132953667201929000511655301/848695342664111127682229915925980706095884789719241537743602420023296', 'approx': 3.26218771366418e-08}, 'retained_report_error_pa': {'fraction': '1444523408993418268878740621148482699784451657276480031150691548559981515/455639842626233850788107221156864586176101626503497428316690253403313984765952', 'approx': 3.1703184705433583e-06}, 'original_temperature_error_pa': {'fraction': '1876430025276446468116278774253784512302970512159350709207520170631989628260320571838373956338371734296926799204843324143364803999285428984030326561816813723922490764998831579061302462782666586181000863/1986915612058155608073692042505047328381618241640876764399819449648399747626857962536577158444093155346832218877511015488545262968369514588400976714235369545558920994140864824289445129412765862482702839578624', 'approx': 9.443934175607678e-07}, 'added_temperature_error_pa': {'fraction': '548614479383095898469198480559032068194961592411569703545691402653629374478912398672770926587964925281924479382983335956282379958443133/32668092148469078112393397968465014656749323971846997613961110445313408940640810157204500267673014397602942886127542892612578063176832158141537079857447436288', 'approx': 1.6793587972317678e-23}, 'machine_residual_bound_m3': {'fraction': '7422535078473370659628412014765/283767922064544835349116787592803005491857850368', 'approx': 2.61570618147074e-17}}
PART 1 {'actual_fluid_error_pa': {'fraction': '7408676613058959/2361183241434822606848', 'approx': 3.137696593406669e-06}, 'saved_volume_residual_m3': {'fraction': '-1695/295147905179352825856', 'approx': -5.742883382384156e-18}, 'report_to_root_bound_pa': {'fraction': '27686035194828745004704873755861950132953667201929000511655301/848695342664111127682229915925980706095884789719241537743602420023296', 'approx': 3.26218771366418e-08}, 'retained_report_error_pa': {'fraction': '1444523408993418268878740621148482699784451657276480031150691548559981515/455639842626233850788107221156864586176101626503497428316690253403313984765952', 'approx': 3.1703184705433583e-06}, 'original_temperature_error_pa': {'fraction': '146573327004419433778358048322871074615324613943987599108836360808184254635036958492074718863727973279444546551626327612394991591604357538251119322856207049825671268173623748546863621445502779542997176375/155227782192043450518503683618902200450934220062118909571591910438571367706206045065616152359388287482889015775162165373577313938495109976525884761325712701568416913582677817474397779455135209578396938894573568', 'approx': 9.442467381456435e-07}, 'added_temperature_error_pa': {'fraction': '85707698558203561375959135482518286262093060769753175679984605342752838472964865114139001250321210659073213235804033682726369656236222973/5104389398198294890011110910433054174538981442624037920736810239038408065013956887345276113938450696046060516632932709269334404524180800439921477413776058744832', 'approx': 1.6790979659282256e-23}, 'machine_residual_bound_m3': {'fraction': '7422535078473370659628412014765/283767922064544835349116787592803005491857850368', 'approx': 2.61570618147074e-17}}
PAIR 0 2 status conditional_shared_wet_pressure_enclosure reason None joint {'fraction': '518506409203961518513142803960203892972081354092617814826205852970268464358139947009822674913343313899499532078100959994973863966020752266035630013686777015672039117854550451495597750667548994295576687620985881470534973207503283514479242513054723856328724448751456128169229804461158050978121437/28724529061257848152398678019015860506813753227094637162532916634174493852425544817092575225721362675161635432143303638692846521235177091963389893430368262163000686435717041207871396830383849270854736609983963817121749815069926239359927354076113258981284238104401832997132101215469382006266763673600', 'approx': 1.805099774127528e-05}
PART 0 {'actual_fluid_error_pa': {'fraction': '3080221483161907/590295810358705651712', 'approx': 5.218098162157285e-06}, 'saved_volume_residual_m3': {'fraction': '-8077/295147905179352825856', 'approx': -2.7365940459891935e-17}, 'report_to_root_bound_pa': {'fraction': '19691165909945643106231800148493412659216786119571326485694407257511507782444854206435346133/354676977670648784895392501201645046626788531543081166529643854946457051443444460014845232467148800', 'approx': 5.5518590575762596e-08}, 'retained_report_error_pa': {'fraction': '61290265026648625095600866820046677335762579601526216727111062698363931781271289960057846034375569/11622055204311819383452221479375504887866606601603683664843369838885504661698788065766448577483531878400', 'approx': 5.273616752733178e-06}, 'original_temperature_error_pa': {'fraction': '2008546310949866498477598870345381318998350548674494330056438648772017340946428942977928978897398136651742044413114694272654995077502275724943362238847809773405548171304816310490376570689556508478297/539388995857018766506555540915842914099701481520609732011891355436488009200353016835294155459084341463603366422122385083940905716233707444072390067172818522372438354282353552818814272150729015551709937664', 'approx': 3.7237435809355887e-06}, 'added_temperature_error_pa': {'fraction': '1178926502655414171484483419223450067040612407351382577881263057367572325469183276951075078440429206778037685145772873208238995222090005/5108212027037336836749775646535213219773446819111132265457525460830379415305868031155811607850843261416227339343318014940182199262586160321504098405599674368', 'approx': 2.3079044025883327e-22}, 'machine_residual_bound_m3': {'fraction': '13783333606857890262752619814142572730074422414449228781630211/524819492729021759484424700758724316438687623280272077050742798278390269870080', 'approx': 2.6262998607741483e-17}}
PART 1 {'actual_fluid_error_pa': {'fraction': '3080221483161907/590295810358705651712', 'approx': 5.218098162157285e-06}, 'saved_volume_residual_m3': {'fraction': '-8077/295147905179352825856', 'approx': -2.7365940459891935e-17}, 'report_to_root_bound_pa': {'fraction': '19691165909945643106231800148493412659216786119571326485694407257511507782444854206435346133/354676977670648784895392501201645046626788531543081166529643854946457051443444460014845232467148800', 'approx': 5.5518590575762596e-08}, 'retained_report_error_pa': {'fraction': '61290265026648625095600866820046677335762579601526216727111062698363931781271289960057846034375569/11622055204311819383452221479375504887866606601603683664843369838885504661698788065766448577483531878400', 'approx': 5.273616752733178e-06}, 'original_temperature_error_pa': {'fraction': '8227329756892860104603292212099117068501575813043078084420514778787808581639033232081886934864292203568613847564896691590694017293671108138782631500006639084149494593816128482900388306882702089742596737/2209337327030348254071595256120966541909287764289169959149420368542424942298126786319356810320686858737258144819676636994952801578392112742841823772555055110885590916793573572376635122442469925803306562617344', 'approx': 3.723890261679287e-06}, 'added_temperature_error_pa': {'fraction': '301817072987338994572974358621814181813648745148425690180261043523936167918691797457753206092963410656634626490539802981620225540713827205/1307702278921557867055302280097722449937415950022836851932109086677119066731240166264487845737660960483664922165524091205235822342586222924604998808695008657408', 'approx': 2.3079953124823102e-22}, 'machine_residual_bound_m3': {'fraction': '13783333606857890262752619814142572730074422414449228781630211/524819492729021759484424700758724316438687623280272077050742798278390269870080', 'approx': 2.6262998607741483e-17}}
PAIR 1 0 status conditional_shared_wet_pressure_enclosure reason None joint {'fraction': '589538551760426662954563100011913178770951104656276468532841428616025776282177043391020017964042934143945358898331358650574177310309878102154831200509444400655693599819670703784334621392347255191514262861564139737523112650924085537195830766479276701005224023239347761100992787/68816128757952065409907240334072066575222351774150360312692256710106412499925706625814395546819709310304259474194182155615992907617726128707903918414655500883809079734603597755933299597524607973088458388337494027815195330854287115830275945352141202263744805279170058793583745433600', 'approx': 8.566865971697114e-06}
PART 0 {'actual_fluid_error_pa': {'fraction': '7408676613058959/2361183241434822606848', 'approx': 3.137696593406669e-06}, 'saved_volume_residual_m3': {'fraction': '-1695/295147905179352825856', 'approx': -5.742883382384156e-18}, 'report_to_root_bound_pa': {'fraction': '27686035194828745004704873755861950132953667201929000511655301/848695342664111127682229915925980706095884789719241537743602420023296', 'approx': 3.26218771366418e-08}, 'retained_report_error_pa': {'fraction': '1444523408993418268878740621148482699784451657276480031150691548559981515/455639842626233850788107221156864586176101626503497428316690253403313984765952', 'approx': 3.1703184705433583e-06}, 'original_temperature_error_pa': {'fraction': '2632806322753180673861091502253643285260304722919671742133788219332818480540980338462399081574957272166116949577075602287024487355660566557285650287458265841566346557782492631697077673772229779991835917/2425434096750022302634860974836743391016090158216333741841834388580825300756607510787220001110454012399915933569392506051391808497801755158340951130187642731354812756995910652288042402592251614523384594956288', 'approx': 1.0854990149107858e-06}, 'added_temperature_error_pa': {'fraction': '6158058230211892165266093840776110070301138171395748766401695777897108858541277864781510220433614888811084747062714126560976343785532773/319024337387307064594087761630569450896907112267277211729560182141385307217849798961799084938475993250131721018364163076036438976919534810765467207022252392448', 'approx': 1.9302785112396573e-23}, 'machine_residual_bound_m3': {'fraction': '7422535078473370659628412014765/283767922064544835349116787592803005491857850368', 'approx': 2.61570618147074e-17}}
PART 1 {'actual_fluid_error_pa': {'fraction': '7408676613058959/2361183241434822606848', 'approx': 3.137696593406669e-06}, 'saved_volume_residual_m3': {'fraction': '-1695/295147905179352825856', 'approx': -5.742883382384156e-18}, 'report_to_root_bound_pa': {'fraction': '27686035194828745004704873755861950132953667201929000511655301/848695342664111127682229915925980706095884789719241537743602420023296', 'approx': 3.26218771366418e-08}, 'retained_report_error_pa': {'fraction': '1444523408993418268878740621148482699784451657276480031150691548559981515/455639842626233850788107221156864586176101626503497428316690253403313984765952', 'approx': 3.1703184705433583e-06}, 'original_temperature_error_pa': {'fraction': '1347814687487204326538843191430538865429961408314737502954637310891988838692548510429875588591863367519857572733475272563586315409401937403498585018692898359249463242805987378245564985141086873496034611447/1241822257536011768051020761454770396224723575318489162070879026410183036216439930762829038851461387062768473864878634291996008779663616950612362771579597314510004052594530814551027580004966011262409251189948416', 'approx': 1.0853523354956608e-06}, 'added_temperature_error_pa': {'fraction': '394062471351940412322243101817714264032424987397062843982967821167557146584669483894620966351118652239402209425779355936904489129933213565/20417557592787657873820186655021897180947905024731862755341429988156640713153429339974486766751516239667924086881159501210169345130120416517683131857166445576192', 'approx': 1.9300176799361148e-23}, 'machine_residual_bound_m3': {'fraction': '7422535078473370659628412014765/283767922064544835349116787592803005491857850368', 'approx': 2.61570618147074e-17}}
PAIR 1 2 status conditional_shared_wet_pressure_enclosure reason None joint {'fraction': '2080492237849405226977721568769640531654932573658607298621856945733819700103046306602497775568387817281823575268859268415723196968358804234253190104605855222868641166093936545832180175393826202331757563848259373780600774457790794425075676124492498904100148106799930515905430007493365693812129778521/116743839584442411611195381640657110456216698462374533485378648600090482629755867798830770746098796984928538074118129451845471835308592568964893825909442887765806160269209100156999766070422341898852444592106830143624452956341249106291302690800055123003063604197718214247904985478505220715971205922816000', 'approx': 1.7821002335155826e-05}
PART 0 {'actual_fluid_error_pa': {'fraction': '3080221483161907/590295810358705651712', 'approx': 5.218098162157285e-06}, 'saved_volume_residual_m3': {'fraction': '-8077/295147905179352825856', 'approx': -2.7365940459891935e-17}, 'report_to_root_bound_pa': {'fraction': '19691165909945643106231800148493412659216786119571326485694407257511507782444854206435346133/354676977670648784895392501201645046626788531543081166529643854946457051443444460014845232467148800', 'approx': 5.5518590575762596e-08}, 'retained_report_error_pa': {'fraction': '61290265026648625095600866820046677335762579601526216727111062698363931781271289960057846034375569/11622055204311819383452221479375504887866606601603683664843369838885504661698788065766448577483531878400', 'approx': 5.273616752733178e-06}, 'original_temperature_error_pa': {'fraction': '7972936971759781866532897760284378078107860077017588903153548951088814265979019982785535436651928183553275498628964353019522779620842152554330798032814377568921016453818161200600155894834516714634059837/2209337327030829882387745124614082216028452566317184270239839172738894964632629667841277040796653797870492210666879536406793943970795676198072966841489428973146709868384196609892300529407723159516454380896256', 'approx': 3.608745877875862e-06}, 'added_temperature_error_pa': {'fraction': '292484751558223815679383755295462301172808910604812181622528043787853709962482042447338864108735508035307234862548597750809381855150141309/1307702278921842941877927446407803925544113229650821306851799315702269555350514621516977582583595600743130651440257300346326960541397727810765360827697874337792', 'approx': 2.236631045709944e-22}, 'machine_residual_bound_m3': {'fraction': '13783333606857890262752619814142572730074422414449228781630211/524819492729021759484424700758724316438687623280272077050742798278390269870080', 'approx': 2.6262998607741483e-17}}
PART 1 {'actual_fluid_error_pa': {'fraction': '3080221483161907/590295810358705651712', 'approx': 5.218098162157285e-06}, 'saved_volume_residual_m3': {'fraction': '-8077/295147905179352825856', 'approx': -2.7365940459891935e-17}, 'report_to_root_bound_pa': {'fraction': '19691165909945643106231800148493412659216786119571326485694407257511507782444854206435346133/354676977670648784895392501201645046626788531543081166529643854946457051443444460014845232467148800', 'approx': 5.5518590575762596e-08}, 'retained_report_error_pa': {'fraction': '61290265026648625095600866820046677335762579601526216727111062698363931781271289960057846034375569/11622055204311819383452221479375504887866606601603683664843369838885504661698788065766448577483531878400', 'approx': 5.273616752733178e-06}, 'original_temperature_error_pa': {'fraction': '14351869870203580905981568509268774767232084772652940736746334384256210217289137522433055681835926408535171412950720877517653460728600727151837643287900294569508377113166962647487166585023123538603514617/3976807188655492683927279988139242295353076360144257567549097529533445822792522368822861620359438459240498180076804349722990624638353948934897598124716987051234550881246270930051427103017730891073357611008000', 'approx': 3.6088925586195603e-06}, 'added_temperature_error_pa': {'fraction': '58499327973155367405708087302806311209473649464770305181552848018012166056921508760656464828763113812797480151876100948851481468533113833/261540455784368515745057431861809824469302419774456826287632531524769911975720699115784206920856731646275244858932614753540843979503403663755784367357558784000', 'approx': 2.2367219556039215e-22}, 'machine_residual_bound_m3': {'fraction': '13783333606857890262752619814142572730074422414449228781630211/524819492729021759484424700758724316438687623280272077050742798278390269870080', 'approx': 2.6262998607741483e-17}}
