{
  "schema": "source_wet_native_storage_example_v1",
  "seconds": 5.372028957994189,
  "model_identity": "b38f216af2398491de42e8b8af92a714e25dd06de6711f79c8623dd8cc64dfeb",
  "temperature_k": 331.25,
  "dry_mass_kg_exact_binary64": {
    "numerator": 3602879701896397,
    "denominator": 18014398509481984
  },
  "initial_liquid_water_mol": 0.25,
  "initial_gas_mol": [
    0.125,
    0.25,
    0.00390625
  ],
  "total_internal_energy_j": -66683.25064047937,
  "solid_internal_energy_j_exact": {
    "numerator": 2080755149876267056474893,
    "denominator": 360287970189639680000
  },
  "fluid_internal_energy_j": -72458.50633047937,
  "pressure_pa": 1048366.2303916845,
  "pressure_error_pa": 0.0013773563250684992,
  "closed_heat_capacity_j_k": 351.8252909040792,
  "minimum_heat_capacity_j_k": 318.625425,
  "numerical_energy_error_j": 7.4873681826009e-08,
  "inverse_temperature_k": 331.25,
  "inverse_iterations": 5,
  "inverse_temperature_bound_k": 2.349896648266817e-10,
  "phase_transfer_mol": 0.0009765625,
  "phase_shift_temperature_k": 331.13927133381367,
  "phase_shift_pressure_pa": 1050697.7215278768,
  "phase_shift_iterations": 29,
  "phase_shift_energy_residual_j_exact": {
    "numerator": 530647,
    "denominator": 68719476736
  },
  "phase_shift_temperature_bound_k": 2.4454682928812732e-08,
  "water_inventory_change_mol_exact": {
    "numerator": 0,
    "denominator": 1
  },
  "material_qualified": false,
  "fit_error": null,
  "total_enthalpy_j": null,
  "solid_volume_m3": null
}

Supervisor: exit=0, elapsed=5.601565s, hard_limit=40s
