FFFFF.                                                                   [100%]
=================================== FAILURES ===================================
_____ test_nonbinary_eos_inputs_rejected_before_closure[liquid_mol-value0] _____

monkeypatch = <_pytest.monkeypatch.MonkeyPatch object at 0x10a8f5c70>
field = 'liquid_mol', value = Fraction(1, 5)

    @pytest.mark.parametrize('field,value', [
        ('liquid_mol', F(1, 5)),
        ('gas_amounts', (F(1, 5), .2, .001)),
        ('temperature_k', F(9151, 30)),
        ('nominal_available_m3', F(989, 1000000)),
    ])
    def test_nonbinary_eos_inputs_rejected_before_closure(monkeypatch, field, value):
        st, state, _ = setup(monkeypatch)
        def forbidden(*args, **kwargs):
            pytest.fail('lossy input reached fluid closure')
        monkeypatch.setattr(module.RigidStorage, 'evaluate_at_temperature', forbidden)
        with pytest.raises(ValueError, match='wet_fluid_input_not_exact_binary64'):
>           module.evaluate_wet_fluid(**dict(arguments(st, state), **{field: value}))

tests/sandbox/test_mass_wet_fluid_kernel.py:128: 
_ _ _ _ _ _ _ _ _ _ _ _ _ _ _ _ _ _ _ _ _ _ _ _ _ _ _ _ _ _ _ _ _ _ _ _ _ _ _ _ 
src/sludge_sandbox/mass_wet_storage.py:67: in evaluate_wet_fluid
    out=fluid.evaluate_at_temperature(t,liquid_mol,dict(zip(gas_ids,gas_amounts)))
        ^^^^^^^^^^^^^^^^^^^^^^^^^^^^^^^^^^^^^^^^^^^^^^^^^^^^^^^^^^^^^^^^^^^^^^^^^^
_ _ _ _ _ _ _ _ _ _ _ _ _ _ _ _ _ _ _ _ _ _ _ _ _ _ _ _ _ _ _ _ _ _ _ _ _ _ _ _ 

args = (RigidStorage(mechanical=RigidWaterGas(water=WaterProperties(reference=WaterReference(molar_mass_kg_mol=0.018015267999...ids=('manufactured-envelope',)), allow_manufactured=True), 305.0, Fraction(1, 5), {'H2O': 0.001, 'N2': 0.2, 'O2': 0.2})
kwargs = {}

    def forbidden(*args, **kwargs):
>       pytest.fail('lossy input reached fluid closure')
E       Failed: lossy input reached fluid closure

tests/sandbox/test_mass_wet_fluid_kernel.py:125: Failed
____ test_nonbinary_eos_inputs_rejected_before_closure[gas_amounts-value1] _____

monkeypatch = <_pytest.monkeypatch.MonkeyPatch object at 0x10c0040b0>
field = 'gas_amounts', value = (Fraction(1, 5), 0.2, 0.001)

    @pytest.mark.parametrize('field,value', [
        ('liquid_mol', F(1, 5)),
        ('gas_amounts', (F(1, 5), .2, .001)),
        ('temperature_k', F(9151, 30)),
        ('nominal_available_m3', F(989, 1000000)),
    ])
    def test_nonbinary_eos_inputs_rejected_before_closure(monkeypatch, field, value):
        st, state, _ = setup(monkeypatch)
        def forbidden(*args, **kwargs):
            pytest.fail('lossy input reached fluid closure')
        monkeypatch.setattr(module.RigidStorage, 'evaluate_at_temperature', forbidden)
        with pytest.raises(ValueError, match='wet_fluid_input_not_exact_binary64'):
>           module.evaluate_wet_fluid(**dict(arguments(st, state), **{field: value}))

tests/sandbox/test_mass_wet_fluid_kernel.py:128: 
_ _ _ _ _ _ _ _ _ _ _ _ _ _ _ _ _ _ _ _ _ _ _ _ _ _ _ _ _ _ _ _ _ _ _ _ _ _ _ _ 
src/sludge_sandbox/mass_wet_storage.py:67: in evaluate_wet_fluid
    out=fluid.evaluate_at_temperature(t,liquid_mol,dict(zip(gas_ids,gas_amounts)))
        ^^^^^^^^^^^^^^^^^^^^^^^^^^^^^^^^^^^^^^^^^^^^^^^^^^^^^^^^^^^^^^^^^^^^^^^^^^
_ _ _ _ _ _ _ _ _ _ _ _ _ _ _ _ _ _ _ _ _ _ _ _ _ _ _ _ _ _ _ _ _ _ _ _ _ _ _ _ 

args = (RigidStorage(mechanical=RigidWaterGas(water=WaterProperties(reference=WaterReference(molar_mass_kg_mol=0.018015267999...ids=('manufactured-envelope',)), allow_manufactured=True), 305.0, 0.2, {'H2O': 0.001, 'N2': 0.2, 'O2': Fraction(1, 5)})
kwargs = {}

    def forbidden(*args, **kwargs):
>       pytest.fail('lossy input reached fluid closure')
E       Failed: lossy input reached fluid closure

tests/sandbox/test_mass_wet_fluid_kernel.py:125: Failed
___ test_nonbinary_eos_inputs_rejected_before_closure[temperature_k-value2] ____

monkeypatch = <_pytest.monkeypatch.MonkeyPatch object at 0x10db70a10>
field = 'temperature_k', value = Fraction(9151, 30)

    @pytest.mark.parametrize('field,value', [
        ('liquid_mol', F(1, 5)),
        ('gas_amounts', (F(1, 5), .2, .001)),
        ('temperature_k', F(9151, 30)),
        ('nominal_available_m3', F(989, 1000000)),
    ])
    def test_nonbinary_eos_inputs_rejected_before_closure(monkeypatch, field, value):
        st, state, _ = setup(monkeypatch)
        def forbidden(*args, **kwargs):
            pytest.fail('lossy input reached fluid closure')
        monkeypatch.setattr(module.RigidStorage, 'evaluate_at_temperature', forbidden)
        with pytest.raises(ValueError, match='wet_fluid_input_not_exact_binary64'):
>           module.evaluate_wet_fluid(**dict(arguments(st, state), **{field: value}))

tests/sandbox/test_mass_wet_fluid_kernel.py:128: 
_ _ _ _ _ _ _ _ _ _ _ _ _ _ _ _ _ _ _ _ _ _ _ _ _ _ _ _ _ _ _ _ _ _ _ _ _ _ _ _ 
src/sludge_sandbox/mass_wet_storage.py:67: in evaluate_wet_fluid
    out=fluid.evaluate_at_temperature(t,liquid_mol,dict(zip(gas_ids,gas_amounts)))
        ^^^^^^^^^^^^^^^^^^^^^^^^^^^^^^^^^^^^^^^^^^^^^^^^^^^^^^^^^^^^^^^^^^^^^^^^^^
_ _ _ _ _ _ _ _ _ _ _ _ _ _ _ _ _ _ _ _ _ _ _ _ _ _ _ _ _ _ _ _ _ _ _ _ _ _ _ _ 

args = (RigidStorage(mechanical=RigidWaterGas(water=WaterProperties(reference=WaterReference(molar_mass_kg_mol=0.018015267999...s=('manufactured-envelope',)), allow_manufactured=True), 305.03333333333336, 0.2, {'H2O': 0.001, 'N2': 0.2, 'O2': 0.2})
kwargs = {}

    def forbidden(*args, **kwargs):
>       pytest.fail('lossy input reached fluid closure')
E       Failed: lossy input reached fluid closure

tests/sandbox/test_mass_wet_fluid_kernel.py:125: Failed
_ test_nonbinary_eos_inputs_rejected_before_closure[nominal_available_m3-value3] _

monkeypatch = <_pytest.monkeypatch.MonkeyPatch object at 0x10db707d0>
field = 'nominal_available_m3', value = Fraction(989, 1000000)

    @pytest.mark.parametrize('field,value', [
        ('liquid_mol', F(1, 5)),
        ('gas_amounts', (F(1, 5), .2, .001)),
        ('temperature_k', F(9151, 30)),
        ('nominal_available_m3', F(989, 1000000)),
    ])
    def test_nonbinary_eos_inputs_rejected_before_closure(monkeypatch, field, value):
        st, state, _ = setup(monkeypatch)
        def forbidden(*args, **kwargs):
            pytest.fail('lossy input reached fluid closure')
        monkeypatch.setattr(module.RigidStorage, 'evaluate_at_temperature', forbidden)
        with pytest.raises(ValueError, match='wet_fluid_input_not_exact_binary64'):
>           module.evaluate_wet_fluid(**dict(arguments(st, state), **{field: value}))

tests/sandbox/test_mass_wet_fluid_kernel.py:128: 
_ _ _ _ _ _ _ _ _ _ _ _ _ _ _ _ _ _ _ _ _ _ _ _ _ _ _ _ _ _ _ _ _ _ _ _ _ _ _ _ 
src/sludge_sandbox/mass_wet_storage.py:67: in evaluate_wet_fluid
    out=fluid.evaluate_at_temperature(t,liquid_mol,dict(zip(gas_ids,gas_amounts)))
        ^^^^^^^^^^^^^^^^^^^^^^^^^^^^^^^^^^^^^^^^^^^^^^^^^^^^^^^^^^^^^^^^^^^^^^^^^^
_ _ _ _ _ _ _ _ _ _ _ _ _ _ _ _ _ _ _ _ _ _ _ _ _ _ _ _ _ _ _ _ _ _ _ _ _ _ _ _ 

args = (RigidStorage(mechanical=RigidWaterGas(water=WaterProperties(reference=WaterReference(molar_mass_kg_mol=0.018015267999...e', source_ids=('manufactured-envelope',)), allow_manufactured=True), 305.0, 0.2, {'H2O': 0.001, 'N2': 0.2, 'O2': 0.2})
kwargs = {}

    def forbidden(*args, **kwargs):
>       pytest.fail('lossy input reached fluid closure')
E       Failed: lossy input reached fluid closure

tests/sandbox/test_mass_wet_fluid_kernel.py:125: Failed
________ test_reviewer_fraction_inventory_pressure_underbound_rejected _________

monkeypatch = <_pytest.monkeypatch.MonkeyPatch object at 0x10db719a0>

    def test_reviewer_fraction_inventory_pressure_underbound_rejected(monkeypatch):
        import math
        st, state, _ = setup(monkeypatch)
        gases = list(state.gas_amounts_mol)
        gases[0] = F(gases[0]) + F(math.ulp(gases[0])) * F(49, 100)
        error = F(9938182635383032647, 9903520314283042199192993792000)
>       with pytest.raises(ValueError, match='wet_fluid_input_not_exact_binary64'):
             ^^^^^^^^^^^^^^^^^^^^^^^^^^^^^^^^^^^^^^^^^^^^^^^^^^^^^^^^^^^^^^^^^^^^^
E       Failed: DID NOT RAISE <class 'ValueError'>

tests/sandbox/test_mass_wet_fluid_kernel.py:137: Failed
=========================== short test summary info ============================
FAILED tests/sandbox/test_mass_wet_fluid_kernel.py::test_nonbinary_eos_inputs_rejected_before_closure[liquid_mol-value0]
FAILED tests/sandbox/test_mass_wet_fluid_kernel.py::test_nonbinary_eos_inputs_rejected_before_closure[gas_amounts-value1]
FAILED tests/sandbox/test_mass_wet_fluid_kernel.py::test_nonbinary_eos_inputs_rejected_before_closure[temperature_k-value2]
FAILED tests/sandbox/test_mass_wet_fluid_kernel.py::test_nonbinary_eos_inputs_rejected_before_closure[nominal_available_m3-value3]
FAILED tests/sandbox/test_mass_wet_fluid_kernel.py::test_reviewer_fraction_inventory_pressure_underbound_rejected
5 failed, 1 passed, 16 deselected in 0.40s
