{
  "elapsed_seconds": 1.1989233329950366,
  "baseline": {
    "t": 331.25,
    "p": 1048366.2303881466,
    "u": -66683.25064047943,
    "fluid_u": -72458.50633047943,
    "closure_residual_m3": 2.3852447794681098e-18
  },
  "local_closed_cp_centered_differences": {
    "0.01": 351.8252909016155,
    "0.005": 351.82529090961907
  },
  "exact_nominal_whole_domain_cmin": "11479690762406127985781/36028797018963968000",
  "independent_phase_inverse": {
    "t": 331.1392713118579,
    "p": 1050697.721459734,
    "u": -66683.25064047941,
    "fluid_u": -72422.52024093547,
    "closure_residual_m3": 1.5178830414797062e-18
  },
  "phase_same_temperature_energy_increase_j": 38.947704198159045,
  "checks": {
    "baseline_energy_within_reported_bound": true,
    "pressure_within_reported_bound": true,
    "solid_exact_matches": true,
    "whole_domain_cmin_downrounded": true,
    "local_closed_cp_difference_below_1e_5": true,
    "phase_inverse_within_reported_bound": true,
    "phase_shift_cools": true,
    "phase_shift_same_temperature_requires_energy": true,
    "water_inventory_exact_zero": true,
    "dry_mass_unchanged": true,
    "chemical_rates_exact_zero": true,
    "no_physical_fit_bound_or_total_h_or_solid_volume": true,
    "reviewed_files_unchanged": true
  },
  "hashes": {
    "src/sludge_sandbox/source_wet_storage.py": "e0184e4d6ba0a5bb8a1891d84806e3e8be45f7d62a633d152d98746249f17547",
    "src/sludge_sandbox/mass_wet_storage.py": "0b5fb71b38620cbdd03601dd4a4ee246149b0b7521ff3ea5a59cbf3a59e4068f",
    "src/sludge_sandbox/rigid_storage.py": "7dc2b56522a3b7d3a10ec401549418acc78f50cf2eba8a426eb0f0d316dfebbf",
    "src/sludge_sandbox/source_mass_caloric.py": "5c922d6bde3f91b466448532deed400e1c4fc32056bbdbe51f4f6a4f89c588c4",
    "data/sandbox/research/arlabosse2005/source.json": "2f9caf23689092e548b2b3d7abf7c54d58d177569a7850b47c69df15e74295d6"
  },
  "script_sha256": "cdaeb798e3f97a7e5fe046f7ba89a021d993926ed27ba5ba87b465918e781d6f",
  "limits": "Shared primitive water/gas providers; independent pressure root and source polynomial/aggregation. Few points, no EOS-wide certificate, fit uncertainty unknown; manufactured volume; not trajectory or material validation."
}
