.....FF                                                                  [100%]
=================================== FAILURES ===================================
___________ test_malformed_saved_event_is_a_controlled_error[event0] ___________

source_bundle = PosixPath('/private/var/folders/rs/k20kkfj95cq_ph554v_g_g480000gn/T/pytest-of-wanggaoying/pytest-405/test_malformed_saved_event_is_0/source-run')
event = []

    @pytest.mark.parametrize('event', [[], {'event': 'builder_returned'}])
    def test_malformed_saved_event_is_a_controlled_error(source_bundle, event):
        from sludge_sandbox.run_service import _seal
        path=next((source_bundle/'events').glob('*.json'))
        path.write_text(json.dumps(event))
        _seal(source_bundle)
        with pytest.raises(ValueError):
>           view.inspect_source_run(source_bundle, capture_index=0, cell_index=0)

/private/tmp/source-view-v1/python-code-review/test_independent_boundaries.py:86: 
_ _ _ _ _ _ _ _ _ _ _ _ _ _ _ _ _ _ _ _ _ _ _ _ _ _ _ _ _ _ _ _ _ _ _ _ _ _ _ _ 
src/sludge_sandbox/source_run_view.py:358: in inspect_source_run
    response['source_trace'] = _source_trace(directory, manifest, observation['cells']) if observation else {
                               ^^^^^^^^^^^^^^^^^^^^^^^^^^^^^^^^^^^^^^^^^^^^^^^^^^^^^^^^
src/sludge_sandbox/source_run_view.py:266: in _source_trace
    graph, binding = _builder(directory, manifest)
                     ^^^^^^^^^^^^^^^^^^^^^^^^^^^^^
_ _ _ _ _ _ _ _ _ _ _ _ _ _ _ _ _ _ _ _ _ _ _ _ _ _ _ _ _ _ _ _ _ _ _ _ _ _ _ _ 

directory = PosixPath('/private/var/folders/rs/k20kkfj95cq_ph554v_g_g480000gn/T/pytest-of-wanggaoying/pytest-405/test_malformed_saved_event_is_0/source-run')
manifest = {'files': {'assets/fixture-source.txt': 'a408ad856dda88713d73cfb4c6849fc570940dab828372fcace6c2ea7d24b0c7', 'case.json...t.json': 'ddf3ee6692eacfbb50ad7ca871388b7d07fd2aa790c25e6428eda7ab0431e890', ...}, 'schema': 'sandbox_run_manifest_v1'}

    def _builder(directory, manifest):
        used = 0
        names = sorted(name for name in manifest['files'] if name.startswith('events/') and name.endswith('.json'))
        for name in names[:256]:
            size = (directory/name).stat().st_size
            used += size
            if size > MAX_RESPONSE_BYTES or used > MAX_BUILDER_SCAN_BYTES:
                return None, {'status': 'unknown', 'reason': 'builder_event_not_found_within_passive_scan_budget'}
            event = json.loads(_read_file(directory, name, manifest['files'][name], MAX_RESPONSE_BYTES))
>           if event.get('event') == 'builder_returned':
               ^^^^^^^^^
E           AttributeError: 'list' object has no attribute 'get'

src/sludge_sandbox/source_run_view.py:258: AttributeError
___________ test_malformed_saved_event_is_a_controlled_error[event1] ___________

source_bundle = PosixPath('/private/var/folders/rs/k20kkfj95cq_ph554v_g_g480000gn/T/pytest-of-wanggaoying/pytest-405/test_malformed_saved_event_is_1/source-run')
event = {'event': 'builder_returned'}

    @pytest.mark.parametrize('event', [[], {'event': 'builder_returned'}])
    def test_malformed_saved_event_is_a_controlled_error(source_bundle, event):
        from sludge_sandbox.run_service import _seal
        path=next((source_bundle/'events').glob('*.json'))
        path.write_text(json.dumps(event))
        _seal(source_bundle)
        with pytest.raises(ValueError):
>           view.inspect_source_run(source_bundle, capture_index=0, cell_index=0)

/private/tmp/source-view-v1/python-code-review/test_independent_boundaries.py:86: 
_ _ _ _ _ _ _ _ _ _ _ _ _ _ _ _ _ _ _ _ _ _ _ _ _ _ _ _ _ _ _ _ _ _ _ _ _ _ _ _ 
src/sludge_sandbox/source_run_view.py:358: in inspect_source_run
    response['source_trace'] = _source_trace(directory, manifest, observation['cells']) if observation else {
                               ^^^^^^^^^^^^^^^^^^^^^^^^^^^^^^^^^^^^^^^^^^^^^^^^^^^^^^^^
src/sludge_sandbox/source_run_view.py:266: in _source_trace
    graph, binding = _builder(directory, manifest)
                     ^^^^^^^^^^^^^^^^^^^^^^^^^^^^^
_ _ _ _ _ _ _ _ _ _ _ _ _ _ _ _ _ _ _ _ _ _ _ _ _ _ _ _ _ _ _ _ _ _ _ _ _ _ _ _ 

directory = PosixPath('/private/var/folders/rs/k20kkfj95cq_ph554v_g_g480000gn/T/pytest-of-wanggaoying/pytest-405/test_malformed_saved_event_is_1/source-run')
manifest = {'files': {'assets/fixture-source.txt': 'a408ad856dda88713d73cfb4c6849fc570940dab828372fcace6c2ea7d24b0c7', 'case.json...t.json': 'ddf3ee6692eacfbb50ad7ca871388b7d07fd2aa790c25e6428eda7ab0431e890', ...}, 'schema': 'sandbox_run_manifest_v1'}

    def _builder(directory, manifest):
        used = 0
        names = sorted(name for name in manifest['files'] if name.startswith('events/') and name.endswith('.json'))
        for name in names[:256]:
            size = (directory/name).stat().st_size
            used += size
            if size > MAX_RESPONSE_BYTES or used > MAX_BUILDER_SCAN_BYTES:
                return None, {'status': 'unknown', 'reason': 'builder_event_not_found_within_passive_scan_budget'}
            event = json.loads(_read_file(directory, name, manifest['files'][name], MAX_RESPONSE_BYTES))
            if event.get('event') == 'builder_returned':
>               return event['payload'], {'status': 'recorded_hash_bound', 'artifact': name,
                       ^^^^^^^^^^^^^^^^
                    'sha256': manifest['files'][name], 'ordinal': event.get('ordinal'),
                    'meaning': 'saved_builder_returned_provenance_not_new_provider_evaluation'}
E               KeyError: 'payload'

src/sludge_sandbox/source_run_view.py:259: KeyError
- generated xml file: /private/tmp/source-view-v1/python-code-review/EVENT_REMAINDER_RED.xml -
=========================== short test summary info ============================
FAILED ../../../../private/tmp/source-view-v1/python-code-review/test_independent_boundaries.py::test_malformed_saved_event_is_a_controlled_error[event0]
FAILED ../../../../private/tmp/source-view-v1/python-code-review/test_independent_boundaries.py::test_malformed_saved_event_is_a_controlled_error[event1]
2 failed, 5 passed in 1.06s
